<area shape="rect" href="$addr__map_8h.html" title="addr_map.h" alt="" coords="747,229,835,256">
<area shape="rect" href="$request__handler_8h.html" title="request_handler.h" alt="" coords="1919,80,2041,107">
<area shape="rect" href="$component_8h.html" title="../kernel/component.h" alt="" coords="3123,677,3269,704">
<area shape="rect" href="$simulator_8h.html" title="simulator.h" alt="" coords="3155,827,3237,853">
<area shape="rect" href="$irisEvent_8h.html" title="../simIris/data_types/impl/irisEvent.h" alt="" coords="3832,603,4067,629">
<area shape="rect" href="$request_8h.html" title="request.h" alt="" coords="1715,603,1789,629">
<area shape="rect" href="$mc__constants_8h.html" title="../util/mc_constants.h" alt="" coords="1264,677,1411,704">
<area shape="rect" href="$bank__handler_8h.html" title="bank_handler.h" alt="" coords="1371,304,1477,331">
<area shape="rect" href="$link_8h.html" title="link.h" alt="" coords="2920,752,2971,779">
<area shape="rect" href="$simIrisComponentHeader_8h.html" title="../../../util/simIrisComponentHeader.h" alt="" coords="5435,677,5669,704">
<area shape="rect" href="$host_8h.html" title="../zesto/host.h" alt="" coords="1688,752,1792,779">
<area shape="rect" href="$machine_8h.html" title="../zesto/machine.h" alt="" coords="2145,677,2273,704">
<area shape="rect" href="$zesto-cache_8h.html" title="../zesto/zesto&#45;cache.h" alt="" coords="1688,677,1840,704">
<area shape="rect" href="$misc_8h.html" title="misc.h" alt="" coords="2053,752,2112,779">
<area shape="rect" href="$zesto-structs_8h.html" title="zesto&#45;structs.h" alt="" coords="2251,752,2357,779">
<area shape="rect" href="$bus__handler_8h.html" title="bus_handler.h" alt="" coords="2304,379,2405,405">
<area shape="rect" href="$cmd__issuer_8h.html" title="cmd_issuer.h" alt="" coords="2803,453,2901,480">
<area shape="rect" href="$genericEvents_8h.html" title="../simIris/components/impl/genericEvents.h" alt="" coords="2472,603,2744,629">
<area shape="rect" href="$data__bus__handler_8h.html" title="data_bus_handler.h" alt="" coords="3016,528,3149,555">
<area shape="rect" href="$cmd__bus__handler_8h.html" title="cmd_bus_handler.h" alt="" coords="2171,528,2304,555">
<area shape="rect" href="$channel__handler_8h.html" title="channel_handler.h" alt="" coords="1917,155,2043,181">
<area shape="rect" href="$NI_8h.html" title="NI.h" alt="" coords="4060,304,4105,331">
<area shape="rect" href="$rank__handler_8h.html" title="rank_handler.h" alt="" coords="1473,229,1577,256">
<area shape="rect" href="$processor_8h.html" title="../simIris/components/interfaces/processor.h" alt="" coords="4120,379,4400,405">
<area shape="rect" href="$highLevelPacket_8h.html" title="../simIris/data_types/impl/highLevelPacket.h" alt="" coords="4776,453,5056,480">
<area shape="rect" href="$genericData_8h.html" title="../util/genericData.h" alt="" coords="5536,528,5669,555">
<area shape="rect" href="$mshr_8h.html" title="mshr.h" alt="" coords="4323,528,4381,555">
<area shape="rect" href="$networkComponent_8h.html" title="networkComponent.h" alt="" coords="4405,528,4549,555">
<area shape="rect" href="$interface_8h.html" title="interface.h" alt="" coords="4219,453,4301,480">
<area shape="rect" href="$lowLevelPacket_8h.html" title="lowLevelPacket.h" alt="" coords="5032,528,5155,555">
<area shape="rect" href="$flit_8h.html" title="../../data_types/impl/flit.h" alt="" coords="5232,603,5397,629">
