<area shape="rect" href="$genericArbiter_8h.html" title="genericArbiter.h" alt="" coords="1416,80,1528,107">
<area shape="rect" href="$genericVcArbiter_8h.html" title="genericVcArbiter.h" alt="" coords="1615,80,1743,107">
<area shape="rect" href="$genericVcArbiterNoFlits_8h.html" title="genericVcArbiterNoFlits.h" alt="" coords="1853,80,2021,107">
<area shape="rect" href="$genericInterfaceVcs_8h.html" title="genericInterfaceVcs.h" alt="" coords="1233,155,1380,181">
<area shape="rect" href="$genericArbiter_8cc.html" title="genericArbiter.cc" alt="" coords="1413,155,1531,181">
<area shape="rect" href="$mesh_8h.html" title="mesh.h" alt="" coords="292,229,356,256">
<area shape="rect" href="$zesto-uncore_8h.html" title="zesto&#45;uncore.h" alt="" coords="1251,229,1357,256">
<area shape="rect" href="$genericInterfaceVcs_8cc.html" title="genericInterfaceVcs.cc" alt="" coords="1381,229,1536,256">
<area shape="rect" href="$manifold__fullsim_8cc.html" title="manifold_fullsim.cc" alt="" coords="413,304,547,331">
<area shape="rect" href="$manifold__simiris_8cc.html" title="manifold_simiris.cc" alt="" coords="5,304,139,331">
<area shape="rect" href="$mesh_8cc.html" title="mesh.cc" alt="" coords="163,304,235,331">
<area shape="rect" href="$genericTPGVcs_8cc.html" title="genericTPGVcs.cc" alt="" coords="259,304,389,331">
<area shape="rect" href="$config_2zesto-cache_8cpp.html" title="zesto&#45;cache.cpp" alt="" coords="571,304,688,331">
<area shape="rect" href="$config_2zesto-llc_8cpp.html" title="zesto&#45;llc.cpp" alt="" coords="712,304,808,331">
<area shape="rect" href="$sim-zesto_8cpp.html" title="sim&#45;zesto.cpp" alt="" coords="832,304,936,331">
<area shape="rect" href="$zesto-cache_8cpp.html" title="zesto&#45;cache.cpp" alt="" coords="960,304,1077,331">
<area shape="rect" href="$zesto-decode_8cpp.html" title="zesto&#45;decode.cpp" alt="" coords="1101,304,1224,331">
<area shape="rect" href="$zesto-dram_8cpp.html" title="zesto&#45;dram.cpp" alt="" coords="1248,304,1360,331">
<area shape="rect" href="$zesto-exec_8cpp.html" title="zesto&#45;exec.cpp" alt="" coords="1384,304,1493,331">
<area shape="rect" href="$zesto-fetch_8cpp.html" title="zesto&#45;fetch.cpp" alt="" coords="1517,304,1629,331">
<area shape="rect" href="$zesto-llc_8cpp.html" title="zesto&#45;llc.cpp" alt="" coords="1653,304,1749,331">
<area shape="rect" href="$zesto-MC_8cpp.html" title="zesto&#45;MC.cpp" alt="" coords="1773,304,1875,331">
<area shape="rect" href="$zesto-oracle_8cpp.html" title="zesto&#45;oracle.cpp" alt="" coords="1899,304,2016,331">
<area shape="rect" href="$zesto-prefetch_8cpp.html" title="zesto&#45;prefetch.cpp" alt="" coords="2040,304,2168,331">
<area shape="rect" href="$zesto-uncore_8cpp.html" title="zesto&#45;uncore.cpp" alt="" coords="2192,304,2312,331">
<area shape="rect" href="$genericRouterNoVcs_8h.html" title="genericRouterNoVcs.h" alt="" coords="1560,155,1712,181">
<area shape="rect" href="$genericVcArbiter_8cc.html" title="genericVcArbiter.cc" alt="" coords="1736,155,1869,181">
<area shape="rect" href="$genericRouterNoVcs_8cc.html" title="genericRouterNoVcs.cc" alt="" coords="1560,229,1717,256">
<area shape="rect" href="$genericVcArbiterNoFlits_8cc.html" title="genericVcArbiterNoFlits.cc" alt="" coords="1893,155,2069,181">
