<area shape="rect" href="$bank__handler_8h.html" title="bank_handler.h" alt="" coords="3413,304,3520,331">
<area shape="rect" href="$cmd__issuer_8h.html" title="cmd_issuer.h" alt="" coords="2684,453,2783,480">
<area shape="rect" href="$rank__handler_8h.html" title="rank_handler.h" alt="" coords="1221,229,1325,256">
<area shape="rect" href="$request__handler_8h.html" title="request_handler.h" alt="" coords="3201,80,3324,107">
<area shape="rect" href="$response__handler_8h.html" title="response_handler.h" alt="" coords="4459,379,4592,405">
<area shape="rect" href="$component_8h.html" title="../kernel/component.h" alt="" coords="1453,752,1600,779">
<area shape="rect" href="$simulator_8h.html" title="simulator.h" alt="" coords="1485,901,1568,928">
<area shape="rect" href="$irisEvent_8h.html" title="../simIris/data_types/impl/irisEvent.h" alt="" coords="2983,677,3217,704">
<area shape="rect" href="$request_8h.html" title="request.h" alt="" coords="3241,677,3316,704">
<area shape="rect" href="$mc__constants_8h.html" title="../util/mc_constants.h" alt="" coords="1725,752,1872,779">
<area shape="rect" href="$addr__map_8h.html" title="addr_map.h" alt="" coords="3161,603,3249,629">
<area shape="rect" href="$bus__handler_8h.html" title="bus_handler.h" alt="" coords="2771,379,2872,405">
<area shape="rect" href="$link_8h.html" title="link.h" alt="" coords="2229,827,2280,853">
<area shape="rect" href="$simIrisComponentHeader_8h.html" title="../../../util/simIrisComponentHeader.h" alt="" coords="3492,752,3727,779">
<area shape="rect" href="$host_8h.html" title="../zesto/host.h" alt="" coords="3309,827,3413,853">
<area shape="rect" href="$machine_8h.html" title="../zesto/machine.h" alt="" coords="2795,752,2923,779">
<area shape="rect" href="$zesto-cache_8h.html" title="../zesto/zesto&#45;cache.h" alt="" coords="3316,752,3468,779">
<area shape="rect" href="$misc_8h.html" title="misc.h" alt="" coords="3176,827,3235,853">
<area shape="rect" href="$zesto-structs_8h.html" title="zesto&#45;structs.h" alt="" coords="2955,827,3061,853">
<area shape="rect" href="$genericEvents_8h.html" title="../simIris/components/impl/genericEvents.h" alt="" coords="1817,603,2089,629">
<area shape="rect" href="$data__bus__handler_8h.html" title="data_bus_handler.h" alt="" coords="2599,528,2732,555">
<area shape="rect" href="$cmd__bus__handler_8h.html" title="cmd_bus_handler.h" alt="" coords="2428,528,2561,555">
<area shape="rect" href="$dram_8h.html" title="dram.h" alt="" coords="2569,603,2631,629">
<area shape="rect" href="$channel__handler_8h.html" title="channel_handler.h" alt="" coords="2948,155,3073,181">
<area shape="rect" href="$NI_8h.html" title="NI.h" alt="" coords="4201,528,4247,555">
<area shape="rect" href="$processor_8h.html" title="../simIris/components/interfaces/processor.h" alt="" coords="3881,603,4161,629">
<area shape="rect" href="$highLevelPacket_8h.html" title="../simIris/data_types/impl/highLevelPacket.h" alt="" coords="3492,677,3772,704">
<area shape="rect" href="$genericData_8h.html" title="../util/genericData.h" alt="" coords="4785,677,4919,704">
<area shape="rect" href="$mshr_8h.html" title="mshr.h" alt="" coords="4537,603,4596,629">
<area shape="rect" href="$mshr__standalone_8h.html" title="mshr_standalone.h" alt="" coords="4671,603,4801,629">
