<area shape="rect" href="$component_8h.html" title="../kernel/component.h" alt="" coords="1483,453,1629,480">
<area shape="rect" href="$simulator_8h.html" title="simulator.h" alt="" coords="2081,603,2164,629">
<area shape="rect" href="$irisEvent_8h.html" title="../simIris/data_types/impl/irisEvent.h" alt="" coords="2083,379,2317,405">
<area shape="rect" href="$request_8h.html" title="request.h" alt="" coords="1680,379,1755,405">
<area shape="rect" href="$mc__constants_8h.html" title="../util/mc_constants.h" alt="" coords="947,453,1093,480">
<area shape="rect" href="$addr__map_8h.html" title="addr_map.h" alt="" coords="2757,304,2845,331">
<area shape="rect" href="$bus__handler_8h.html" title="bus_handler.h" alt="" coords="2509,80,2611,107">
<area shape="rect" href="$link_8h.html" title="link.h" alt="" coords="1507,528,1557,555">
<area shape="rect" href="$simIrisComponentHeader_8h.html" title="../../../util/simIrisComponentHeader.h" alt="" coords="2083,453,2317,480">
<area shape="rect" href="$host_8h.html" title="../zesto/host.h" alt="" coords="223,677,327,704">
<area shape="rect" href="$machine_8h.html" title="../zesto/machine.h" alt="" coords="392,453,520,480">
<area shape="rect" href="$zesto-cache_8h.html" title="../zesto/zesto&#45;cache.h" alt="" coords="1653,453,1805,480">
<area shape="rect" href="$misc_8h.html" title="misc.h" alt="" coords="140,677,199,704">
<area shape="rect" href="$zesto-structs_8h.html" title="zesto&#45;structs.h" alt="" coords="236,528,343,555">
<area shape="rect" href="$regs_8h.html" title="regs.h" alt="" coords="185,603,241,629">
<area shape="rect" href="$options_8h.html" title="options.h" alt="" coords="265,603,340,629">
<area shape="rect" href="$cmd__issuer_8h.html" title="cmd_issuer.h" alt="" coords="2201,155,2300,181">
<area shape="rect" href="$genericEvents_8h.html" title="../simIris/components/impl/genericEvents.h" alt="" coords="1352,304,1624,331">
<area shape="rect" href="$data__bus__handler_8h.html" title="data_bus_handler.h" alt="" coords="2236,229,2369,256">
<area shape="rect" href="$cmd__bus__handler_8h.html" title="cmd_bus_handler.h" alt="" coords="2024,229,2157,256">
<area shape="rect" href="$dram_8h.html" title="dram.h" alt="" coords="2053,304,2115,331">
