<area shape="rect" href="$genericBuffer_8h.html" title="genericBuffer.h" alt="" coords="1580,155,1687,181">
<area shape="rect" href="$genericInterfaceVcs_8h.html" title="genericInterfaceVcs.h" alt="" coords="1785,229,1932,256">
<area shape="rect" href="$genericInterface_8h.html" title="genericInterface.h" alt="" coords="2297,229,2423,256">
<area shape="rect" href="$interface_8h.html" title="interface.h" alt="" coords="2117,80,2200,107">
<area shape="rect" href="$buffer_8cc.html" title="buffer.cc" alt="" coords="2328,80,2397,107">
<area shape="rect" href="$inputBuffer_8h.html" title="inputBuffer.h" alt="" coords="2421,80,2515,107">
<area shape="rect" href="$outputBuffer_8h.html" title="outputBuffer.h" alt="" coords="2539,80,2640,107">
<area shape="rect" href="$genericRouterVcs_8h.html" title="genericRouterVcs.h" alt="" coords="1571,304,1707,331">
<area shape="rect" href="$genericRouterAdaptive_8h.html" title="genericRouterAdaptive.h" alt="" coords="1493,229,1656,256">
<area shape="rect" href="$genericBuffer_8cc.html" title="genericBuffer.cc" alt="" coords="1304,229,1419,256">
<area shape="rect" href="$genericRouterNoVcs_8h.html" title="genericRouterNoVcs.h" alt="" coords="788,229,940,256">
<area shape="rect" href="$genericRouterVct_8h.html" title="genericRouterVct.h" alt="" coords="1020,229,1151,256">
<area shape="rect" href="$mesh_8h.html" title="mesh.h" alt="" coords="2007,379,2071,405">
<area shape="rect" href="$genericTPGVcs_8cc.html" title="genericTPGVcs.cc" alt="" coords="1973,453,2104,480">
<area shape="rect" href="$genericRouterVcs_8cc.html" title="Implements the GenericRouterVcs class." alt="" coords="1791,379,1932,405">
<area shape="rect" href="$manifold__fullsim_8cc.html" title="manifold_fullsim.cc" alt="" coords="821,453,955,480">
<area shape="rect" href="$manifold__simiris_8cc.html" title="manifold_simiris.cc" alt="" coords="2128,453,2261,480">
<area shape="rect" href="$mesh_8cc.html" title="mesh.cc" alt="" coords="1877,453,1949,480">
<area shape="rect" href="$zesto-uncore_8h.html" title="zesto&#45;uncore.h" alt="" coords="1035,304,1141,331">
<area shape="rect" href="$genericInterfaceVcs_8cc.html" title="genericInterfaceVcs.cc" alt="" coords="1781,304,1936,331">
<area shape="rect" href="$config_2zesto-cache_8cpp.html" title="zesto&#45;cache.cpp" alt="" coords="844,379,961,405">
<area shape="rect" href="$config_2zesto-llc_8cpp.html" title="zesto&#45;llc.cpp" alt="" coords="985,379,1081,405">
<area shape="rect" href="$sim-zesto_8cpp.html" title="sim&#45;zesto.cpp" alt="" coords="1105,379,1209,405">
<area shape="rect" href="$zesto-cache_8cpp.html" title="zesto&#45;cache.cpp" alt="" coords="1233,379,1351,405">
<area shape="rect" href="$zesto-decode_8cpp.html" title="zesto&#45;decode.cpp" alt="" coords="1375,379,1497,405">
<area shape="rect" href="$zesto-dram_8cpp.html" title="zesto&#45;dram.cpp" alt="" coords="1521,379,1633,405">
<area shape="rect" href="$zesto-exec_8cpp.html" title="zesto&#45;exec.cpp" alt="" coords="1657,379,1767,405">
<area shape="rect" href="$zesto-fetch_8cpp.html" title="zesto&#45;fetch.cpp" alt="" coords="25,379,137,405">
<area shape="rect" href="$zesto-llc_8cpp.html" title="zesto&#45;llc.cpp" alt="" coords="161,379,257,405">
<area shape="rect" href="$zesto-MC_8cpp.html" title="zesto&#45;MC.cpp" alt="" coords="281,379,383,405">
<area shape="rect" href="$zesto-oracle_8cpp.html" title="zesto&#45;oracle.cpp" alt="" coords="407,379,524,405">
<area shape="rect" href="$zesto-prefetch_8cpp.html" title="zesto&#45;prefetch.cpp" alt="" coords="548,379,676,405">
<area shape="rect" href="$zesto-uncore_8cpp.html" title="zesto&#45;uncore.cpp" alt="" coords="700,379,820,405">
<area shape="rect" href="$genericTPGVcs_8h.html" title="genericTPGVcs.h" alt="" coords="2061,304,2184,331">
<area shape="rect" href="$genericFlatMc_8h.html" title="genericFlatMc.h" alt="" coords="2208,304,2323,331">
<area shape="rect" href="$genericInterface_8cc.html" title="genericInterface.cc" alt="" coords="2469,304,2600,331">
<area shape="rect" href="$genericRPG_8h.html" title="genericRPG.h" alt="" coords="2749,304,2851,331">
<area shape="rect" href="$genericSink_8h.html" title="genericSink.h" alt="" coords="2347,304,2445,331">
<area shape="rect" href="$genericTPG_8h.html" title="genericTPG.h" alt="" coords="2624,304,2725,331">
<area shape="rect" href="$mshr_8cc.html" title="mshr.cc" alt="" coords="2145,379,2212,405">
<area shape="rect" href="$genericFlatMc_8cc.html" title="genericFlatMc.cc" alt="" coords="2287,379,2407,405">
<area shape="rect" href="$genericRPG_8cc.html" title="genericRPG.cc" alt="" coords="2745,379,2855,405">
<area shape="rect" href="$genericRouterAdaptive_8cc.html" title="genericRouterAdaptive.cc" alt="" coords="1376,304,1547,331">
<area shape="rect" href="$genericRouterNoVcs_8cc.html" title="genericRouterNoVcs.cc" alt="" coords="691,304,848,331">
<area shape="rect" href="$genericRouterVct_8cc.html" title="genericRouterVct.cc" alt="" coords="872,304,1011,331">
<area shape="rect" href="$processor_8h.html" title="processor.h" alt="" coords="2115,155,2203,181">
<area shape="rect" href="$interface_8cc.html" title="interface.cc" alt="" coords="2003,155,2091,181">
<area shape="rect" href="$NI_8h.html" title="NI.h" alt="" coords="2076,229,2121,256">
<area shape="rect" href="$processor_8cc.html" title="processor.cc" alt="" coords="1956,229,2052,256">
