<area shape="rect" href="$bank__handler_8h.html" title="bank_handler.h" alt="" coords="481,80,588,107">
<area shape="rect" href="$request__handler_8h.html" title="request_handler.h" alt="" coords="515,304,637,331">
<area shape="rect" href="$manifold__simmc_8cc.html" title="manifold_simmc.cc" alt="" coords="5,528,139,555">
<area shape="rect" href="$MC_8h.html" title="MC.h" alt="" coords="328,453,379,480">
<area shape="rect" href="$bus__handler_8cc.html" title="bus_handler.cc" alt="" coords="784,379,891,405">
<area shape="rect" href="$cmd__issuer_8cc.html" title="cmd_issuer.cc" alt="" coords="800,80,904,107">
<area shape="rect" href="$rank__handler_8h.html" title="rank_handler.h" alt="" coords="296,155,400,181">
<area shape="rect" href="$bank__handler_8cc.html" title="bank_handler.cc" alt="" coords="129,379,244,405">
<area shape="rect" href="$addr__map_8h.html" title="addr_map.h" alt="" coords="536,155,624,181">
<area shape="rect" href="$channel__handler_8h.html" title="channel_handler.h" alt="" coords="367,229,492,256">
<area shape="rect" href="$rank__handler_8cc.html" title="rank_handler.cc" alt="" coords="231,229,343,256">
<area shape="rect" href="$channel__handler_8cc.html" title="channel_handler.cc" alt="" coords="360,304,491,331">
<area shape="rect" href="$refresh__manager_8h.html" title="refresh_manager.h" alt="" coords="329,379,457,405">
<area shape="rect" href="$request__handler_8cc.html" title="request_handler.cc" alt="" coords="501,528,632,555">
<area shape="rect" href="$response__handler_8cc.html" title="response_handler.cc" alt="" coords="656,528,795,555">
<area shape="rect" href="$addr__map_8cc.html" title="addr_map.cc" alt="" coords="664,379,760,405">
<area shape="rect" href="$refresh__manager_8cc.html" title="refresh_manager.cc" alt="" coords="403,453,539,480">
<area shape="rect" href="$dram_8cc.html" title="dram.cc" alt="" coords="163,528,229,555">
<area shape="rect" href="$MC_8cc.html" title="MC.cc" alt="" coords="253,528,312,555">
<area shape="rect" href="$NI_8cc.html" title="NI.cc" alt="" coords="336,528,387,555">
<area shape="rect" href="$stats_8cc.html" title="stats.cc" alt="" coords="411,528,477,555">
