<area shape="rect" href="$classcore__oracle__t.html#0d7765bb5655c1dd28f758143caaa8ce" title="core_oracle_t::undo" alt="" coords="245,183,381,209">
<area shape="rect" href="$classcore__oracle__t.html#9f125e90b225555a2632277161f3b27c" title="core_oracle_t::complete_flush" alt="" coords="431,107,625,133">
<area shape="rect" href="$classcore__oracle__t.html#3262388e107011060f8fe40023f235c5" title="core_oracle_t::recover" alt="" coords="453,259,603,285">
<area shape="rect" href="$sim-zesto_8cpp.html#46f3df2fecce36d299cd1dd4534d0088" title="emergency_recovery" alt="" coords="717,5,859,32">
<area shape="rect" href="$classcore__oracle__t.html#cd307b32aa377a56b3f4dc79b2122038" title="core_oracle_t::reset_execution" alt="" coords="688,107,888,133">
<area shape="rect" href="$classcore__commit__STM__t.html#528f84be030a7ec19bf27ac995a64497" title="core_commit_STM_t::step" alt="" coords="977,63,1153,89">
<area shape="rect" href="$classcore__commit__DPM__t.html#b3b35af5a3e6aa82d61761a07da5642a" title="core_commit_DPM_t::step" alt="" coords="977,125,1153,152">
<area shape="rect" href="$classzesto__component.html#14b525d106d3d5e07baa194738c1db1b" title="zesto_component::downtick_handler" alt="" coords="949,5,1181,32">
<area shape="rect" href="$classzesto__component.html#74c85ea8b1296c7eb0c17ddb7c4b11c4" title="zesto_component::zesto_component" alt="" coords="1235,5,1469,32">
<area shape="rect" href="$manifold__fullsim_8cc.html#0ddf1224851353fc92bfbff6f499fa97" title="main" alt="" coords="1609,5,1657,32">
<area shape="rect" href="$classcore__decode__STM__t.html#93b45571ae295d090bb1c0d7dbd4dd92" title="core_decode_STM_t::check_target" alt="" coords="676,208,900,235">
<area shape="rect" href="$classcore__decode__DPM__t.html#c9b4b51bfe96647c83c7c03f7cc93c66" title="core_decode_DPM_t::check_target" alt="" coords="676,259,900,285">
<area shape="rect" href="$classcore__oracle__t.html#c687f6e9c8564e5fd108ca8c9f771dce" title="core_oracle_t::pipe_recover" alt="" coords="697,429,879,456">
<area shape="rect" href="$classcore__fetch__DPM__t.html#ea30ffd48743742fc279699c80c0a848" title="core_fetch_DPM_t::step" alt="" coords="707,480,869,507">
<area shape="rect" href="$classcore__decode__STM__t.html#625638f540db40ab858ef2831acbee93" title="core_decode_STM_t::check_flush" alt="" coords="956,201,1175,228">
<area shape="rect" href="$classcore__decode__STM__t.html#3698253fd5299f38caf182024bb7de28" title="core_decode_STM_t::step" alt="" coords="1265,201,1439,228">
<area shape="rect" href="$classcore__decode__DPM__t.html#0530ed274d5a254a4ea9fc8756cf926f" title="core_decode_DPM_t::check_flush" alt="" coords="956,252,1175,279">
<area shape="rect" href="$classcore__decode__DPM__t.html#49fb30b42b4e7d1a058534397eea92fb" title="core_decode_DPM_t::step" alt="" coords="1264,252,1440,279">
<area shape="rect" href="$classcore__exec__STM__t.html#540633073e073ec71f940afde5291866" title="core_exec_STM_t::ALU_exec" alt="" coords="968,556,1163,583">
<area shape="rect" href="$classcore__exec__DPM__t.html#7275a99b63b767196f8a0ff94acac19f" title="core_exec_DPM_t::ALU_exec" alt="" coords="1255,404,1449,431">
<area shape="rect" href="$classcore__exec__DPM__t.html#3abf667bd2a370573ac2d255e8a0738b" title="core_exec_DPM_t::LDQ_schedule" alt="" coords="1523,632,1744,659">
<area shape="rect" href="$classcore__exec__STM__t.html#f57f6b1ac6414e6e190a4e1eaf6e97a3" title="core_exec_STM_t::LDST_exec" alt="" coords="964,303,1167,329">
<area shape="rect" href="$classcore__exec__DPM__t.html#23c9e1a684a28d4dacd9eb9ba2365d84" title="core_exec_DPM_t::LDST_exec" alt="" coords="1251,353,1453,380">
<area shape="rect" href="$classcore__exec__STM__t.html#0d2c55f76d3fae124581ef79b30c5f75" title="core_exec_STM_t::load_writeback" alt="" coords="955,505,1176,532">
<area shape="rect" href="$classcore__exec__DPM__t.html#b07c4d1f245b656e14be9138c5a6070e" title="core_exec_DPM_t::load_writeback" alt="" coords="955,607,1176,633">
<area shape="rect" href="$classcore__oracle__t.html#d79ed0d31e9421037f71a3aae2aa0cbb" title="core_oracle_t::pipe_flush" alt="" coords="983,404,1148,431">
<area shape="rect" href="$classcore__exec__STM__t.html#810c412a56e75e6c1cea5cd2c65e47c4" title="core_exec_STM_t::DL1_callback" alt="" coords="1245,455,1459,481">
<area shape="rect" href="$classcore__exec__STM__t.html#8cb44d908fb86f4b516e691589e54928" title="core_exec_STM_t::DTLB_callback" alt="" coords="1241,505,1463,532">
<area shape="rect" href="$classcore__exec__STM__t.html#2cae51e2894ca498a2ff807be9a79422" title="core_exec_STM_t::LDQ_schedule" alt="" coords="1524,480,1743,507">
<area shape="rect" href="$classcore__exec__DPM__t.html#109d24bd6ea7ae6180264e1cbc763748" title="core_exec_DPM_t::DL1_callback" alt="" coords="1245,607,1459,633">
<area shape="rect" href="$classcore__exec__DPM__t.html#d5d17ca90be424042d6c5051903537d2" title="core_exec_DPM_t::DL1_split_callback" alt="" coords="1229,657,1475,684">
<area shape="rect" href="$classcore__exec__DPM__t.html#4e14cd7a5104eceeb931ef5498cc6a78" title="core_exec_DPM_t::DTLB_callback" alt="" coords="1240,556,1464,583">
