<area shape="rect" href="$classcore__exec__STM__t.html#540633073e073ec71f940afde5291866" title="core_exec_STM_t::ALU_exec" alt="" coords="1101,108,1296,135">
<area shape="rect" href="$classcore__exec__DPM__t.html#7275a99b63b767196f8a0ff94acac19f" title="core_exec_DPM_t::ALU_exec" alt="" coords="1399,716,1593,743">
<area shape="rect" href="$classcore__fetch__STM__t.html#d546589d0f24b23d8a668ea9f928330f" title="core_fetch_STM_t::byteQ_request" alt="" coords="508,576,729,603">
<area shape="rect" href="$classcore__fetch__DPM__t.html#f589367db46a274c54241e2779a84717" title="core_fetch_DPM_t::byteQ_request" alt="" coords="508,788,729,815">
<area shape="rect" href="$classcore__exec__STM__t.html#50f32711a2d91dc1612335fcf7eadd82" title="core_exec_STM_t::insert_ready_uop" alt="" coords="789,197,1024,224">
<area shape="rect" href="$classcore__exec__STM__t.html#f57f6b1ac6414e6e190a4e1eaf6e97a3" title="core_exec_STM_t::LDST_exec" alt="" coords="1097,159,1300,185">
<area shape="rect" href="$classcore__exec__DPM__t.html#2b25eac2731434d9ca1f5ef99297bac6" title="core_exec_DPM_t::insert_ready_uop" alt="" coords="789,475,1024,501">
<area shape="rect" href="$classcore__exec__DPM__t.html#23c9e1a684a28d4dacd9eb9ba2365d84" title="core_exec_DPM_t::LDST_exec" alt="" coords="1395,513,1597,540">
<area shape="rect" href="$classcore__exec__DPM__t.html#27ca36090494dd73c82ce0fecb9b423e" title="core_exec_DPM_t::snatch_back" alt="" coords="1093,665,1304,692">
<area shape="rect" href="$classcore__fetch__DPM__t.html#1e835b99e13c9900ee2010f3024b0951" title="core_fetch_DPM_t::jeclear_enqueue" alt="" coords="215,779,447,805">
<area shape="rect" href="$classcore__fetch__STM__t.html#efa401b9257f82b2feaac0913b269e16" title="core_fetch_STM_t::recover" alt="" coords="241,829,420,856">
<area shape="rect" href="$classcore__fetch__DPM__t.html#bd2a6a43bd5a1345dd1ae2eb66f614b2" title="core_fetch_DPM_t::recover" alt="" coords="529,1083,708,1109">
<area shape="rect" href="$classcore__commit__STM__t.html#85aa9cf8ff881266aaa410ae47c4289c" title="core_commit_STM_t::recover" alt="" coords="235,931,427,957">
<area shape="rect" href="$classcore__commit__DPM__t.html#15b00a68dd968c3fbfa365c85ec1b3d5" title="core_commit_DPM_t::recover" alt="" coords="233,981,428,1008">
<area shape="rect" href="$classcore__commit__STM__t.html#528f84be030a7ec19bf27ac995a64497" title="core_commit_STM_t::step" alt="" coords="1111,1488,1287,1515">
<area shape="rect" href="$classcore__commit__DPM__t.html#b3b35af5a3e6aa82d61761a07da5642a" title="core_commit_DPM_t::step" alt="" coords="1111,1387,1287,1413">
<area shape="rect" href="$classcore__exec__STM__t.html#114d870c3995b133cd543b13dee7ed96" title="core_exec_STM_t::STQ_deallocate_std" alt="" coords="780,696,1033,723">
<area shape="rect" href="$classcore__exec__DPM__t.html#4593c06b9cd20d697033cfd948837df6" title="core_exec_DPM_t::STQ_deallocate_std" alt="" coords="780,880,1033,907">
<area shape="rect" href="$classcore__exec__DPM__t.html#be6f5af1f9348805b6582a768885201b" title="core_exec_DPM_t::STQ_squash_senior" alt="" coords="204,1235,457,1261">
<area shape="rect" href="$classcore__oracle__t.html#0d7765bb5655c1dd28f758143caaa8ce" title="core_oracle_t::undo" alt="" coords="263,1184,399,1211">
<area shape="rect" href="$classcore__t.html#9e530ff1e928624b77e18ae6d99fbd28" title="core_t::uop_init" alt="" coords="276,677,385,704">
<area shape="rect" href="$classcore__fetch__STM__t.html#9366aef38f6639d3999c4efb2f2fb8b4" title="core_fetch_STM_t::step" alt="" coords="1119,817,1279,844">
<area shape="rect" href="$classcore__fetch__DPM__t.html#ea30ffd48743742fc279699c80c0a848" title="core_fetch_DPM_t::step" alt="" coords="1117,969,1280,996">
<area shape="rect" href="$classcore__exec__STM__t.html#0d2c55f76d3fae124581ef79b30c5f75" title="core_exec_STM_t::load_writeback" alt="" coords="1088,209,1309,236">
<area shape="rect" href="$classcore__exec__STM__t.html#810c412a56e75e6c1cea5cd2c65e47c4" title="core_exec_STM_t::DL1_callback" alt="" coords="1389,159,1603,185">
<area shape="rect" href="$classcore__exec__STM__t.html#8cb44d908fb86f4b516e691589e54928" title="core_exec_STM_t::DTLB_callback" alt="" coords="1385,209,1607,236">
<area shape="rect" href="$classcore__exec__STM__t.html#2cae51e2894ca498a2ff807be9a79422" title="core_exec_STM_t::LDQ_schedule" alt="" coords="1679,184,1897,211">
<area shape="rect" href="$classcore__exec__DPM__t.html#3abf667bd2a370573ac2d255e8a0738b" title="core_exec_DPM_t::LDQ_schedule" alt="" coords="1677,412,1899,439">
<area shape="rect" href="$classcore__exec__DPM__t.html#c18400df36d37f24fcb9c47cb356700a" title="core_exec_DPM_t::load_miss_reschedule" alt="" coords="1364,615,1628,641">
<area shape="rect" href="$classcore__exec__DPM__t.html#b07c4d1f245b656e14be9138c5a6070e" title="core_exec_DPM_t::load_writeback" alt="" coords="1088,311,1309,337">
<area shape="rect" href="$classcore__exec__DPM__t.html#8151e39fd37a59e7616c15a7ba80d101" title="core_exec_DPM_t::RS_schedule" alt="" coords="1092,463,1305,489">
<area shape="rect" href="$classcore__exec__DPM__t.html#109d24bd6ea7ae6180264e1cbc763748" title="core_exec_DPM_t::DL1_callback" alt="" coords="1389,412,1603,439">
<area shape="rect" href="$classcore__exec__DPM__t.html#d5d17ca90be424042d6c5051903537d2" title="core_exec_DPM_t::DL1_split_callback" alt="" coords="1373,311,1619,337">
<area shape="rect" href="$classcore__exec__DPM__t.html#4e14cd7a5104eceeb931ef5498cc6a78" title="core_exec_DPM_t::DTLB_callback" alt="" coords="1384,361,1608,388">
<area shape="rect" href="$classcore__oracle__t.html#9f125e90b225555a2632277161f3b27c" title="core_oracle_t::complete_flush" alt="" coords="521,1437,716,1464">
<area shape="rect" href="$classcore__oracle__t.html#3262388e107011060f8fe40023f235c5" title="core_oracle_t::recover" alt="" coords="544,1184,693,1211">
<area shape="rect" href="$sim-zesto_8cpp.html#46f3df2fecce36d299cd1dd4534d0088" title="emergency_recovery" alt="" coords="836,1539,977,1565">
<area shape="rect" href="$classcore__oracle__t.html#cd307b32aa377a56b3f4dc79b2122038" title="core_oracle_t::reset_execution" alt="" coords="807,1437,1007,1464">
<area shape="rect" href="$classzesto__component.html#14b525d106d3d5e07baa194738c1db1b" title="zesto_component::downtick_handler" alt="" coords="1083,1539,1315,1565">
<area shape="rect" href="$classzesto__component.html#74c85ea8b1296c7eb0c17ddb7c4b11c4" title="zesto_component::zesto_component" alt="" coords="1379,1539,1613,1565">
<area shape="rect" href="$classcore__decode__STM__t.html#93b45571ae295d090bb1c0d7dbd4dd92" title="core_decode_STM_t::check_target" alt="" coords="795,1285,1019,1312">
<area shape="rect" href="$classcore__decode__DPM__t.html#c9b4b51bfe96647c83c7c03f7cc93c66" title="core_decode_DPM_t::check_target" alt="" coords="795,1235,1019,1261">
<area shape="rect" href="$classcore__oracle__t.html#c687f6e9c8564e5fd108ca8c9f771dce" title="core_oracle_t::pipe_recover" alt="" coords="816,361,997,388">
<area shape="rect" href="$classcore__decode__STM__t.html#625638f540db40ab858ef2831acbee93" title="core_decode_STM_t::check_flush" alt="" coords="1089,1285,1308,1312">
<area shape="rect" href="$classcore__decode__STM__t.html#3698253fd5299f38caf182024bb7de28" title="core_decode_STM_t::step" alt="" coords="1409,1285,1583,1312">
<area shape="rect" href="$classcore__decode__DPM__t.html#0530ed274d5a254a4ea9fc8756cf926f" title="core_decode_DPM_t::check_flush" alt="" coords="1089,1235,1308,1261">
<area shape="rect" href="$classcore__oracle__t.html#d79ed0d31e9421037f71a3aae2aa0cbb" title="core_oracle_t::pipe_flush" alt="" coords="1116,412,1281,439">
<area shape="rect" href="$classcore__t.html#c7fc21b5fb694c21209262c29615fdb7" title="core_t::get_uop_array" alt="" coords="545,737,692,764">
<area shape="rect" href="$classcore__oracle__t.html#1ac2b1204cef575e22d1d03c3ce4cff9" title="core_oracle_t::exec" alt="" coords="839,779,975,805">
