<area shape="rect" href="$classHighLevelPacket.html#03017f87443d346d08e8ebb4281073c1" title="HighLevelPacket::to_low_level_packet" alt="" coords="239,81,481,108">
<area shape="rect" href="$classGenericInterfaceVcs.html#90f72161538b570ea9e995ad673e8de2" title="GenericInterfaceVcs::handle_new_packet_event" alt="" coords="531,56,832,83">
<area shape="rect" href="$classGenericInterface.html#8d5fce184e5b068262becae57f9c2e26" title="GenericInterface::handle_new_packet_event" alt="" coords="543,107,820,133">
<area shape="rect" href="$classGenericInterfaceVcs.html#8483168739e434f026efc7a1adc50274" title="GenericInterfaceVcs::process_event" alt="" coords="881,56,1113,83">
<area shape="rect" href="$classGenericInterfaceVcs.html#8c0c9e01f6befcf2850c00a748de6321" title="GenericInterfaceVcs::handle_link_arrival" alt="" coords="1163,5,1419,32">
<area shape="rect" href="$classGenericInterfaceVcs.html#13a094111396ae0f7f4dc29fa81a5391" title="GenericInterfaceVcs::handle_tick_event" alt="" coords="1164,56,1417,83">
<area shape="rect" href="$classGenericInterface.html#d56b8876204889d3c096fccd61b16b9e" title="GenericInterface::process_event" alt="" coords="892,107,1103,133">
<area shape="rect" href="$classGenericInterface.html#b464f9534463b0721ffc77028481d07a" title="GenericInterface::handle_link_arrival" alt="" coords="1175,107,1407,133">
<area shape="rect" href="$classGenericInterface.html#d4961765333c7d8132bb0812fa9c356e" title="GenericInterface::handle_tick_event" alt="" coords="1176,157,1405,184">
