<area shape="rect" href="$classComponent.html" title="{Component\n|+ inLinks\l+ outLinks\l&#45; componentId\l|+ Component()\l+ Component()\l+ ~Component()\l+ setComponentId()\l+ addInputLink()\l+ addOutputLink()\l+ myId()\l}" alt="" coords="108,1333,244,1541">
<area shape="rect" href="$classDataBusHandler.html" title="The data bus class." alt="" coords="116,1637,260,1829">
<area shape="rect" href="$classCmdBusHandler.html" title="The cmd bus class." alt="" coords="284,1661,428,1805">
<area shape="rect" href="$classLink.html" title="{Link\n|+ src\l+ width\l+ outputs\l|+ Link()\l+ Send()\l}" alt="" coords="65,501,140,629">
<area shape="rect" href="$classOutputBase.html" title="{OutputBase\n|+ componentId\l+ latency\l|+ OutputBase()\l+ CallHandler()\l}" alt="" coords="5,149,115,261">
<area shape="rect" title="STL class." alt="" coords="139,165,235,245">
<area shape="rect" title="STL class." alt="" coords="225,341,340,421">
<area shape="rect" href="$structChannelState.html" title="{ChannelState\n|+ rank\l+ prevCmdRank\l+ prevCmdBank\l+ prevCmdTime\l+ cmd\l|+ ChannelState()\l}" alt="" coords="452,1661,572,1805">
<area shape="rect" href="$structDRAMCmdState.html" title="{DRAMCmdState\n|+ cmd\l+ req\l+ burst\l|+ set()\l+ DRAMCmdState()\l+ ~DRAMCmdState()\l}" alt="" coords="472,1365,616,1509">
<area shape="rect" href="$classRequest.html" title="The main data structure for each memory operation that flows in the memory controller..." alt="" coords="467,693,621,1253">
<area shape="rect" href="$structData.html" title="{Data\n|+ value\l+ size\l|}" alt="" coords="512,517,576,613">
<area shape="rect" href="$structRankState.html" title="{RankState\n|+ bank\l|+ RankState()\l}" alt="" coords="331,933,432,1013">
<area shape="rect" href="$structBankState.html" title="{BankState\n|+ prevRow\l+ prevCmd\l+ prevCmdTime\l|+ BankState()\l}" alt="" coords="385,325,500,437">
