<area shape="rect" href="$classPToPSwitchArbiter.html#8b304c2fc07b6c0d55ce25b621a9f685" title="PToPSwitchArbiter::pick_winner" alt="" coords="345,56,551,83">
<area shape="rect" href="$classGenericRouterVct.html#679ac531064054312a6a2d80ce072e67" title="GenericRouterVct::do_switch_allocation" alt="" coords="617,5,868,32">
<area shape="rect" href="$classGenericRouterNoVcs.html#66cc3b911f0e7a5623cc17c0e866905d" title="GenericRouterNoVcs::do_switch_allocation" alt="" coords="607,56,879,83">
<area shape="rect" href="$classGenericRouterAdaptive.html#0c596854e6bcb2cbe211451721c7caf4" title="GenericRouterAdaptive::do_switch_allocation" alt="" coords="601,107,884,133">
<area shape="rect" href="$classGenericRouterVct.html#6799bde82a764e2b809287d45796b300" title="Event handle for the TICK_EVENT. Entry from DES kernel." alt="" coords="949,5,1187,32">
<area shape="rect" href="$classGenericRouterVct.html#1b370a84cdf38608b64074bb24630703" title="GenericRouterVct::process_event" alt="" coords="1267,5,1483,32">
<area shape="rect" href="$classGenericRouterNoVcs.html#7d1c209f22b3c2d642e65e9b6d283b8e" title="Event handle for the TICK_EVENT. Entry from DES kernel." alt="" coords="940,56,1196,83">
<area shape="rect" href="$classGenericRouterNoVcs.html#a2c52d53e127c9a3a029194e77f9f80c" title="GenericRouterNoVcs::process_event" alt="" coords="1257,56,1492,83">
<area shape="rect" href="$classGenericRouterAdaptive.html#620da399c2c841ea205f316171fb3c9b" title="Event handle for the TICK_EVENT. Entry from DES kernel." alt="" coords="935,107,1201,133">
<area shape="rect" href="$classGenericRouterAdaptive.html#97832df69e1a8333b3ac3861dfe60d41" title="GenericRouterAdaptive::process_event" alt="" coords="1251,107,1499,133">
