<area shape="rect" href="$classcore__t.html#9e530ff1e928624b77e18ae6d99fbd28" title="core_t::uop_init" alt="" coords="175,81,284,108">
<area shape="rect" href="$classcore__t.html#c7fc21b5fb694c21209262c29615fdb7" title="core_t::get_uop_array" alt="" coords="335,81,481,108">
<area shape="rect" href="$classcore__oracle__t.html#1ac2b1204cef575e22d1d03c3ce4cff9" title="core_oracle_t::exec" alt="" coords="591,31,727,57">
<area shape="rect" href="$classcore__exec__STM__t.html#114d870c3995b133cd543b13dee7ed96" title="core_exec_STM_t::STQ_deallocate_std" alt="" coords="532,81,785,108">
<area shape="rect" href="$classcore__exec__DPM__t.html#4593c06b9cd20d697033cfd948837df6" title="core_exec_DPM_t::STQ_deallocate_std" alt="" coords="532,132,785,159">
<area shape="rect" href="$classcore__fetch__STM__t.html#9366aef38f6639d3999c4efb2f2fb8b4" title="core_fetch_STM_t::step" alt="" coords="836,5,996,32">
<area shape="rect" href="$classcore__fetch__DPM__t.html#ea30ffd48743742fc279699c80c0a848" title="core_fetch_DPM_t::step" alt="" coords="835,56,997,83">
