<area shape="rect" href="$classRefreshMgr.html#19d89c100f78a655bd7860111755128c" title="RefreshMgr::process_event" alt="" coords="236,63,417,89">
<area shape="rect" href="$classBankHandler.html#ff84a6f67d0bffbe69b069d7f2e718af" title="Main process function." alt="" coords="233,157,420,184">
<area shape="rect" href="$classMC.html#1f4c68b63112b1bd4fa8bcdf47a8e57c" title="MC::StartRefresh" alt="" coords="492,17,615,44">
<area shape="rect" href="$classMC.html#05109b1e9678c5d598027d7c47d7b2a4" title="MC::Init" alt="" coords="756,5,823,32">
<area shape="rect" href="$manifold__simmc_8cc.html#3c04138a5bfe5d72780bb7e82a18e627" title="main" alt="" coords="1227,5,1275,32">
<area shape="rect" href="$classAddrMap.html#e3ac527bcffced20f090db49c4047b60" title="Main function that handles this class." alt="" coords="471,81,636,108">
<area shape="rect" href="$classRequestHandler.html#c295b7e01ed866b390c93a559f375b2f" title="RequestHandler::process_event" alt="" coords="687,81,892,108">
<area shape="rect" href="$classNI.html#e46ba8d7412bc25bd55002faf8415360" title="NI::handle_new_packet_event" alt="" coords="943,81,1137,108">
<area shape="rect" href="$main_8cc.html#3c04138a5bfe5d72780bb7e82a18e627" title="main" alt="" coords="1016,132,1064,159">
<area shape="rect" href="$classMC.html#bf467a900cc11b932afd0e7432dd504c" title="MC::sim_main" alt="" coords="988,31,1092,57">
<area shape="rect" href="$classNI.html#3ed3e6f65c38e630706af16212ded02a" title="NI::process_event" alt="" coords="1187,132,1315,159">
<area shape="rect" href="$classResponseHandler.html#da5e60fb1d62f5ca755dca334bb18f5c" title="ResponseHandler::process_event" alt="" coords="1363,183,1579,209">
<area shape="rect" href="$classNI.html#13ba7118e07f54025cdd57e4ea877b1d" title="NI::handle_out_pull_event" alt="" coords="1645,157,1816,184">
<area shape="rect" href="$classDataBusHandler.html#62a38fff68da7ad9ad513f14de385297" title="Handles all the operations of the data bus." alt="" coords="1627,233,1835,260">
<area shape="rect" href="$classDRAMChannel.html#7a3494f58f927c1df099501d5b2daeba" title="DRAMChannel::process_event" alt="" coords="1883,233,2083,260">
<area shape="rect" href="$classCmdBusHandler.html#44390dde03f10f199967fe7fa30b55f6" title="main function that handles the operation of cmd bus" alt="" coords="2131,259,2339,285">
