<area shape="rect" href="$classGenericTPGVcs.html#155b0ddc9e20a35dfef9e6c2203c33f7" title="GenericTPGVcs::process_event" alt="" coords="331,56,539,83">
<area shape="rect" href="$classMSHR__H.html#1dff946e7d92eae286b8f72df7dc0f03" title="MSHR_H::process_event" alt="" coords="587,81,755,108">
<area shape="rect" href="$classGenericTPG.html#6918083f7cd2bf42000df6e847f0b6d2" title="GenericTPG::handle_new_packet_event" alt="" coords="804,5,1057,32">
<area shape="rect" href="$main_8cc.html#3c04138a5bfe5d72780bb7e82a18e627" title="main" alt="" coords="907,56,955,83">
<area shape="rect" href="$classGenericTPGVcs.html#e160fb292a8caa353c368547c4635469" title="GenericTPGVcs::setup" alt="" coords="853,107,1008,133">
<area shape="rect" href="$classGenericTPG.html#574d128d07b2576a1ed48b2201ceb3e7" title="GenericTPG::setup" alt="" coords="864,157,997,184">
<area shape="rect" href="$classGenericTPG.html#a2e59f102384206268808835bcb9d5b5" title="GenericTPG::process_event" alt="" coords="1107,5,1293,32">
