<area shape="rect" href="$classComponent.html" title="{Component\n|+ inLinks\l+ outLinks\l&#45; componentId\l|+ Component()\l+ Component()\l+ ~Component()\l+ setComponentId()\l+ addInputLink()\l+ addOutputLink()\l+ myId()\l}" alt="" coords="155,1301,291,1509">
<area shape="rect" href="$classLink.html" title="{Link\n|+ src\l+ width\l+ outputs\l|+ Link()\l+ Send()\l}" alt="" coords="51,469,125,597">
<area shape="rect" href="$classOutputBase.html" title="{OutputBase\n|+ componentId\l+ latency\l|+ OutputBase()\l+ CallHandler()\l}" alt="" coords="5,149,115,261">
<area shape="rect" title="STL class." alt="" coords="141,165,237,245">
<area shape="rect" title="STL class." alt="" coords="220,493,335,573">
<area shape="rect" title="STL class." alt="" coords="881,1365,975,1445">
<area shape="rect" title="STL class." alt="" coords="924,901,1097,981">
<area shape="rect" title="STL class." alt="" coords="925,493,1096,573">
<area shape="rect" title="STL class." alt="" coords="939,325,1083,405">
<area shape="rect" title="STL class." alt="" coords="961,165,1060,245">
<area shape="rect" href="$classRequest.html" title="The main data structure for each memory operation that flows in the memory controller..." alt="" coords="656,661,811,1221">
<area shape="rect" href="$structData.html" title="{Data\n|+ value\l+ size\l|}" alt="" coords="701,485,765,581">
