<area shape="rect" href="$classGenericRouterVct.html#679ac531064054312a6a2d80ce072e67" title="GenericRouterVct::do_switch_allocation" alt="" coords="308,5,559,32">
<area shape="rect" href="$classGenericRouterVcs.html#bc484a7284672d536c53394d564ae453" title="GenericRouterVcs::do_switch_allocation" alt="" coords="305,56,561,83">
<area shape="rect" href="$classGenericRouterNoVcs.html#66cc3b911f0e7a5623cc17c0e866905d" title="GenericRouterNoVcs::do_switch_allocation" alt="" coords="297,107,569,133">
<area shape="rect" href="$classGenericRouterAdaptive.html#0c596854e6bcb2cbe211451721c7caf4" title="GenericRouterAdaptive::do_switch_allocation" alt="" coords="292,157,575,184">
<area shape="rect" href="$classGenericRouterVct.html#6799bde82a764e2b809287d45796b300" title="Event handle for the TICK_EVENT. Entry from DES kernel." alt="" coords="640,5,877,32">
<area shape="rect" href="$classGenericRouterVct.html#1b370a84cdf38608b64074bb24630703" title="GenericRouterVct::process_event" alt="" coords="957,5,1173,32">
<area shape="rect" href="$classGenericRouterVcs.html#65a0676f6b28ffad48abb47f51d8a78b" title="Event handle for the TICK_EVENT. Entry from DES kernel." alt="" coords="639,56,879,83">
<area shape="rect" href="$classGenericRouterVcs.html#dfb3a197b8cab933bb3c9639aa1ae419" title="GenericRouterVcs::process_event" alt="" coords="956,56,1175,83">
<area shape="rect" href="$classGenericRouterNoVcs.html#7d1c209f22b3c2d642e65e9b6d283b8e" title="Event handle for the TICK_EVENT. Entry from DES kernel." alt="" coords="631,107,887,133">
<area shape="rect" href="$classGenericRouterNoVcs.html#a2c52d53e127c9a3a029194e77f9f80c" title="GenericRouterNoVcs::process_event" alt="" coords="948,107,1183,133">
<area shape="rect" href="$classGenericRouterAdaptive.html#620da399c2c841ea205f316171fb3c9b" title="Event handle for the TICK_EVENT. Entry from DES kernel." alt="" coords="625,157,892,184">
<area shape="rect" href="$classGenericRouterAdaptive.html#97832df69e1a8333b3ac3861dfe60d41" title="GenericRouterAdaptive::process_event" alt="" coords="941,157,1189,184">
