<area shape="rect" href="$classbpred__2bC__t.html#bfb9726a701952e451b1899d3e398e2c" title="bpred_2bC_t::bpred_2bC_t" alt="" coords="244,5,420,32">
<area shape="rect" href="$classbpred__2lev__t.html#94342d909f4e32ff1e0430b0f3ca56c3" title="bpred_2lev_t::bpred_2lev_t" alt="" coords="244,56,420,83">
<area shape="rect" href="$classbpred__alloyedperceptron__t.html#744d82c645e142d31a9bcd7e0eca6e66" title="bpred_alloyedperceptron_t::bpred_alloyedperceptron_t" alt="" coords="165,107,499,133">
<area shape="rect" href="$classbpred__bimode__t.html#d751a5717eadeb48417f59edce3e70a7" title="bpred_bimode_t::bpred_bimode_t" alt="" coords="225,157,439,184">
<area shape="rect" href="$classbpred__blg__t.html#c9ede09ec4f81c76e8950b19b3c4b488" title="bpred_blg_t::bpred_blg_t" alt="" coords="251,208,413,235">
<area shape="rect" href="$classbpred__btfnt__t.html#cfc7cbc380edcf82f7bdfc950f75c8dd" title="bpred_btfnt_t::bpred_btfnt_t" alt="" coords="241,259,423,285">
<area shape="rect" href="$classbpred__nottaken__t.html#f3f40d84bb725ed8b3db966dc6013721" title="bpred_nottaken_t::bpred_nottaken_t" alt="" coords="217,309,447,336">
<area shape="rect" href="$classbpred__pathneural__t.html#9d0413280218e02aea9d5b51a4f3fcd4" title="bpred_pathneural_t::bpred_pathneural_t" alt="" coords="208,360,456,387">
<area shape="rect" href="$classbpred__perceptron__t.html#01f88daa5f0caca12b61aeb021a1c0fd" title="bpred_perceptron_t::bpred_perceptron_t" alt="" coords="207,411,457,437">
<area shape="rect" href="$classbpred__perfect__t.html#b3156d0207bb3614428e0d874d6bb69a" title="bpred_perfect_t::bpred_perfect_t" alt="" coords="228,461,436,488">
<area shape="rect" href="$classbpred__pwl__t.html#169a553dbedb4e57fcc558c731463185" title="bpred_pwl_t::bpred_pwl_t" alt="" coords="248,512,416,539">
<area shape="rect" href="$structbpred__random__t.html#9627992e27d684f48fa919c8d65d9841" title="bpred_random_t::bpred_random_t" alt="" coords="224,563,440,589">
<area shape="rect" href="$classbpred__skewed__t.html#2e3e49d261a8a787b36c421c688b6c99" title="bpred_skewed_t::bpred_skewed_t" alt="" coords="224,613,440,640">
<area shape="rect" href="$classbpred__tage__t.html#b60803d0e744c26d90e915a5afab9530" title="bpred_tage_t::bpred_tage_t" alt="" coords="243,664,421,691">
<area shape="rect" href="$classbpred__taken__t.html#73d4a924c1feb9fd4002b270aad7ab24" title="bpred_taken_t::bpred_taken_t" alt="" coords="236,715,428,741">
<area shape="rect" href="$classbpred__yags__t.html#58936d15e38964226dbf5160cde77bc4" title="bpred_yags_t::bpred_yags_t" alt="" coords="240,765,424,792">
