<area shape="rect" href="$classProcessor.html" title="{Processor\n|+ interface_connections\l+ ni_recv\l|+ Processor()\l+ ~Processor()\l+ init()\l+ toString()\l+ process_event()\l+ setup()\l+ set_output_path()\l+ print_stats()\l}" alt="" coords="920,3301,1080,3509">
<area shape="rect" href="$classNetworkComponent.html" title="{NetworkComponent\n|+ type\l+ name\l+ address\l+ node_ip\l|+ NetworkComponent()\l+ ~NetworkComponent()\l+ toString()\l+ process_event()\l}" alt="" coords="940,2157,1103,2333">
<area shape="rect" href="$classInterface.html" title="{Interface\n|+ processor_connection\l+ input_connection\l+ output_connection\l|+ Interface()\l+ ~Interface()\l+ toString()\l+ setup()\l+ set_no_credits()\l+ set_buffer_size()\l+ set_no_vcs()\l+ process_event()\l+ print_stats()\l+ get_packets_out()\l+ get_packets()\l+ get_flits_out()\l}" alt="" coords="925,2789,1085,3077">
<area shape="rect" href="$classIrisLink.html" title="{IrisLink\n|+ input_connection\l+ output_connection\l|+ IrisLink()\l+ ~IrisLink()\l+ toString()\l+ process_event()\l}" alt="" coords="965,2565,1104,2709">
<area shape="rect" href="$classComponent.html" title="{Component\n|+ inLinks\l+ outLinks\l&#45; componentId\l|+ Component()\l+ Component()\l+ ~Component()\l+ setComponentId()\l+ addInputLink()\l+ addOutputLink()\l+ myId()\l}" alt="" coords="723,1541,859,1749">
<area shape="rect" href="$classMSHR__H.html" title="{MSHR_H\n|+ unsink\l+ lastFinishTime\l+ globalUnSink\l+ done\l+ mshr\l+ writeQueue\l+ trace_filename\l+ filename\l+ id\l+ lastScheduledIndex\l+ parent\l+ child\l+ waiting\l+ waitingForMSHR\l+ nextReq\l+ lastFullTime\l+ countOnce\l|+ MSHR_H()\l+ ~MSHR_H()\l+ GlobalAddrMap()\l+ process_event()\l+ DeleteInMSHR()\l+ map_addr()\l+ local_map_addr()\l+ demap_addr()\l+ countBLP()\l+ toString()\l}" alt="" coords="637,2005,784,2485">
<area shape="rect" href="$classLink.html" title="{Link\n|+ src\l+ width\l+ outputs\l|+ Link()\l+ Send()\l}" alt="" coords="597,533,672,661">
<area shape="rect" href="$classOutputBase.html" title="{OutputBase\n|+ componentId\l+ latency\l|+ OutputBase()\l+ CallHandler()\l}" alt="" coords="739,149,848,261">
<area shape="rect" title="STL class." alt="" coords="895,165,991,245">
<area shape="rect" title="STL class." alt="" coords="993,557,1108,637">
<area shape="rect" title="STL class." alt="" coords="1357,285,1472,365">
<area shape="rect" title="STL class." alt="" coords="1488,1605,1568,1685">
<area shape="rect" title="STL class." alt="" coords="1384,965,1541,1045">
<area shape="rect" title="STL class." alt="" coords="204,1605,297,1685">
<area shape="rect" title="STL class." alt="" coords="5,965,179,1045">
<area shape="rect" title="STL class." alt="" coords="8,557,179,637">
<area shape="rect" title="STL class." alt="" coords="100,389,244,469">
<area shape="rect" title="STL class." alt="" coords="203,557,379,637">
<area shape="rect" title="STL class." alt="" coords="123,165,221,245">
<area shape="rect" href="$classHighLevelPacket.html" title="{HighLevelPacket\n|+ addr\l+ avg_network_latency\l+ hop_count\l+ stat_memory_serviced_time\l+ req_start_time\l+ waiting_in_ni\l+ source\l+ destination\l+ pkt_cnt\l+ reqs_left\l+ startIndex\l+ vn\l+ msg_class\l+ virtual_channel\l+ transaction_id\l+ sent_time\l+ recv_time\l+ data_payload_length\l+ data\l|+ HighLevelPacket()\l+ ~HighLevelPacket()\l+ get_transit_time()\l+ to_low_level_packet()\l+ from_low_level_packet()\l+ toString()\l+ operator==()\l}" alt="" coords="1267,1413,1464,1877">
<area shape="rect" href="$classRequest.html" title="The main data structure for each memory operation that flows in the memory controller..." alt="" coords="403,725,557,1285">
<area shape="rect" href="$structData.html" title="{Data\n|+ value\l+ size\l|}" alt="" coords="448,549,512,645">
<area shape="rect" title="STL class." alt="" coords="387,1901,485,1981">
<area shape="rect" title="STL class." alt="" coords="203,965,379,1045">
