<area shape="rect" href="$classbpred__2bC__t.html" title="{bpred_2bC_t\n|# num_entries\l# entry_mask\l# table\l|+ bpred_2bC_t()\l+ ~bpred_2bC_t()\l}" alt="" coords="5,573,128,701">
<area shape="rect" href="$classbpred__2lev__t.html" title="{bpred_2lev_t\n|# bht_size\l# bht_mask\l# bht\l# pht_size\l# pht_mask\l# pht\l# history_length\l# history_mask\l# Xor\l# xorshift\l|+ bpred_2lev_t()\l+ ~bpred_2lev_t()\l}" alt="" coords="152,517,275,757">
<area shape="rect" href="$classbpred__alloyedperceptron__t.html" title="{bpred_alloyedperceptron_t\n|# bht_size\l# bht_mask\l# bht\l# bhr_size\l# bhr\l# top_size\l# top\l# ltop\l# weight_width\l# weight_max\l# weight_min\l# threshold\l# ghistory_length\l# ghistory_mask\l# lhistory_length\l# lhistory_mask\l|+ bpred_alloyedperceptron_t()\l+ ~bpred_alloyedperceptron_t()\l}" alt="" coords="299,469,499,805">
<area shape="rect" href="$classbpred__bimode__t.html" title="{bpred_bimode_t\n|# bht_size\l# bht_mask\l# bht\l# pht_size\l# pht_mask\l# pht\l# pht_meta\l# history_length\l# history_mask\l# Xor\l# xorshift\l|+ bpred_bimode_t()\l+ ~bpred_bimode_t()\l}" alt="" coords="523,509,664,765">
<area shape="rect" href="$classbpred__blg__t.html" title="{bpred_blg_t\n|# B_size\l# B_mask\l# L_size\l# L_mask\l# L_hist_len\l# L_hist_size\l# L_hist_mask\l# L_tag_size\l# G_size\l# G_mask\l# G_tag_size\l# L_tag_shamt\l# L_tag_mask\l# G_tag_shamt\l# G_tag_mask\l# B\l# L_hist\l# L\l# L_tag\l# G\l# G_tag\l# stew\l|+ bpred_blg_t()\l+ ~bpred_blg_t()\l}" alt="" coords="688,421,803,853">
<area shape="rect" href="$classbpred__btfnt__t.html" title="{bpred_btfnt_t\n||+ bpred_btfnt_t()\l}" alt="" coords="827,597,944,677">
<area shape="rect" href="$classbpred__nottaken__t.html" title="{bpred_nottaken_t\n||+ bpred_nottaken_t()\l}" alt="" coords="968,597,1109,677">
<area shape="rect" href="$classbpred__pathneural__t.html" title="{bpred_pathneural_t\n|# bht_size\l# bht_mask\l# bht\l# top_size\l# top_mask\l# top\l# weight_width\l# weight_max\l# weight_min\l# theta\l# path\l# path_head\l# weights_read\l# weights_written\l# history_length\l# history_mask\l|+ bpred_pathneural_t()\l+ ~bpred_pathneural_t()\l}" alt="" coords="1133,469,1293,805">
<area shape="rect" href="$classbpred__perceptron__t.html" title="{bpred_perceptron_t\n|# bhr\l# bhr_old\l# top_size\l# top_mask\l# top\l# weight_width\l# weight_max\l# weight_min\l# theta\l# history_length\l|+ bpred_perceptron_t()\l+ ~bpred_perceptron_t()\l}" alt="" coords="1317,517,1477,757">
<area shape="rect" href="$classbpred__perfect__t.html" title="{bpred_perfect_t\n||+ bpred_perfect_t()\l}" alt="" coords="1501,597,1632,677">
<area shape="rect" href="$classbpred__pwl__t.html" title="{bpred_pwl_t\n|# pc_bits\l# pc_mask\l# bht_size\l# bht_mask\l# bht\l# top_size\l# top_mask\l# top\l# weight_width\l# weight_max\l# weight_min\l# theta\l# path\l# path_head\l# history_length\l# history_mask\l|+ bpred_pwl_t()\l+ ~bpred_pwl_t()\l}" alt="" coords="1656,469,1773,805">
<area shape="rect" href="$structbpred__random__t.html" title="{bpred_random_t\n|# num_taken\l|+ bpred_random_t()\l}" alt="" coords="1797,597,1931,677">
<area shape="rect" href="$classbpred__skewed__t.html" title="{bpred_skewed_t\n|# partial_update\l# enhanced\l# double_bim\l# bht_size\l# bht_mask\l# bht\l# pht_size\l# pht_mask\l# pht\l# history_length\l# history_mask\l# half_length\l# half_mask\l# high_mask\l|+ bpred_skewed_t()\l+ ~bpred_skewed_t()\l}" alt="" coords="1955,485,2099,789">
<area shape="rect" href="$classbpred__tage__t.html" title="{bpred_tage_t\n|# num_tables\l# table_size\l# log_size\l# table_mask\l# tag_width\l# tag_mask\l# bim_size\l# bim_mask\l# alpha\l# Hlen\l# T\l# pwin\l# Tuses\l# bhr\l|+ bpred_tage_t()\l+ ~bpred_tage_t()\l&#45; bpred_tage_hist_update()\l&#45; bpred_tage_hist_copy()\l&#45; bpred_tage_hist_hash()\l}" alt="" coords="2123,461,2299,813">
<area shape="rect" href="$classbpred__taken__t.html" title="{bpred_taken_t\n||+ bpred_taken_t()\l}" alt="" coords="2323,597,2445,677">
<area shape="rect" href="$classbpred__yags__t.html" title="{bpred_yags_t\n|# bht_size\l# bht_mask\l# bht\l# pht_size\l# pht_mask\l# tag_width\l# tag_mask\l# cache_size\l# cache_mask\l# pht\l# T_cache\l# NT_cache\l# history_length\l# history_mask\l# Xor\l# xorshift\l|+ bpred_yags_t()\l+ ~bpred_yags_t()\l}" alt="" coords="2469,469,2597,805">
