<area shape="rect" href="$classcore__oracle__t.html#1ac2b1204cef575e22d1d03c3ce4cff9" title="core_oracle_t::exec" alt="" coords="287,43,423,69">
<area shape="rect" href="$classcore__exec__STM__t.html#9fe92506fd832117e3c58d050dcb3b98" title="core_exec_STM_t::store_dl1_callback" alt="" coords="233,93,476,120">
<area shape="rect" href="$classcore__exec__DPM__t.html#e5b9da15ba0b9b90d68793c6dcf6e5a4" title="core_exec_DPM_t::store_dl1_callback" alt="" coords="233,195,476,221">
<area shape="rect" href="$classcore__exec__DPM__t.html#1ebb3bdb6783434b0ff5857ab17ea8ff" title="core_exec_DPM_t::store_dl1_split_callback" alt="" coords="217,245,492,272">
<area shape="rect" href="$classcore__exec__STM__t.html#12685fc4c7826e90114972815aaedef3" title="core_exec_STM_t::store_dtlb_callback" alt="" coords="231,144,479,171">
<area shape="rect" href="$classcore__exec__DPM__t.html#e44b1534550acdb1621aea03f5de7011" title="core_exec_DPM_t::store_dtlb_callback" alt="" coords="231,296,479,323">
<area shape="rect" href="$classcore__fetch__STM__t.html#9366aef38f6639d3999c4efb2f2fb8b4" title="core_fetch_STM_t::step" alt="" coords="589,5,749,32">
<area shape="rect" href="$classcore__fetch__DPM__t.html#ea30ffd48743742fc279699c80c0a848" title="core_fetch_DPM_t::step" alt="" coords="588,56,751,83">
<area shape="rect" href="$classcore__exec__STM__t.html#114d870c3995b133cd543b13dee7ed96" title="core_exec_STM_t::STQ_deallocate_std" alt="" coords="543,132,796,159">
<area shape="rect" href="$classcore__exec__DPM__t.html#4593c06b9cd20d697033cfd948837df6" title="core_exec_DPM_t::STQ_deallocate_std" alt="" coords="543,245,796,272">
