<area shape="rect" href="$classComponent.html" title="{Component\n|+ inLinks\l+ outLinks\l&#45; componentId\l|+ Component()\l+ Component()\l+ ~Component()\l+ setComponentId()\l+ addInputLink()\l+ addOutputLink()\l+ myId()\l}" alt="" coords="103,1301,239,1509">
<area shape="rect" href="$classLink.html" title="{Link\n|+ src\l+ width\l+ outputs\l|+ Link()\l+ Send()\l}" alt="" coords="92,469,167,597">
<area shape="rect" href="$classOutputBase.html" title="{OutputBase\n|+ componentId\l+ latency\l|+ OutputBase()\l+ CallHandler()\l}" alt="" coords="5,149,115,261">
<area shape="rect" title="STL class." alt="" coords="141,165,237,245">
<area shape="rect" title="STL class." alt="" coords="220,493,335,573">
<area shape="rect" title="STL class." alt="" coords="613,1365,707,1445">
<area shape="rect" title="STL class." alt="" coords="655,901,828,981">
<area shape="rect" title="STL class." alt="" coords="656,493,827,573">
<area shape="rect" title="STL class." alt="" coords="669,325,813,405">
<area shape="rect" title="STL class." alt="" coords="692,165,791,245">
<area shape="rect" href="$classRequest.html" title="The main data structure for each memory operation that flows in the memory controller..." alt="" coords="387,661,541,1221">
<area shape="rect" href="$structData.html" title="{Data\n|+ value\l+ size\l|}" alt="" coords="432,485,496,581">
