<area shape="rect" href="$classProcessor.html" title="{Processor\n|+ interface_connections\l+ ni_recv\l|+ Processor()\l+ ~Processor()\l+ init()\l+ toString()\l+ process_event()\l+ setup()\l+ set_output_path()\l+ print_stats()\l}" alt="" coords="927,2501,1087,2709">
<area shape="rect" href="$classNetworkComponent.html" title="{NetworkComponent\n|+ type\l+ name\l+ address\l+ node_ip\l|+ NetworkComponent()\l+ ~NetworkComponent()\l+ toString()\l+ process_event()\l}" alt="" coords="809,1141,972,1317">
<area shape="rect" href="$classInterface.html" title="{Interface\n|+ processor_connection\l+ input_connection\l+ output_connection\l|+ Interface()\l+ ~Interface()\l+ toString()\l+ setup()\l+ set_no_credits()\l+ set_buffer_size()\l+ set_no_vcs()\l+ process_event()\l+ print_stats()\l+ get_packets_out()\l+ get_packets()\l+ get_flits_out()\l}" alt="" coords="904,1621,1064,1909">
<area shape="rect" href="$classIrisLink.html" title="{IrisLink\n|+ input_connection\l+ output_connection\l|+ IrisLink()\l+ ~IrisLink()\l+ toString()\l+ process_event()\l}" alt="" coords="1041,1397,1180,1541">
<area shape="rect" href="$classComponent.html" title="{Component\n|+ inLinks\l+ outLinks\l&#45; componentId\l|+ Component()\l+ Component()\l+ ~Component()\l+ setComponentId()\l+ addInputLink()\l+ addOutputLink()\l+ myId()\l}" alt="" coords="792,869,928,1077">
<area shape="rect" href="$classLink.html" title="{Link\n|+ src\l+ width\l+ outputs\l|+ Link()\l+ Send()\l}" alt="" coords="617,469,692,597">
<area shape="rect" href="$classOutputBase.html" title="{OutputBase\n|+ componentId\l+ latency\l|+ OutputBase()\l+ CallHandler()\l}" alt="" coords="696,149,805,261">
<area shape="rect" title="STL class." alt="" coords="569,165,665,245">
<area shape="rect" title="STL class." alt="" coords="791,493,905,573">
<area shape="rect" title="STL class." alt="" coords="309,2165,424,2245">
<area shape="rect" title="STL class." alt="" coords="1055,933,1135,1013">
<area shape="rect" title="STL class." alt="" coords="1016,661,1173,741">
<area shape="rect" href="$classHighLevelPacket.html" title="{HighLevelPacket\n|+ addr\l+ avg_network_latency\l+ hop_count\l+ stat_memory_serviced_time\l+ req_start_time\l+ waiting_in_ni\l+ source\l+ destination\l+ pkt_cnt\l+ reqs_left\l+ startIndex\l+ vn\l+ msg_class\l+ virtual_channel\l+ transaction_id\l+ sent_time\l+ recv_time\l+ data_payload_length\l+ data\l|+ HighLevelPacket()\l+ ~HighLevelPacket()\l+ get_transit_time()\l+ to_low_level_packet()\l+ from_low_level_packet()\l+ toString()\l+ operator==()\l}" alt="" coords="592,1973,789,2437">
<area shape="rect" title="STL class." alt="" coords="1447,2565,1545,2645">
<area shape="rect" title="STL class." alt="" coords="1437,2165,1613,2245">
<area shape="rect" title="STL class." alt="" coords="1437,1725,1613,1805">
<area shape="rect" title="STL class." alt="" coords="1453,1429,1597,1509">
<area shape="rect" title="STL class." alt="" coords="1476,1189,1575,1269">
