<area shape="rect" href="$classBTB__t.html" title="{BTB_t\n|# name\l# type\l# bits\l# num_hits\l# lookups\l# updates\l# spec_updates\l# num_nt\l# frozen\l|+ BTB_t()\l+ ~BTB_t()\l+ lookup()\l+ update()\l+ spec_update()\l+ recover()\l+ flush()\l+ reg_stats()\l+ reset_stats()\l+ get_cache()\l+ ret_cache()\l# init()\l}" alt="" coords="5,296,120,680">
<area shape="rect" href="$classRAS__t.html" title="{RAS_t\n|# name\l# type\l# bits\l# num_hits\l# num_pushes\l# num_pops\l# num_recovers\l# frozen\l|+ RAS_t()\l+ ~RAS_t()\l+ push()\l+ pop()\l+ recover()\l+ recover_state()\l+ reg_stats()\l+ reset_stats()\l+ get_state()\l+ ret_state()\l# init()\l}" alt="" coords="144,312,264,664">
<area shape="rect" href="$classbpred__state__cache__t.html" title="{bpred_state_cache_t\n|+ our_pred\l# preds\l# our_target\l# pcache\l# fcache\l# dirjmp\l# indirjmp\l# ras_checkpoint\l|+ bpred_state_cache_t()\l}" alt="" coords="288,392,451,584">
<area shape="rect" href="$classRAS__chkpt__t.html" title="{RAS_chkpt_t\n||}" alt="" coords="176,136,275,216">
<area shape="rect" href="$classfusion__sc__t.html" title="{fusion_sc_t\n||}" alt="" coords="400,136,488,216">
<area shape="rect" href="$classbpred__sc__t.html" title="{bpred_sc_t\n|+ updated\l|+ bpred_sc_t()\l}" alt="" coords="392,5,496,85">
<area shape="rect" href="$classBTB__sc__t.html" title="{BTB_sc_t\n||}" alt="" coords="512,136,592,216">
<area shape="rect" href="$classbpred__dir__t.html" title="{bpred_dir_t\n|# name\l# type\l# bits\l# num_hits\l# lookups\l# updates\l# spec_updates\l# frozen\l|+ bpred_dir_t()\l+ ~bpred_dir_t()\l+ lookup()\l+ update()\l+ spec_update()\l+ recover()\l+ flush()\l+ reg_stats()\l+ reset_stats()\l+ get_cache()\l+ ret_cache()\l# init()\l}" alt="" coords="475,304,589,672">
<area shape="rect" href="$classfusion__t.html" title="{fusion_t\n|# name\l# type\l# bits\l# num_pred\l# num_hits\l# lookups\l# updates\l# spec_updates\l# frozen\l|+ fusion_t()\l+ ~fusion_t()\l+ lookup()\l+ update()\l+ spec_update()\l+ recover()\l+ flush()\l+ reg_stats()\l+ reset_stats()\l+ get_cache()\l+ ret_cache()\l# init()\l}" alt="" coords="613,296,728,680">
