<area shape="rect" href="$classGenericInterfaceVcs.html#90f72161538b570ea9e995ad673e8de2" title="GenericInterfaceVcs::handle_new_packet_event" alt="" coords="299,56,600,83">
<area shape="rect" href="$classGenericInterface.html#8d5fce184e5b068262becae57f9c2e26" title="GenericInterface::handle_new_packet_event" alt="" coords="311,107,588,133">
<area shape="rect" href="$classGenericInterfaceVcs.html#8483168739e434f026efc7a1adc50274" title="GenericInterfaceVcs::process_event" alt="" coords="649,56,881,83">
<area shape="rect" href="$classGenericInterfaceVcs.html#8c0c9e01f6befcf2850c00a748de6321" title="GenericInterfaceVcs::handle_link_arrival" alt="" coords="931,5,1187,32">
<area shape="rect" href="$classGenericInterfaceVcs.html#13a094111396ae0f7f4dc29fa81a5391" title="GenericInterfaceVcs::handle_tick_event" alt="" coords="932,56,1185,83">
<area shape="rect" href="$classGenericInterface.html#d56b8876204889d3c096fccd61b16b9e" title="GenericInterface::process_event" alt="" coords="660,107,871,133">
<area shape="rect" href="$classGenericInterface.html#b464f9534463b0721ffc77028481d07a" title="GenericInterface::handle_link_arrival" alt="" coords="943,107,1175,133">
<area shape="rect" href="$classGenericInterface.html#d4961765333c7d8132bb0812fa9c356e" title="GenericInterface::handle_tick_event" alt="" coords="944,157,1173,184">
