<area shape="rect" href="$classGenericTPGVcs.html#155b0ddc9e20a35dfef9e6c2203c33f7" title="GenericTPGVcs::process_event" alt="" coords="307,57,515,84">
<area shape="rect" href="$classMSHR__H.html#1dff946e7d92eae286b8f72df7dc0f03" title="MSHR_H::process_event" alt="" coords="563,95,731,121">
<area shape="rect" href="$classGenericTPGVcs.html#ab8db0c7101eecb21e119d6ec398616f" title="GenericTPGVcs::handle_new_packet_event" alt="" coords="780,5,1055,32">
<area shape="rect" href="$classGenericTPG.html#6918083f7cd2bf42000df6e847f0b6d2" title="GenericTPG::handle_new_packet_event" alt="" coords="791,56,1044,83">
<area shape="rect" href="$main_8cc.html#3c04138a5bfe5d72780bb7e82a18e627" title="main" alt="" coords="893,107,941,133">
<area shape="rect" href="$classGenericTPGVcs.html#e160fb292a8caa353c368547c4635469" title="GenericTPGVcs::setup" alt="" coords="840,157,995,184">
<area shape="rect" href="$classGenericTPG.html#574d128d07b2576a1ed48b2201ceb3e7" title="GenericTPG::setup" alt="" coords="851,208,984,235">
<area shape="rect" href="$classGenericTPG.html#a2e59f102384206268808835bcb9d5b5" title="GenericTPG::process_event" alt="" coords="1104,56,1291,83">
