<area shape="rect" href="$classRouter.html" title="{Router\n|+ input_connections\l+ output_connections\l+ ports\l+ vcs\l+ credits\l+ buffer_size\l|+ Router()\l+ ~Router()\l+ set_no_nodes()\l+ init()\l+ toString()\l+ print_stats()\l+ set_grid_x_location()\l+ set_grid_y_location()\l}" alt="" coords="636,2853,788,3125">
<area shape="rect" href="$classNetworkComponent.html" title="{NetworkComponent\n|+ type\l+ name\l+ address\l+ node_ip\l|+ NetworkComponent()\l+ ~NetworkComponent()\l+ toString()\l+ process_event()\l}" alt="" coords="540,2245,703,2421">
<area shape="rect" href="$classComponent.html" title="{Component\n|+ inLinks\l+ outLinks\l&#45; componentId\l|+ Component()\l+ Component()\l+ ~Component()\l+ setComponentId()\l+ addInputLink()\l+ addOutputLink()\l+ myId()\l}" alt="" coords="448,1829,584,2037">
<area shape="rect" href="$classLink.html" title="{Link\n|+ src\l+ width\l+ outputs\l|+ Link()\l+ Send()\l}" alt="" coords="304,765,379,893">
<area shape="rect" href="$classOutputBase.html" title="{OutputBase\n|+ componentId\l+ latency\l|+ OutputBase()\l+ CallHandler()\l}" alt="" coords="5,157,115,269">
<area shape="rect" title="STL class." alt="" coords="147,173,243,253">
<area shape="rect" title="STL class." alt="" coords="1443,173,1557,253">
<area shape="rect" title="STL class." alt="" coords="3005,301,3120,381">
<area shape="rect" title="STL class." alt="" coords="717,789,797,869">
<area shape="rect" href="$classGenericVcAllocator.html" title="This class allocates an output virtual channel to all requesting input messages...." alt="" coords="1052,1157,1244,1605">
<area shape="rect" href="$classPToPSwitchArbiterVcs.html" title="{PToPSwitchArbiterVcs\n|+ address\l+ name\l+ node_ip\l&#45; ports\l&#45; vcs\l&#45; requested\l&#45; priority_reqs\l&#45; requesting_inputs\l&#45; last_winner\l&#45; last_port_winner\l|+ PToPSwitchArbiterVcs()\l+ ~PToPSwitchArbiterVcs()\l+ resize()\l+ is_requested()\l+ clear_requestor()\l+ request()\l+ pick_winner()\l+ do_round_robin_arbitration()\l+ do_priority_round_robin_arbitration()\l+ do_fcfs_arbitration()\l+ request()\l+ is_empty()\l+ toString()\l}" alt="" coords="693,1173,933,1589">
<area shape="rect" href="$classGenericRC.html" title="{GenericRC\n|+ node_ip\l+ address\l+ grid_xloc\l+ grid_yloc\l&#45; name\l&#45; vcs\l&#45; possible_out_ports\l&#45; possible_out_vcs\l&#45; addresses\l|+ GenericRC()\l+ ~GenericRC()\l+ push()\l+ get_output_port()\l+ speculate_port()\l+ speculate_channel()\l+ get_virtual_channel()\l+ resize()\l+ get_no_channels()\l+ no_adaptive_ports()\l+ no_adaptive_vcs()\l+ is_empty()\l+ toString()\l&#45; route_x_y()\l&#45; route_negative_first()\l&#45; route_west_first()\l&#45; route_north_last()\l&#45; route_north_last_non_minimal()\l&#45; route_odd_even()\l}" alt="" coords="2504,1685,2715,2181">
<area shape="rect" title="STL class." alt="" coords="679,405,836,485">
<area shape="rect" href="$classGenericCrossbar.html" title="{GenericCrossbar\n|&#45; map\l&#45; input_ports\l&#45; output_ports\l&#45; vcs\l&#45; busy\l|+ GenericCrossbar()\l+ ~GenericCrossbar()\l+ setup()\l+ get_no_input_ports()\l+ get_no_output_ports()\l+ set_no_virtual_channels()\l+ get_no_channels()\l+ get_map()\l+ configure_crossbar()\l+ push()\l+ pull()\l+ is_full()\l+ is_empty()\l+ toString()\l&#45; clear()\l}" alt="" coords="1808,1197,1989,1565">
<area shape="rect" href="$classPhit.html" title="{Phit\n|+ data\l|+ Phit()\l+ ~Phit()\l+ toString()\l}" alt="" coords="2000,773,2085,885">
<area shape="rect" href="$classGenericRC_1_1Address.html" title="{GenericRC::GenericRC::Address\n|+ route_valid\l+ channel\l+ out_port\l+ last_adaptive_port\l+ last_vc\l+ possible_out_ports\l+ possible_out_vcs\l|}" alt="" coords="2472,741,2683,917">
<area shape="rect" href="$classInputBufferState.html" title="{InputBufferState\n|+ input_port\l+ input_channel\l+ output_port\l+ output_channel\l+ stat_pkt_intime\l+ arrival_time\l+ length\l+ credits_sent\l+ possible_ovcs\l+ possible_oports\l+ pipe_stage\l+ msg_class\l+ address\l+ destination\l+ clear_message\l+ sa_head_done\l+ flits_in_ib\l+ sent_head\l+ has_pending_pkts\l+ pkt_in_progress\l+ bodies_sent\l|+ InputBufferState()\l+ ~InputBufferState()\l+ toString()\l}" alt="" coords="1597,613,1741,1045">
<area shape="rect" href="$classSA__unit.html" title="{SA_unit\n|+ port\l+ ch\l+ in_time\l+ win_cycle\l|+ SA_unit()\l}" alt="" coords="273,149,364,277">
<area shape="rect" href="$classGenericBuffer.html" title="{GenericBuffer\n|+ buffers\l+ next_port\l&#45; credits\l&#45; vcs\l&#45; buffer_size\l&#45; max_credits\l&#45; pull_channel\l&#45; push_channel\l|+ GenericBuffer()\l+ ~GenericBuffer()\l+ push()\l+ pull()\l+ peek()\l+ get_occupancy()\l+ resize()\l+ get_no_vcs()\l+ change_pull_channel()\l+ change_push_channel()\l+ get_pull_channel()\l+ get_push_channel()\l+ is_channel_full()\l+ is_empty()\l+ toString()\l+ got_credit()\l+ get_no_credits()\l+ set_no_credits()\l}" alt="" coords="2501,2757,2672,3221">
<area shape="rect" href="$classBuffer.html" title="{Buffer\n||+ Buffer()\l+ ~Buffer()\l+ push()\l+ pull()\l+ get_occupancy()\l}" alt="" coords="2476,2533,2604,2677">
<area shape="rect" href="$classFlit.html" title="{Flit\n|+ phits\l+ type\l+ vc\l+ is_single_flit_pkt\l|+ Flit()\l+ ~Flit()\l+ populate_phit_data()\l+ toString()\l}" alt="" coords="2052,1845,2201,2021">
<area shape="rect" href="$classCrossbar.html" title="{Crossbar\n||+ Crossbar()\l+ ~Crossbar()\l+ get_no_input_ports()\l+ get_no_output_ports()\l+ get_no_channels()\l+ get_map()\l+ configure_crossbar()\l+ is_full()\l+ is_empty()\l}" alt="" coords="1816,725,1976,933">
