<area shape="rect" href="$classBankHandler.html#ff84a6f67d0bffbe69b069d7f2e718af" title="Main process function." alt="" coords="225,132,412,159">
<area shape="rect" href="$classAddrMap.html#e3ac527bcffced20f090db49c4047b60" title="Main function that handles this class." alt="" coords="463,56,628,83">
<area shape="rect" href="$classRequestHandler.html#c295b7e01ed866b390c93a559f375b2f" title="RequestHandler::process_event" alt="" coords="679,56,884,83">
<area shape="rect" href="$classNI.html#e46ba8d7412bc25bd55002faf8415360" title="NI::handle_new_packet_event" alt="" coords="935,107,1129,133">
<area shape="rect" href="$main_8cc.html#3c04138a5bfe5d72780bb7e82a18e627" title="main" alt="" coords="1008,5,1056,32">
<area shape="rect" href="$classMC.html#bf467a900cc11b932afd0e7432dd504c" title="MC::sim_main" alt="" coords="1191,56,1295,83">
<area shape="rect" href="$classNI.html#3ed3e6f65c38e630706af16212ded02a" title="NI::process_event" alt="" coords="1179,107,1307,133">
<area shape="rect" href="$classResponseHandler.html#da5e60fb1d62f5ca755dca334bb18f5c" title="ResponseHandler::process_event" alt="" coords="1355,157,1571,184">
<area shape="rect" href="$classNI.html#13ba7118e07f54025cdd57e4ea877b1d" title="NI::handle_out_pull_event" alt="" coords="1637,107,1808,133">
<area shape="rect" href="$classDataBusHandler.html#62a38fff68da7ad9ad513f14de385297" title="Handles all the operations of the data bus." alt="" coords="1619,157,1827,184">
<area shape="rect" href="$classDRAMChannel.html#7a3494f58f927c1df099501d5b2daeba" title="DRAMChannel::process_event" alt="" coords="1875,157,2075,184">
<area shape="rect" href="$classCmdIssuer.html#37cfadf3b2fe7118c26dc5bdee0e92b0" title="CmdIssuer::process_event" alt="" coords="2380,145,2556,172">
<area shape="rect" href="$classCmdBusHandler.html#44390dde03f10f199967fe7fa30b55f6" title="main function that handles the operation of cmd bus" alt="" coords="2123,157,2331,184">
<area shape="rect" href="$classRefreshMgr.html#19d89c100f78a655bd7860111755128c" title="RefreshMgr::process_event" alt="" coords="2605,132,2787,159">
<area shape="rect" href="$classMC.html#1f4c68b63112b1bd4fa8bcdf47a8e57c" title="MC::StartRefresh" alt="" coords="2835,125,2957,152">
<area shape="rect" href="$classMC.html#05109b1e9678c5d598027d7c47d7b2a4" title="MC::Init" alt="" coords="3007,119,3073,145">
<area shape="rect" href="$manifold__simmc_8cc.html#3c04138a5bfe5d72780bb7e82a18e627" title="main" alt="" coords="3124,88,3172,115">
