<area shape="rect" href="$classcore__oracle__t.html#999bfe83c41ad19d351d0cfc5cc1b16a" title="core_oracle_t::commit_dependencies" alt="" coords="213,35,451,61">
<area shape="rect" href="$classcore__oracle__t.html#ba02df09c524181a44404676f33669a5" title="core_oracle_t::commit_uop" alt="" coords="499,35,677,61">
<area shape="rect" href="$classcore__commit__STM__t.html#85aa9cf8ff881266aaa410ae47c4289c" title="core_commit_STM_t::recover" alt="" coords="236,187,428,213">
<area shape="rect" href="$classcore__commit__DPM__t.html#15b00a68dd968c3fbfa365c85ec1b3d5" title="core_commit_DPM_t::recover" alt="" coords="235,237,429,264">
<area shape="rect" href="$classcore__oracle__t.html#56379122fc2f63fc767cdf82e346b98b" title="core_oracle_t::undo_dependencies" alt="" coords="221,136,443,163">
<area shape="rect" href="$classcore__commit__STM__t.html#528f84be030a7ec19bf27ac995a64497" title="core_commit_STM_t::step" alt="" coords="1273,136,1449,163">
<area shape="rect" href="$classcore__commit__DPM__t.html#b3b35af5a3e6aa82d61761a07da5642a" title="core_commit_DPM_t::step" alt="" coords="1273,85,1449,112">
<area shape="rect" href="$classcore__oracle__t.html#0d7765bb5655c1dd28f758143caaa8ce" title="core_oracle_t::undo" alt="" coords="520,161,656,188">
<area shape="rect" href="$classcore__oracle__t.html#9f125e90b225555a2632277161f3b27c" title="core_oracle_t::complete_flush" alt="" coords="727,161,921,188">
<area shape="rect" href="$classcore__oracle__t.html#3262388e107011060f8fe40023f235c5" title="core_oracle_t::recover" alt="" coords="749,541,899,568">
<area shape="rect" href="$sim-zesto_8cpp.html#46f3df2fecce36d299cd1dd4534d0088" title="emergency_recovery" alt="" coords="1013,237,1155,264">
<area shape="rect" href="$classcore__oracle__t.html#cd307b32aa377a56b3f4dc79b2122038" title="core_oracle_t::reset_execution" alt="" coords="984,136,1184,163">
<area shape="rect" href="$classzesto__component.html#14b525d106d3d5e07baa194738c1db1b" title="zesto_component::downtick_handler" alt="" coords="1245,212,1477,239">
<area shape="rect" href="$classzesto__component.html#74c85ea8b1296c7eb0c17ddb7c4b11c4" title="zesto_component::zesto_component" alt="" coords="1531,212,1765,239">
<area shape="rect" href="$manifold__fullsim_8cc.html#0ddf1224851353fc92bfbff6f499fa97" title="main" alt="" coords="1905,212,1953,239">
<area shape="rect" href="$classcore__decode__STM__t.html#93b45571ae295d090bb1c0d7dbd4dd92" title="core_decode_STM_t::check_target" alt="" coords="972,643,1196,669">
<area shape="rect" href="$classcore__decode__DPM__t.html#c9b4b51bfe96647c83c7c03f7cc93c66" title="core_decode_DPM_t::check_target" alt="" coords="972,795,1196,821">
<area shape="rect" href="$classcore__oracle__t.html#c687f6e9c8564e5fd108ca8c9f771dce" title="core_oracle_t::pipe_recover" alt="" coords="993,465,1175,492">
<area shape="rect" href="$classcore__fetch__DPM__t.html#ea30ffd48743742fc279699c80c0a848" title="core_fetch_DPM_t::step" alt="" coords="1003,541,1165,568">
<area shape="rect" href="$classcore__decode__STM__t.html#625638f540db40ab858ef2831acbee93" title="core_decode_STM_t::check_flush" alt="" coords="1252,757,1471,784">
<area shape="rect" href="$classcore__decode__STM__t.html#3698253fd5299f38caf182024bb7de28" title="core_decode_STM_t::step" alt="" coords="1561,769,1735,796">
<area shape="rect" href="$classcore__decode__DPM__t.html#0530ed274d5a254a4ea9fc8756cf926f" title="core_decode_DPM_t::check_flush" alt="" coords="1252,808,1471,835">
<area shape="rect" href="$classcore__decode__DPM__t.html#49fb30b42b4e7d1a058534397eea92fb" title="core_decode_DPM_t::step" alt="" coords="1560,820,1736,847">
<area shape="rect" href="$classcore__exec__STM__t.html#540633073e073ec71f940afde5291866" title="core_exec_STM_t::ALU_exec" alt="" coords="1264,516,1459,543">
<area shape="rect" href="$classcore__exec__DPM__t.html#7275a99b63b767196f8a0ff94acac19f" title="core_exec_DPM_t::ALU_exec" alt="" coords="1551,364,1745,391">
<area shape="rect" href="$classcore__exec__DPM__t.html#3abf667bd2a370573ac2d255e8a0738b" title="core_exec_DPM_t::LDQ_schedule" alt="" coords="1819,643,2040,669">
<area shape="rect" href="$classcore__exec__STM__t.html#f57f6b1ac6414e6e190a4e1eaf6e97a3" title="core_exec_STM_t::LDST_exec" alt="" coords="1260,415,1463,441">
<area shape="rect" href="$classcore__exec__DPM__t.html#23c9e1a684a28d4dacd9eb9ba2365d84" title="core_exec_DPM_t::LDST_exec" alt="" coords="1547,440,1749,467">
<area shape="rect" href="$classcore__exec__STM__t.html#0d2c55f76d3fae124581ef79b30c5f75" title="core_exec_STM_t::load_writeback" alt="" coords="1251,263,1472,289">
<area shape="rect" href="$classcore__exec__DPM__t.html#b07c4d1f245b656e14be9138c5a6070e" title="core_exec_DPM_t::load_writeback" alt="" coords="1251,643,1472,669">
<area shape="rect" href="$classcore__oracle__t.html#d79ed0d31e9421037f71a3aae2aa0cbb" title="core_oracle_t::pipe_flush" alt="" coords="1279,364,1444,391">
<area shape="rect" href="$classcore__exec__STM__t.html#810c412a56e75e6c1cea5cd2c65e47c4" title="core_exec_STM_t::DL1_callback" alt="" coords="1541,313,1755,340">
<area shape="rect" href="$classcore__exec__STM__t.html#8cb44d908fb86f4b516e691589e54928" title="core_exec_STM_t::DTLB_callback" alt="" coords="1537,263,1759,289">
<area shape="rect" href="$classcore__exec__STM__t.html#2cae51e2894ca498a2ff807be9a79422" title="core_exec_STM_t::LDQ_schedule" alt="" coords="1820,288,2039,315">
<area shape="rect" href="$classcore__exec__DPM__t.html#109d24bd6ea7ae6180264e1cbc763748" title="core_exec_DPM_t::DL1_callback" alt="" coords="1541,668,1755,695">
<area shape="rect" href="$classcore__exec__DPM__t.html#d5d17ca90be424042d6c5051903537d2" title="core_exec_DPM_t::DL1_split_callback" alt="" coords="1525,719,1771,745">
<area shape="rect" href="$classcore__exec__DPM__t.html#4e14cd7a5104eceeb931ef5498cc6a78" title="core_exec_DPM_t::DTLB_callback" alt="" coords="1536,617,1760,644">
