<area shape="rect" href="$classcore__exec__DPM__t.html#2b25eac2731434d9ca1f5ef99297bac6" title="core_exec_DPM_t::insert_ready_uop" alt="" coords="295,219,529,245">
<area shape="rect" href="$classcore__exec__DPM__t.html#3abf667bd2a370573ac2d255e8a0738b" title="core_exec_DPM_t::LDQ_schedule" alt="" coords="1165,117,1387,144">
<area shape="rect" href="$classcore__exec__DPM__t.html#23c9e1a684a28d4dacd9eb9ba2365d84" title="core_exec_DPM_t::LDST_exec" alt="" coords="883,345,1085,372">
<area shape="rect" href="$classcore__exec__DPM__t.html#c18400df36d37f24fcb9c47cb356700a" title="core_exec_DPM_t::load_miss_reschedule" alt="" coords="852,193,1116,220">
<area shape="rect" href="$classcore__exec__DPM__t.html#b07c4d1f245b656e14be9138c5a6070e" title="core_exec_DPM_t::load_writeback" alt="" coords="580,117,801,144">
<area shape="rect" href="$classcore__exec__DPM__t.html#8151e39fd37a59e7616c15a7ba80d101" title="core_exec_DPM_t::RS_schedule" alt="" coords="584,345,797,372">
<area shape="rect" href="$classcore__exec__DPM__t.html#27ca36090494dd73c82ce0fecb9b423e" title="core_exec_DPM_t::snatch_back" alt="" coords="585,244,796,271">
<area shape="rect" href="$classcore__exec__DPM__t.html#109d24bd6ea7ae6180264e1cbc763748" title="core_exec_DPM_t::DL1_callback" alt="" coords="877,92,1091,119">
<area shape="rect" href="$classcore__exec__DPM__t.html#d5d17ca90be424042d6c5051903537d2" title="core_exec_DPM_t::DL1_split_callback" alt="" coords="861,143,1107,169">
<area shape="rect" href="$classcore__exec__DPM__t.html#4e14cd7a5104eceeb931ef5498cc6a78" title="core_exec_DPM_t::DTLB_callback" alt="" coords="872,41,1096,68">
<area shape="rect" href="$classcore__exec__DPM__t.html#7275a99b63b767196f8a0ff94acac19f" title="core_exec_DPM_t::ALU_exec" alt="" coords="887,295,1081,321">
