<area shape="rect" href="$classProcessor.html" title="{Processor\n|+ interface_connections\l+ ni_recv\l|+ Processor()\l+ ~Processor()\l+ init()\l+ toString()\l+ process_event()\l+ setup()\l+ set_output_path()\l+ print_stats()\l}" alt="" coords="465,2917,625,3125">
<area shape="rect" href="$classNetworkComponent.html" title="{NetworkComponent\n|+ type\l+ name\l+ address\l+ node_ip\l|+ NetworkComponent()\l+ ~NetworkComponent()\l+ toString()\l+ process_event()\l}" alt="" coords="173,1861,336,2037">
<area shape="rect" href="$classInterface.html" title="{Interface\n|+ processor_connection\l+ input_connection\l+ output_connection\l|+ Interface()\l+ ~Interface()\l+ toString()\l+ setup()\l+ set_no_credits()\l+ set_buffer_size()\l+ set_no_vcs()\l+ process_event()\l+ print_stats()\l+ get_packets_out()\l+ get_packets()\l+ get_flits_out()\l}" alt="" coords="239,2341,399,2629">
<area shape="rect" href="$classIrisLink.html" title="{IrisLink\n|+ input_connection\l+ output_connection\l|+ IrisLink()\l+ ~IrisLink()\l+ toString()\l+ process_event()\l}" alt="" coords="369,2117,508,2261">
<area shape="rect" href="$classComponent.html" title="{Component\n|+ inLinks\l+ outLinks\l&#45; componentId\l|+ Component()\l+ Component()\l+ ~Component()\l+ setComponentId()\l+ addInputLink()\l+ addOutputLink()\l+ myId()\l}" alt="" coords="5,1461,141,1669">
<area shape="rect" href="$classLink.html" title="{Link\n|+ src\l+ width\l+ outputs\l|+ Link()\l+ Send()\l}" alt="" coords="288,765,363,893">
<area shape="rect" href="$classOutputBase.html" title="{OutputBase\n|+ componentId\l+ latency\l|+ OutputBase()\l+ CallHandler()\l}" alt="" coords="547,149,656,261">
<area shape="rect" title="STL class." alt="" coords="719,165,815,245">
<area shape="rect" title="STL class." alt="" coords="829,789,944,869">
<area shape="rect" title="STL class." alt="" coords="1099,285,1213,365">
<area shape="rect" title="STL class." alt="" coords="215,1525,295,1605">
<area shape="rect" title="STL class." alt="" coords="349,1173,507,1253">
<area shape="rect" title="STL class." alt="" coords="764,2981,855,3061">
<area shape="rect" title="STL class." alt="" coords="696,2709,867,2789">
<area shape="rect" title="STL class." alt="" coords="633,2445,812,2525">
<area shape="rect" title="STL class." alt="" coords="637,2149,808,2229">
<area shape="rect" title="STL class." alt="" coords="704,1909,848,1989">
<area shape="rect" title="STL class." alt="" coords="832,2149,1008,2229">
<area shape="rect" title="STL class." alt="" coords="727,1525,825,1605">
<area shape="rect" title="STL class." alt="" coords="836,2445,1012,2525">
<area shape="rect" href="$classRequest.html" title="The main data structure for each memory operation that flows in the memory controller..." alt="" coords="1385,549,1540,1109">
<area shape="rect" href="$structData.html" title="{Data\n|+ value\l+ size\l|}" alt="" coords="1431,389,1495,485">
<area shape="rect" href="$classHighLevelPacket.html" title="{HighLevelPacket\n|+ addr\l+ avg_network_latency\l+ hop_count\l+ stat_memory_serviced_time\l+ req_start_time\l+ waiting_in_ni\l+ source\l+ destination\l+ pkt_cnt\l+ reqs_left\l+ startIndex\l+ vn\l+ msg_class\l+ virtual_channel\l+ transaction_id\l+ sent_time\l+ recv_time\l+ data_payload_length\l+ data\l|+ HighLevelPacket()\l+ ~HighLevelPacket()\l+ get_transit_time()\l+ to_low_level_packet()\l+ from_low_level_packet()\l+ toString()\l+ operator==()\l}" alt="" coords="1075,1333,1272,1797">
<area shape="rect" title="STL class." alt="" coords="875,2813,973,2893">
