<area shape="rect" href="$classGenericTPGVcs.html#c54379bdfa1089a5e8d6ddc6957e2395" title="GenericTPGVcs::GetRequest" alt="" coords="272,57,464,84">
<area shape="rect" href="$classGenericTPGVcs.html#38763a186bf49ee00aaa5ebc4943614d" title="GenericTPGVcs::handle_out_pull_event" alt="" coords="513,57,764,84">
<area shape="rect" href="$classGenericTPGVcs.html#155b0ddc9e20a35dfef9e6c2203c33f7" title="GenericTPGVcs::process_event" alt="" coords="813,57,1021,84">
<area shape="rect" href="$classMSHR__H.html#1dff946e7d92eae286b8f72df7dc0f03" title="MSHR_H::process_event" alt="" coords="1069,95,1237,121">
<area shape="rect" href="$classGenericTPGVcs.html#ab8db0c7101eecb21e119d6ec398616f" title="GenericTPGVcs::handle_new_packet_event" alt="" coords="1287,5,1561,32">
<area shape="rect" href="$classGenericTPG.html#6918083f7cd2bf42000df6e847f0b6d2" title="GenericTPG::handle_new_packet_event" alt="" coords="1297,56,1551,83">
<area shape="rect" href="$main_8cc.html#3c04138a5bfe5d72780bb7e82a18e627" title="main" alt="" coords="1400,107,1448,133">
<area shape="rect" href="$classGenericTPGVcs.html#e160fb292a8caa353c368547c4635469" title="GenericTPGVcs::setup" alt="" coords="1347,157,1501,184">
<area shape="rect" href="$classGenericTPG.html#574d128d07b2576a1ed48b2201ceb3e7" title="GenericTPG::setup" alt="" coords="1357,208,1491,235">
<area shape="rect" href="$classGenericTPG.html#a2e59f102384206268808835bcb9d5b5" title="GenericTPG::process_event" alt="" coords="1611,56,1797,83">
