<area shape="rect" href="$classRankHandler.html" title="{RankHandler\n|+ rankId\l+ rbuffer\l+ bank\l+ readsOWrite\l+ prevReadsOWrite\l|+ RankHandler()\l+ ~RankHandler()\l}" alt="" coords="296,2021,432,2181">
<area shape="rect" title="STL class." alt="" coords="224,493,339,573">
<area shape="rect" title="STL class." alt="" coords="12,165,108,245">
<area shape="rect" href="$classBankHandler.html" title="{BankHandler\n|+ bankId\l+ bufferId\l+ myRank\l+ parent\l+ bufferFull\l+ myChannel\l+ rowBufferIndex\l+ prevBufferIndex\l+ rowOpen\l+ bypassReq\l+ prevRowOpen\l+ prevBypassReq\l+ bankTag\l+ bufferFullCounter\l+ bufferOccupancy\l+ bufferSize\l&#45; generated\l&#45; address\l|+ BankHandler()\l+ ~BankHandler()\l+ process_event()\l+ HasWork()\l+ MainScheduler()\l+ PARBS()\l+ FRFCFS()\l+ FCFS()\l+ OldestFirst()\l+ RowHitFirst()\l+ ReadsFirst()\l+ HighestRankedFirst()\l+ ScheduleUnmarked()\l+ FindRank()\l+ FindHighest()\l+ IsBufferFull()\l+ SetReadsOWrite()\l+ SetBypasses()\l+ SetPrevState()\l+ RestorePrevState()\l+ toString()\l}" alt="" coords="57,1141,212,1813">
<area shape="rect" href="$classComponent.html" title="{Component\n|+ inLinks\l+ outLinks\l&#45; componentId\l|+ Component()\l+ Component()\l+ ~Component()\l+ setComponentId()\l+ addInputLink()\l+ addOutputLink()\l+ myId()\l}" alt="" coords="44,869,180,1077">
<area shape="rect" href="$classLink.html" title="{Link\n|+ src\l+ width\l+ outputs\l|+ Link()\l+ Send()\l}" alt="" coords="51,469,125,597">
<area shape="rect" href="$classOutputBase.html" title="{OutputBase\n|+ componentId\l+ latency\l|+ OutputBase()\l+ CallHandler()\l}" alt="" coords="135,149,244,261">
