<area shape="rect" href="$classcore__exec__DPM__t.html#3abf667bd2a370573ac2d255e8a0738b" title="core_exec_DPM_t::LDQ_schedule" alt="" coords="877,117,1099,144">
<area shape="rect" href="$classcore__exec__DPM__t.html#23c9e1a684a28d4dacd9eb9ba2365d84" title="core_exec_DPM_t::LDST_exec" alt="" coords="595,345,797,372">
<area shape="rect" href="$classcore__exec__DPM__t.html#c18400df36d37f24fcb9c47cb356700a" title="core_exec_DPM_t::load_miss_reschedule" alt="" coords="564,193,828,220">
<area shape="rect" href="$classcore__exec__DPM__t.html#b07c4d1f245b656e14be9138c5a6070e" title="core_exec_DPM_t::load_writeback" alt="" coords="292,117,513,144">
<area shape="rect" href="$classcore__exec__DPM__t.html#8151e39fd37a59e7616c15a7ba80d101" title="core_exec_DPM_t::RS_schedule" alt="" coords="296,345,509,372">
<area shape="rect" href="$classcore__exec__DPM__t.html#27ca36090494dd73c82ce0fecb9b423e" title="core_exec_DPM_t::snatch_back" alt="" coords="297,244,508,271">
<area shape="rect" href="$classcore__exec__DPM__t.html#109d24bd6ea7ae6180264e1cbc763748" title="core_exec_DPM_t::DL1_callback" alt="" coords="589,92,803,119">
<area shape="rect" href="$classcore__exec__DPM__t.html#d5d17ca90be424042d6c5051903537d2" title="core_exec_DPM_t::DL1_split_callback" alt="" coords="573,143,819,169">
<area shape="rect" href="$classcore__exec__DPM__t.html#4e14cd7a5104eceeb931ef5498cc6a78" title="core_exec_DPM_t::DTLB_callback" alt="" coords="584,41,808,68">
<area shape="rect" href="$classcore__exec__DPM__t.html#7275a99b63b767196f8a0ff94acac19f" title="core_exec_DPM_t::ALU_exec" alt="" coords="599,295,793,321">
