<area shape="rect" href="$classprefetch__context__t.html" title="{prefetch_context_t\n|# num_entries\l# mask\l# tag_bits\l# next_bits\l# conf_bits\l# u_bits\l# tag_mask\l# next_mask\l# conf_max\l# u_max\l# table\l# last_paddr\l|+ prefetch_context_t()\l+ ~prefetch_context_t()\l}" alt="" coords="5,245,163,517">
<area shape="rect" href="$classprefetch__IP__t.html" title="{prefetch_IP_t\n|# num_entries\l# mask\l# last_addr_bits\l# last_stride_bits\l# last_prefetch_bits\l# last_addr_mask\l# last_stride_mask\l# last_prefetch_mask\l# table\l|+ prefetch_IP_t()\l+ ~prefetch_IP_t()\l}" alt="" coords="187,269,333,493">
<area shape="rect" href="$classprefetch__nextline__t.html" title="{prefetch_nextline_t\n||+ prefetch_nextline_t()\l}" alt="" coords="357,341,509,421">
<area shape="rect" href="$classprefetch__stream__t.html" title="{prefetch_stream_t\n|# num_upstream_entries\l# num_downstream_entries\l# upstream\l# downstream\l# upstream_head\l# downstream_head\l|+ prefetch_stream_t()\l+ ~prefetch_stream_t()\l}" alt="" coords="533,293,712,469">
