<area shape="rect" title="STL class." alt="" coords="587,341,701,421">
<area shape="rect" title="STL class." alt="" coords="333,165,429,245">
<area shape="rect" href="$classComponent.html" title="{Component\n|+ inLinks\l+ outLinks\l&#45; componentId\l|+ Component()\l+ Component()\l+ ~Component()\l+ setComponentId()\l+ addInputLink()\l+ addOutputLink()\l+ myId()\l}" alt="" coords="152,1333,288,1541">
<area shape="rect" href="$classCmdIssuer.html" title="{CmdIssuer\n|+ parent\l+ dataBus\l+ cmdBus\l+ Id\l+ bufferId\l+ prevState\l+ busBusy\l+ generated_start_event\l+ prevBusCmd\l|+ CmdIssuer()\l+ ~CmdIssuer()\l+ process_event()\l+ HasWork()\l+ toString()\l+ IssueCmd()\l+ BankNotBusy()\l+ BanksFirstReq()\l+ BusNotBusy()\l+ CanSchedule()\l+ SetBusBusyTime()\l+ CmdDelay()\l+ CalculateDataDelay()\l+ CalculateBurstL()\l+ CalculateBusyTime()\l+ SetPrevState()\l+ Max()\l}" alt="" coords="336,1893,499,2357">
<area shape="rect" href="$classDataBusHandler.html" title="The data bus class." alt="" coords="105,1637,249,1829">
<area shape="rect" href="$classCmdBusHandler.html" title="The cmd bus class." alt="" coords="273,1661,417,1805">
<area shape="rect" href="$classLink.html" title="{Link\n|+ src\l+ width\l+ outputs\l|+ Link()\l+ Send()\l}" alt="" coords="84,501,159,629">
<area shape="rect" href="$classOutputBase.html" title="{OutputBase\n|+ componentId\l+ latency\l|+ OutputBase()\l+ CallHandler()\l}" alt="" coords="33,149,143,261">
<area shape="rect" href="$structChannelState.html" title="{ChannelState\n|+ rank\l+ prevCmdRank\l+ prevCmdBank\l+ prevCmdTime\l+ cmd\l|+ ChannelState()\l}" alt="" coords="525,1661,645,1805">
<area shape="rect" href="$structDRAMCmdState.html" title="{DRAMCmdState\n|+ cmd\l+ req\l+ burst\l|+ set()\l+ DRAMCmdState()\l+ ~DRAMCmdState()\l}" alt="" coords="567,1365,711,1509">
<area shape="rect" href="$classRequest.html" title="The main data structure for each memory operation that flows in the memory controller..." alt="" coords="496,693,651,1253">
<area shape="rect" href="$structData.html" title="{Data\n|+ value\l+ size\l|}" alt="" coords="543,517,607,613">
<area shape="rect" href="$structRankState.html" title="{RankState\n|+ bank\l|+ RankState()\l}" alt="" coords="320,933,421,1013">
<area shape="rect" href="$structBankState.html" title="{BankState\n|+ prevRow\l+ prevCmd\l+ prevCmdTime\l|+ BankState()\l}" alt="" coords="195,325,309,437">
