<area shape="rect" href="$classInterface.html" title="{Interface\n|+ processor_connection\l+ input_connection\l+ output_connection\l|+ Interface()\l+ ~Interface()\l+ toString()\l+ setup()\l+ set_no_credits()\l+ set_buffer_size()\l+ set_no_vcs()\l+ process_event()\l+ print_stats()\l+ get_packets_out()\l+ get_packets()\l+ get_flits_out()\l}" alt="" coords="152,2221,312,2509">
<area shape="rect" href="$classNetworkComponent.html" title="{NetworkComponent\n|+ type\l+ name\l+ address\l+ node_ip\l|+ NetworkComponent()\l+ ~NetworkComponent()\l+ toString()\l+ process_event()\l}" alt="" coords="112,1317,275,1493">
<area shape="rect" href="$classIrisLink.html" title="{IrisLink\n|+ input_connection\l+ output_connection\l|+ IrisLink()\l+ ~IrisLink()\l+ toString()\l+ process_event()\l}" alt="" coords="5,1741,144,1885">
<area shape="rect" href="$classComponent.html" title="{Component\n|+ inLinks\l+ outLinks\l&#45; componentId\l|+ Component()\l+ Component()\l+ ~Component()\l+ setComponentId()\l+ addInputLink()\l+ addOutputLink()\l+ myId()\l}" alt="" coords="243,1013,379,1221">
<area shape="rect" href="$classLink.html" title="{Link\n|+ src\l+ width\l+ outputs\l|+ Link()\l+ Send()\l}" alt="" coords="269,597,344,725">
<area shape="rect" href="$classOutputBase.html" title="{OutputBase\n|+ componentId\l+ latency\l|+ OutputBase()\l+ CallHandler()\l}" alt="" coords="155,149,264,261">
<area shape="rect" title="STL class." alt="" coords="339,165,435,245">
<area shape="rect" title="STL class." alt="" coords="799,165,913,245">
<area shape="rect" title="STL class." alt="" coords="1209,493,1324,573">
<area shape="rect" title="STL class." alt="" coords="403,285,517,365">
<area shape="rect" title="STL class." alt="" coords="133,1077,213,1157">
<area shape="rect" title="STL class." alt="" coords="85,853,243,933">
<area shape="rect" href="$classGenericBuffer.html" title="{GenericBuffer\n|+ buffers\l+ next_port\l&#45; credits\l&#45; vcs\l&#45; buffer_size\l&#45; max_credits\l&#45; pull_channel\l&#45; push_channel\l|+ GenericBuffer()\l+ ~GenericBuffer()\l+ push()\l+ pull()\l+ peek()\l+ get_occupancy()\l+ resize()\l+ get_no_vcs()\l+ change_pull_channel()\l+ change_push_channel()\l+ get_pull_channel()\l+ get_push_channel()\l+ is_channel_full()\l+ is_empty()\l+ toString()\l+ got_credit()\l+ get_no_credits()\l+ set_no_credits()\l}" alt="" coords="784,2133,955,2597">
<area shape="rect" href="$classBuffer.html" title="{Buffer\n||+ Buffer()\l+ ~Buffer()\l+ push()\l+ pull()\l+ get_occupancy()\l}" alt="" coords="773,1741,901,1885">
<area shape="rect" href="$classFlit.html" title="{Flit\n|+ phits\l+ type\l+ vc\l+ is_single_flit_pkt\l|+ Flit()\l+ ~Flit()\l+ populate_phit_data()\l+ toString()\l}" alt="" coords="785,1029,935,1205">
<area shape="rect" href="$classPhit.html" title="{Phit\n|+ data\l|+ Phit()\l+ ~Phit()\l+ toString()\l}" alt="" coords="783,605,868,717">
<area shape="rect" href="$classLowLevelPacket.html" title="{LowLevelPacket\n|+ flits\l+ source\l+ destination\l+ pkt_cnt\l+ transaction_id\l+ msg_class\l+ addr\l+ avg_network_latency\l+ hop_count\l+ stat_memory_serviced_time\l+ req_start_time\l+ waiting_in_ni\l+ virtual_channel\l+ sent_time\l+ length\l+ control_bits\l+ payload\l|+ LowLevelPacket()\l+ ~LowLevelPacket()\l+ clear()\l+ add()\l+ at()\l+ get_next_flit()\l+ toString()\l+ valid_packet()\l+ size()\l+ operator=()\l}" alt="" coords="481,1573,679,2053">
