<area shape="rect" href="$classGenericRouterVct.html#6799bde82a764e2b809287d45796b300" title="Event handle for the TICK_EVENT. Entry from DES kernel." alt="" coords="251,5,488,32">
<area shape="rect" href="$classGenericRouterNoVcs.html#7d1c209f22b3c2d642e65e9b6d283b8e" title="Event handle for the TICK_EVENT. Entry from DES kernel." alt="" coords="241,56,497,83">
<area shape="rect" href="$classGenericRouterAdaptive.html#620da399c2c841ea205f316171fb3c9b" title="Event handle for the TICK_EVENT. Entry from DES kernel." alt="" coords="236,107,503,133">
<area shape="rect" href="$classGenericRouterVct.html#1b370a84cdf38608b64074bb24630703" title="GenericRouterVct::process_event" alt="" coords="568,5,784,32">
<area shape="rect" href="$classGenericRouterNoVcs.html#a2c52d53e127c9a3a029194e77f9f80c" title="GenericRouterNoVcs::process_event" alt="" coords="559,56,793,83">
<area shape="rect" href="$classGenericRouterAdaptive.html#97832df69e1a8333b3ac3861dfe60d41" title="GenericRouterAdaptive::process_event" alt="" coords="552,107,800,133">
