<area shape="rect" href="$classcore__exec__STM__t.html#540633073e073ec71f940afde5291866" title="core_exec_STM_t::ALU_exec" alt="" coords="249,5,444,32">
<area shape="rect" href="$classcore__exec__DPM__t.html#7275a99b63b767196f8a0ff94acac19f" title="core_exec_DPM_t::ALU_exec" alt="" coords="532,56,727,83">
<area shape="rect" href="$classcore__exec__DPM__t.html#3abf667bd2a370573ac2d255e8a0738b" title="core_exec_DPM_t::LDQ_schedule" alt="" coords="800,372,1021,399">
<area shape="rect" href="$classcore__exec__STM__t.html#f57f6b1ac6414e6e190a4e1eaf6e97a3" title="core_exec_STM_t::LDST_exec" alt="" coords="245,157,448,184">
<area shape="rect" href="$classcore__exec__DPM__t.html#23c9e1a684a28d4dacd9eb9ba2365d84" title="core_exec_DPM_t::LDST_exec" alt="" coords="528,119,731,145">
<area shape="rect" href="$classcore__exec__STM__t.html#0d2c55f76d3fae124581ef79b30c5f75" title="core_exec_STM_t::load_writeback" alt="" coords="236,259,457,285">
<area shape="rect" href="$classcore__exec__DPM__t.html#b07c4d1f245b656e14be9138c5a6070e" title="core_exec_DPM_t::load_writeback" alt="" coords="236,328,457,355">
<area shape="rect" href="$classcore__oracle__t.html#d79ed0d31e9421037f71a3aae2aa0cbb" title="core_oracle_t::pipe_flush" alt="" coords="264,107,429,133">
<area shape="rect" href="$classcore__exec__STM__t.html#810c412a56e75e6c1cea5cd2c65e47c4" title="core_exec_STM_t::DL1_callback" alt="" coords="523,195,736,221">
<area shape="rect" href="$classcore__exec__STM__t.html#8cb44d908fb86f4b516e691589e54928" title="core_exec_STM_t::DTLB_callback" alt="" coords="519,245,740,272">
<area shape="rect" href="$classcore__exec__STM__t.html#2cae51e2894ca498a2ff807be9a79422" title="core_exec_STM_t::LDQ_schedule" alt="" coords="801,220,1020,247">
<area shape="rect" href="$classcore__exec__DPM__t.html#109d24bd6ea7ae6180264e1cbc763748" title="core_exec_DPM_t::DL1_callback" alt="" coords="523,296,736,323">
<area shape="rect" href="$classcore__exec__DPM__t.html#d5d17ca90be424042d6c5051903537d2" title="core_exec_DPM_t::DL1_split_callback" alt="" coords="507,347,752,373">
<area shape="rect" href="$classcore__exec__DPM__t.html#4e14cd7a5104eceeb931ef5498cc6a78" title="core_exec_DPM_t::DTLB_callback" alt="" coords="517,397,741,424">
