<area shape="rect" href="$classbpred__t.html#5e29cd0982fcca98f66db5f4cc11321a" title="bpred_t::flush" alt="" coords="167,245,265,272">
<area shape="rect" href="$classbpred__t.html#d355ab253a6029ba45cc4fa10229081d" title="bpred_t::recover" alt="" coords="356,296,471,323">
<area shape="rect" href="$classcore__oracle__t.html#9f125e90b225555a2632277161f3b27c" title="core_oracle_t::complete_flush" alt="" coords="316,644,511,671">
<area shape="rect" href="$classcore__oracle__t.html#3262388e107011060f8fe40023f235c5" title="core_oracle_t::recover" alt="" coords="339,245,488,272">
<area shape="rect" href="$sim-zesto_8cpp.html#46f3df2fecce36d299cd1dd4534d0088" title="emergency_recovery" alt="" coords="603,593,744,620">
<area shape="rect" href="$classcore__oracle__t.html#cd307b32aa377a56b3f4dc79b2122038" title="core_oracle_t::reset_execution" alt="" coords="573,695,773,721">
<area shape="rect" href="$classcore__commit__STM__t.html#528f84be030a7ec19bf27ac995a64497" title="core_commit_STM_t::step" alt="" coords="863,739,1039,765">
<area shape="rect" href="$classcore__commit__DPM__t.html#b3b35af5a3e6aa82d61761a07da5642a" title="core_commit_DPM_t::step" alt="" coords="863,676,1039,703">
<area shape="rect" href="$classzesto__component.html#14b525d106d3d5e07baa194738c1db1b" title="zesto_component::downtick_handler" alt="" coords="835,600,1067,627">
<area shape="rect" href="$classzesto__component.html#74c85ea8b1296c7eb0c17ddb7c4b11c4" title="zesto_component::zesto_component" alt="" coords="1120,600,1355,627">
<area shape="rect" href="$manifold__fullsim_8cc.html#0ddf1224851353fc92bfbff6f499fa97" title="main" alt="" coords="1495,575,1543,601">
<area shape="rect" href="$classcore__decode__STM__t.html#93b45571ae295d090bb1c0d7dbd4dd92" title="core_decode_STM_t::check_target" alt="" coords="561,169,785,196">
<area shape="rect" href="$classcore__decode__DPM__t.html#c9b4b51bfe96647c83c7c03f7cc93c66" title="core_decode_DPM_t::check_target" alt="" coords="561,220,785,247">
<area shape="rect" href="$classcore__oracle__t.html#c687f6e9c8564e5fd108ca8c9f771dce" title="core_oracle_t::pipe_recover" alt="" coords="583,321,764,348">
<area shape="rect" href="$classcore__fetch__DPM__t.html#ea30ffd48743742fc279699c80c0a848" title="core_fetch_DPM_t::step" alt="" coords="592,271,755,297">
<area shape="rect" href="$classcore__decode__STM__t.html#625638f540db40ab858ef2831acbee93" title="core_decode_STM_t::check_flush" alt="" coords="841,5,1060,32">
<area shape="rect" href="$classcore__decode__STM__t.html#3698253fd5299f38caf182024bb7de28" title="core_decode_STM_t::step" alt="" coords="1151,5,1324,32">
<area shape="rect" href="$classcore__decode__DPM__t.html#0530ed274d5a254a4ea9fc8756cf926f" title="core_decode_DPM_t::check_flush" alt="" coords="841,56,1060,83">
<area shape="rect" href="$classcore__decode__DPM__t.html#49fb30b42b4e7d1a058534397eea92fb" title="core_decode_DPM_t::step" alt="" coords="1149,56,1325,83">
<area shape="rect" href="$classcore__exec__STM__t.html#540633073e073ec71f940afde5291866" title="core_exec_STM_t::ALU_exec" alt="" coords="853,347,1048,373">
<area shape="rect" href="$classcore__exec__DPM__t.html#7275a99b63b767196f8a0ff94acac19f" title="core_exec_DPM_t::ALU_exec" alt="" coords="1140,436,1335,463">
<area shape="rect" href="$classcore__exec__DPM__t.html#3abf667bd2a370573ac2d255e8a0738b" title="core_exec_DPM_t::LDQ_schedule" alt="" coords="1408,183,1629,209">
<area shape="rect" href="$classcore__exec__STM__t.html#f57f6b1ac6414e6e190a4e1eaf6e97a3" title="core_exec_STM_t::LDST_exec" alt="" coords="849,296,1052,323">
<area shape="rect" href="$classcore__exec__DPM__t.html#23c9e1a684a28d4dacd9eb9ba2365d84" title="core_exec_DPM_t::LDST_exec" alt="" coords="1136,499,1339,525">
<area shape="rect" href="$classcore__exec__STM__t.html#0d2c55f76d3fae124581ef79b30c5f75" title="core_exec_STM_t::load_writeback" alt="" coords="840,245,1061,272">
<area shape="rect" href="$classcore__exec__DPM__t.html#b07c4d1f245b656e14be9138c5a6070e" title="core_exec_DPM_t::load_writeback" alt="" coords="840,195,1061,221">
<area shape="rect" href="$classcore__oracle__t.html#d79ed0d31e9421037f71a3aae2aa0cbb" title="core_oracle_t::pipe_flush" alt="" coords="868,448,1033,475">
<area shape="rect" href="$classcore__exec__STM__t.html#810c412a56e75e6c1cea5cd2c65e47c4" title="core_exec_STM_t::DL1_callback" alt="" coords="1131,309,1344,336">
<area shape="rect" href="$classcore__exec__STM__t.html#8cb44d908fb86f4b516e691589e54928" title="core_exec_STM_t::DTLB_callback" alt="" coords="1127,360,1348,387">
<area shape="rect" href="$classcore__exec__STM__t.html#2cae51e2894ca498a2ff807be9a79422" title="core_exec_STM_t::LDQ_schedule" alt="" coords="1409,335,1628,361">
<area shape="rect" href="$classcore__exec__DPM__t.html#109d24bd6ea7ae6180264e1cbc763748" title="core_exec_DPM_t::DL1_callback" alt="" coords="1131,157,1344,184">
<area shape="rect" href="$classcore__exec__DPM__t.html#d5d17ca90be424042d6c5051903537d2" title="core_exec_DPM_t::DL1_split_callback" alt="" coords="1115,208,1360,235">
<area shape="rect" href="$classcore__exec__DPM__t.html#4e14cd7a5104eceeb931ef5498cc6a78" title="core_exec_DPM_t::DTLB_callback" alt="" coords="1125,259,1349,285">
<area shape="rect" href="$sim-zesto_8cpp.html#d4465337904f2c1d2b694eb41043de6e" title="sim_fastfwd" alt="" coords="628,441,719,468">
<area shape="rect" href="$sim_8h.html#6b9951fa76e6d8b400f13df1c975ed3b" title="sim_main" alt="" coords="1199,549,1276,576">
