<area shape="rect" href="$classfusion__colt__t.html" title="{fusion_colt_t\n|# meta_size\l# meta_mask\l# counter_width\l# counter_shift\l# counter_max\l# history_size\l# history_mask\l# bhr_width\l# bhr_mask\l# xorshift\l# xormask\l# xor2shift\l# history\l# ftable\l|+ fusion_colt_t()\l+ ~fusion_colt_t()\l}" alt="" coords="5,437,128,741">
<area shape="rect" href="$classfusion__mcfarling__t.html" title="{fusion_mcfarling_t\n|# meta_size\l# meta_mask\l# meta\l|+ fusion_mcfarling_t()\l+ ~fusion_mcfarling_t()\l}" alt="" coords="152,525,307,653">
<area shape="rect" href="$classfusion__multihybrid__t.html" title="{fusion_multihybrid_t\n|# meta_size\l# meta_mask\l# meta\l# meta_direction\l|+ fusion_multihybrid_t()\l+ ~fusion_multihybrid_t()\l}" alt="" coords="331,517,496,661">
<area shape="rect" href="$classfusion__oracle__t.html" title="{fusion_oracle_t\n||+ fusion_oracle_t()\l}" alt="" coords="520,549,648,629">
<area shape="rect" href="$classfusion__priority__t.html" title="{fusion_priority_t\n|# meta_size\l# meta_mask\l# meta\l|+ fusion_priority_t()\l+ ~fusion_priority_t()\l}" alt="" coords="672,525,813,653">
<area shape="rect" href="$classfusion__random__t.html" title="{fusion_random_t\n||+ fusion_random_t()\l}" alt="" coords="837,549,973,629">
<area shape="rect" href="$classfusion__singleton__t.html" title="{fusion_singleton_t\n||+ fusion_singleton_t()\l}" alt="" coords="997,549,1144,629">
