<area shape="rect" href="$classfusion__colt__t.html#62a10d42e1a1fb0acd0acc15b95d0759" title="fusion_colt_t::fusion_colt_t" alt="" coords="189,5,365,32">
<area shape="rect" href="$classfusion__mcfarling__t.html#0afadbbb9fe390612e1e68d47e71850c" title="fusion_mcfarling_t::fusion_mcfarling_t" alt="" coords="157,56,397,83">
<area shape="rect" href="$classfusion__multihybrid__t.html#ee0f68e6dda5d2af198902b89d55fae5" title="fusion_multihybrid_t::fusion_multihybrid_t" alt="" coords="147,107,408,133">
<area shape="rect" href="$classfusion__oracle__t.html#1d1c8762be0084d506cdd885f6434367" title="fusion_oracle_t::fusion_oracle_t" alt="" coords="175,157,380,184">
<area shape="rect" href="$classfusion__priority__t.html#33079f2aba9580affb3815bfd3d10add" title="fusion_priority_t::fusion_priority_t" alt="" coords="171,208,384,235">
<area shape="rect" href="$classfusion__random__t.html#c7a64dc43d150d5995100b3e6a6a92ca" title="fusion_random_t::fusion_random_t" alt="" coords="167,259,388,285">
<area shape="rect" href="$classfusion__singleton__t.html#1cddc9acd3ec6f4237eea314bb153cb5" title="fusion_singleton_t::fusion_singleton_t" alt="" coords="157,309,397,336">
