<area shape="rect" href="$classbpred__2bC__t_1_1bpred__2bC__sc__t.html" title="{bpred_2bC_t::bpred_2bC_t::bpred_2bC_sc_t\n|+ current_ctr\l|}" alt="" coords="5,229,283,309">
<area shape="rect" href="$classbpred__2lev__t_1_1bpred__2lev__sc__t.html" title="{bpred_2lev_t::bpred_2lev_t::bpred_2lev_sc_t\n|+ current_ctr\l+ bhr\l+ lookup_bhr\l|}" alt="" coords="307,213,587,325">
<area shape="rect" href="$classbpred__alloyedperceptron__t_1_1bpred__alloyedperceptron__sc__t.html" title="{bpred_alloyedperceptron_t::bpred_alloyedperceptron_t::bpred_alloyedperceptron_sc_t\n|+ top_entry\l+ ltop_entry\l+ lbhr\l+ sum\l+ lookup_bhr\l|}" alt="" coords="611,197,1125,341">
<area shape="rect" href="$classbpred__bimode__t_1_1bpred__bimode__sc__t.html" title="{bpred_bimode_t::bpred_bimode_t::bpred_bimode_sc_t\n|+ bhr\l+ select_ctr\l+ pred_ctr\l+ updated\l+ lookup_bhr\l|}" alt="" coords="1149,197,1483,341">
<area shape="rect" href="$classbpred__blg__t_1_1bpred__blg__sc__t.html" title="{bpred_blg_t::bpred_blg_t::bpred_blg_sc_t\n|+ PC\l+ lookup_stew\l+ lookup_L_hist\l+ B_index\l+ L_index\l+ L_hist_index\l+ G_index\l+ B_pred\l+ L_pred\l+ G_pred\l+ G_hit\l+ L_hit\l+ G_tag\l|}" alt="" coords="1507,133,1765,405">
<area shape="rect" href="$classbpred__pathneural__t_1_1bpred__pathneural__sc__t.html" title="{bpred_pathneural_t::bpred_pathneural_t::bpred_pathneural_sc_t\n|+ bhr\l+ lookup_bhr\l+ lookup_path\l+ lookup_PC\l+ sum\l|}" alt="" coords="1789,197,2176,341">
<area shape="rect" href="$classbpred__perceptron__t_1_1bpred__perceptron__sc__t.html" title="{bpred_perceptron_t::bpred_perceptron_t::bpred_perceptron_sc_t\n|+ top_entry\l+ sum\l+ lookup_bhr\l+ lookup_bhr_old\l|}" alt="" coords="2200,205,2592,333">
<area shape="rect" href="$classbpred__pwl__t_1_1bpred__pwl__sc__t.html" title="{bpred_pwl_t::bpred_pwl_t::bpred_pwl_sc_t\n|+ bhr\l+ lookup_bhr\l+ lookup_path\l+ lookup_PC\l+ sum\l|}" alt="" coords="2616,197,2880,341">
<area shape="rect" href="$classbpred__skewed__t_1_1bpred__skewed__sc__t.html" title="{bpred_skewed_t::bpred_skewed_t::bpred_skewed_sc_t\n|+ pht_ctr\l+ bhr\l+ pred\l+ lookup_bhr\l|}" alt="" coords="2904,205,3243,333">
<area shape="rect" href="$classbpred__tage__t_1_1bpred__tage__sc__t.html" title="{bpred_tage_t::bpred_tage_t::bpred_tage_sc_t\n|+ current_ctr\l+ lookup_bhr\l+ index\l+ provider\l+ provpred\l+ alt\l+ altpred\l+ used_alt\l+ provnew\l|}" alt="" coords="3267,165,3549,373">
<area shape="rect" href="$classbpred__yags__t_1_1bpred__yags__sc__t.html" title="{bpred_yags_t::bpred_yags_t::bpred_yags_sc_t\n|+ pht_ctr\l+ cache_entry\l+ bhr\l+ tag_match\l+ pred\l+ choice\l+ lookup_bhr\l|}" alt="" coords="3573,181,3864,357">
<area shape="rect" href="$classBTB__sc__t.html" title="{BTB_sc_t\n||}" alt="" coords="3888,229,3968,309">
<area shape="rect" href="$classfusion__sc__t.html" title="{fusion_sc_t\n||}" alt="" coords="4087,229,4175,309">
<area shape="rect" href="$classBTB__2levbtac__t_1_1BTB__2levbtac__sc__t.html" title="{BTB_2levbtac_t::BTB_2levbtac_t::BTB_2levbtac_sc_t\n|+ p\l+ set\l+ bhr\l+ lookup_bhr\l|}" alt="" coords="3436,453,3772,581">
<area shape="rect" href="$classBTB__btac__t_1_1BTB__btac__sc__t.html" title="{BTB_btac_t::BTB_btac_t::BTB_btac_sc_t\n|+ p\l+ set\l|}" alt="" coords="3796,469,4060,565">
<area shape="rect" href="$classfusion__colt__t_1_1fusion__colt__sc__t.html" title="{fusion_colt_t::fusion_colt_t::fusion_colt_sc_t\n|+ current_ctr\l+ bhr\l+ lookup_bhr\l|}" alt="" coords="4084,461,4364,573">
