<area shape="rect" href="$classcore__fetch__DPM__t.html" title="{core_fetch_DPM_t\n|# byteQ_num\l# IQ_num\l# IQ_uop_num\l# IQ_eff_uop_num\l# byteQ\l# byteQ_linemask\l# byteQ_head\l# byteQ_tail\l# IQ\l# IQ_head\l# IQ_tail\l# pipe\l# jeclear_pipe\l# fetch_stall_str\l|+ core_fetch_DPM_t()\l+ reg_stats()\l+ update_occupancy()\l+ step()\l+ Mop_available()\l+ Mop_peek()\l+ Mop_consume()\l+ jeclear_enqueue()\l+ recover()\l# predecode_enqueue()\l# byteQ_request()\l# byteQ_is_full()\l# byteQ_already_requested()\l# IL1_callback()\l# ITLB_callback()\l# translated_callback()\l# get_byteQ_action_id()\l}" alt="" coords="5,325,192,869">
<area shape="rect" href="$classcore__fetch__STM__t.html" title="{core_fetch_STM_t\n|# byteQ_num\l# byteQ\l# byteQ_linemask\l# byteQ_head\l# byteQ_tail\l# fetch_stall_str\l|+ core_fetch_STM_t()\l+ reg_stats()\l+ update_occupancy()\l+ step()\l+ Mop_available()\l+ Mop_peek()\l+ Mop_consume()\l+ jeclear_enqueue()\l+ recover()\l# byteQ_request()\l# byteQ_is_full()\l# byteQ_already_requested()\l# IL1_callback()\l# ITLB_callback()\l# translated_callback()\l# get_byteQ_action_id()\l}" alt="" coords="216,397,403,797">
