<area shape="rect" href="$classBodyFlit.html#16020481654a7620d6e35c8a569ca0ad" title="BodyFlit::populate_body_flit" alt="" coords="212,31,393,57">
<area shape="rect" href="$classHeadFlit.html#6a0b5e2ddf99c2722b2d06ca103707f8" title="HeadFlit::populate_head_flit" alt="" coords="212,81,393,108">
<area shape="rect" href="$classTailFlit.html#76f8023394ec32a7038300b285bfd5fd" title="TailFlit::populate_tail_flit" alt="" coords="223,132,383,159">
<area shape="rect" href="$classHighLevelPacket.html#03017f87443d346d08e8ebb4281073c1" title="HighLevelPacket::to_low_level_packet" alt="" coords="444,81,687,108">
<area shape="rect" href="$classGenericInterfaceVcs.html#90f72161538b570ea9e995ad673e8de2" title="GenericInterfaceVcs::handle_new_packet_event" alt="" coords="736,56,1037,83">
<area shape="rect" href="$classGenericInterface.html#8d5fce184e5b068262becae57f9c2e26" title="GenericInterface::handle_new_packet_event" alt="" coords="748,107,1025,133">
<area shape="rect" href="$classGenericInterfaceVcs.html#8483168739e434f026efc7a1adc50274" title="GenericInterfaceVcs::process_event" alt="" coords="1087,56,1319,83">
<area shape="rect" href="$classGenericInterfaceVcs.html#8c0c9e01f6befcf2850c00a748de6321" title="GenericInterfaceVcs::handle_link_arrival" alt="" coords="1368,5,1624,32">
<area shape="rect" href="$classGenericInterfaceVcs.html#13a094111396ae0f7f4dc29fa81a5391" title="GenericInterfaceVcs::handle_tick_event" alt="" coords="1369,56,1623,83">
<area shape="rect" href="$classGenericInterface.html#d56b8876204889d3c096fccd61b16b9e" title="GenericInterface::process_event" alt="" coords="1097,107,1308,133">
<area shape="rect" href="$classGenericInterface.html#b464f9534463b0721ffc77028481d07a" title="GenericInterface::handle_link_arrival" alt="" coords="1380,107,1612,133">
<area shape="rect" href="$classGenericInterface.html#d4961765333c7d8132bb0812fa9c356e" title="GenericInterface::handle_tick_event" alt="" coords="1381,157,1611,184">
