<area shape="rect" href="$classGenericRouterVct.html#3fadbdb436903d3c4cf3b39ded28c593" title="GenericRouterVct::toString" alt="" coords="253,56,429,83">
<area shape="rect" href="$classGenericRouterNoVcs.html#59307c319fbca5732d750630be9ee27c" title="GenericRouterNoVcs::toString" alt="" coords="244,107,439,133">
<area shape="rect" href="$classGenericRouterAdaptive.html#3641e5b010b1a96a9655dcada04c4c5d" title="GenericRouterAdaptive::toString" alt="" coords="237,157,445,184">
<area shape="rect" href="$classGenericRouterVct.html#1b2d028cbb9e908bc4faf1afc286ee72" title="GenericRouterVct::do_switch_traversal" alt="" coords="503,5,751,32">
<area shape="rect" href="$classGenericRouterVct.html#6799bde82a764e2b809287d45796b300" title="Event handle for the TICK_EVENT. Entry from DES kernel." alt="" coords="817,31,1055,57">
<area shape="rect" href="$classGenericRouterVct.html#1b370a84cdf38608b64074bb24630703" title="GenericRouterVct::process_event" alt="" coords="1123,31,1339,57">
<area shape="rect" href="$classGenericRouterNoVcs.html#776798a3672cd2c5601d09d188a95f65" title="GenericRouterNoVcs::do_switch_traversal" alt="" coords="493,107,760,133">
<area shape="rect" href="$classGenericRouterNoVcs.html#7d1c209f22b3c2d642e65e9b6d283b8e" title="Event handle for the TICK_EVENT. Entry from DES kernel." alt="" coords="808,132,1064,159">
<area shape="rect" href="$classGenericRouterNoVcs.html#a2c52d53e127c9a3a029194e77f9f80c" title="GenericRouterNoVcs::process_event" alt="" coords="1113,132,1348,159">
