<area shape="rect" href="$classBankHandler.html#a4966de4e7e8d062be771c2382a55da6" title="Schedule highest ranked request." alt="" coords="236,56,452,83">
<area shape="rect" href="$classBankHandler.html#66cae2fc178c4ae45688198f4e02e8c8" title="Schedule oldest request." alt="" coords="260,208,428,235">
<area shape="rect" href="$classBankHandler.html#e9a0e0abbb74e6f7b3d8de3421d3e81c" title="Schedule read request." alt="" coords="261,107,427,133">
<area shape="rect" href="$classBankHandler.html#8efd50148051d7bab539f733defbc057" title="Schedule row hits." alt="" coords="259,157,429,184">
<area shape="rect" href="$classBankHandler.html#4bc235f556be48bfd2d0f8432c43c8bd" title="Schedule unmarked request." alt="" coords="236,5,452,32">
<area shape="rect" href="$classBankHandler.html#b2357ebfa507e5e2837fb679d4ca498e" title="Function to implement PAR&#45;BS scheduling policy." alt="" coords="505,107,652,133">
<area shape="rect" href="$classBankHandler.html#94d78e5801d1bba71f1ddb5405212d6c" title="The wrapper for all scheduling algorithms in this class." alt="" coords="704,157,893,184">
<area shape="rect" href="$classBankHandler.html#ff84a6f67d0bffbe69b069d7f2e718af" title="Main process function." alt="" coords="943,157,1129,184">
<area shape="rect" href="$classAddrMap.html#e3ac527bcffced20f090db49c4047b60" title="Main function that handles this class." alt="" coords="1180,233,1345,260">
<area shape="rect" href="$classRequestHandler.html#c295b7e01ed866b390c93a559f375b2f" title="RequestHandler::process_event" alt="" coords="1396,233,1601,260">
<area shape="rect" href="$classNI.html#e46ba8d7412bc25bd55002faf8415360" title="NI::handle_new_packet_event" alt="" coords="1652,183,1847,209">
<area shape="rect" href="$main_8cc.html#3c04138a5bfe5d72780bb7e82a18e627" title="main" alt="" coords="1725,284,1773,311">
<area shape="rect" href="$classMC.html#bf467a900cc11b932afd0e7432dd504c" title="MC::sim_main" alt="" coords="1908,233,2012,260">
<area shape="rect" href="$classNI.html#3ed3e6f65c38e630706af16212ded02a" title="NI::process_event" alt="" coords="1896,183,2024,209">
<area shape="rect" href="$classResponseHandler.html#da5e60fb1d62f5ca755dca334bb18f5c" title="ResponseHandler::process_event" alt="" coords="2072,132,2288,159">
<area shape="rect" href="$classNI.html#13ba7118e07f54025cdd57e4ea877b1d" title="NI::handle_out_pull_event" alt="" coords="2355,183,2525,209">
<area shape="rect" href="$classDataBusHandler.html#62a38fff68da7ad9ad513f14de385297" title="Handles all the operations of the data bus." alt="" coords="2336,132,2544,159">
<area shape="rect" href="$classDRAMChannel.html#7a3494f58f927c1df099501d5b2daeba" title="DRAMChannel::process_event" alt="" coords="2592,183,2792,209">
<area shape="rect" href="$classCmdIssuer.html#37cfadf3b2fe7118c26dc5bdee0e92b0" title="CmdIssuer::process_event" alt="" coords="3097,157,3273,184">
<area shape="rect" href="$classCmdBusHandler.html#44390dde03f10f199967fe7fa30b55f6" title="main function that handles the operation of cmd bus" alt="" coords="2840,183,3048,209">
<area shape="rect" href="$classRefreshMgr.html#19d89c100f78a655bd7860111755128c" title="RefreshMgr::process_event" alt="" coords="3323,161,3504,188">
<area shape="rect" href="$classMC.html#1f4c68b63112b1bd4fa8bcdf47a8e57c" title="MC::StartRefresh" alt="" coords="3552,173,3675,200">
<area shape="rect" href="$classMC.html#05109b1e9678c5d598027d7c47d7b2a4" title="MC::Init" alt="" coords="3724,180,3791,207">
<area shape="rect" href="$manifold__simmc_8cc.html#3c04138a5bfe5d72780bb7e82a18e627" title="main" alt="" coords="3841,207,3889,233">
<area shape="rect" href="$classBankHandler.html#9fa196596e22b045d4dc68a20f9a9da3" title="Function to implement FCFS scheduling policy." alt="" coords="511,208,647,235">
<area shape="rect" href="$classBankHandler.html#97cf9650294ab8a9e7cdd7f5c8fc1a53" title="Function to implement FR&#45;FCFS scheduling policy." alt="" coords="501,157,656,184">
