<area shape="rect" href="$classcore__decode__STM__t.html#93b45571ae295d090bb1c0d7dbd4dd92" title="core_decode_STM_t::check_target" alt="" coords="207,60,431,87">
<area shape="rect" href="$classcore__decode__DPM__t.html#c9b4b51bfe96647c83c7c03f7cc93c66" title="core_decode_DPM_t::check_target" alt="" coords="207,177,431,204">
<area shape="rect" href="$classcore__oracle__t.html#c687f6e9c8564e5fd108ca8c9f771dce" title="core_oracle_t::pipe_recover" alt="" coords="228,335,409,361">
<area shape="rect" href="$classcore__fetch__DPM__t.html#ea30ffd48743742fc279699c80c0a848" title="core_fetch_DPM_t::step" alt="" coords="237,385,400,412">
<area shape="rect" href="$classcore__decode__STM__t.html#625638f540db40ab858ef2831acbee93" title="core_decode_STM_t::check_flush" alt="" coords="483,19,701,45">
<area shape="rect" href="$classcore__decode__STM__t.html#3698253fd5299f38caf182024bb7de28" title="core_decode_STM_t::step" alt="" coords="788,5,961,32">
<area shape="rect" href="$classcore__decode__DPM__t.html#0530ed274d5a254a4ea9fc8756cf926f" title="core_decode_DPM_t::check_flush" alt="" coords="483,95,701,121">
<area shape="rect" href="$classcore__decode__DPM__t.html#49fb30b42b4e7d1a058534397eea92fb" title="core_decode_DPM_t::step" alt="" coords="787,56,963,83">
<area shape="rect" href="$classcore__exec__STM__t.html#540633073e073ec71f940afde5291866" title="core_exec_STM_t::ALU_exec" alt="" coords="495,309,689,336">
<area shape="rect" href="$classcore__exec__DPM__t.html#7275a99b63b767196f8a0ff94acac19f" title="core_exec_DPM_t::ALU_exec" alt="" coords="777,487,972,513">
<area shape="rect" href="$classcore__exec__DPM__t.html#3abf667bd2a370573ac2d255e8a0738b" title="core_exec_DPM_t::LDQ_schedule" alt="" coords="1045,284,1267,311">
<area shape="rect" href="$classcore__exec__STM__t.html#f57f6b1ac6414e6e190a4e1eaf6e97a3" title="core_exec_STM_t::LDST_exec" alt="" coords="491,461,693,488">
<area shape="rect" href="$classcore__exec__DPM__t.html#23c9e1a684a28d4dacd9eb9ba2365d84" title="core_exec_DPM_t::LDST_exec" alt="" coords="773,537,976,564">
<area shape="rect" href="$classcore__exec__STM__t.html#0d2c55f76d3fae124581ef79b30c5f75" title="core_exec_STM_t::load_writeback" alt="" coords="481,157,703,184">
<area shape="rect" href="$classcore__exec__DPM__t.html#b07c4d1f245b656e14be9138c5a6070e" title="core_exec_DPM_t::load_writeback" alt="" coords="481,259,703,285">
<area shape="rect" href="$classcore__oracle__t.html#d79ed0d31e9421037f71a3aae2aa0cbb" title="core_oracle_t::pipe_flush" alt="" coords="509,512,675,539">
<area shape="rect" href="$classcore__exec__STM__t.html#810c412a56e75e6c1cea5cd2c65e47c4" title="core_exec_STM_t::DL1_callback" alt="" coords="768,107,981,133">
<area shape="rect" href="$classcore__exec__STM__t.html#8cb44d908fb86f4b516e691589e54928" title="core_exec_STM_t::DTLB_callback" alt="" coords="764,157,985,184">
<area shape="rect" href="$classcore__exec__STM__t.html#2cae51e2894ca498a2ff807be9a79422" title="core_exec_STM_t::LDQ_schedule" alt="" coords="1047,132,1265,159">
<area shape="rect" href="$classcore__exec__DPM__t.html#109d24bd6ea7ae6180264e1cbc763748" title="core_exec_DPM_t::DL1_callback" alt="" coords="768,259,981,285">
<area shape="rect" href="$classcore__exec__DPM__t.html#d5d17ca90be424042d6c5051903537d2" title="core_exec_DPM_t::DL1_split_callback" alt="" coords="752,309,997,336">
<area shape="rect" href="$classcore__exec__DPM__t.html#4e14cd7a5104eceeb931ef5498cc6a78" title="core_exec_DPM_t::DTLB_callback" alt="" coords="763,208,987,235">
