<area shape="rect" href="$classNetworkComponent.html" title="{NetworkComponent\n|+ type\l+ name\l+ address\l+ node_ip\l|+ NetworkComponent()\l+ ~NetworkComponent()\l+ toString()\l+ process_event()\l}" alt="" coords="191,1093,353,1269">
<area shape="rect" href="$classComponent.html" title="{Component\n|+ inLinks\l+ outLinks\l&#45; componentId\l|+ Component()\l+ Component()\l+ ~Component()\l+ setComponentId()\l+ addInputLink()\l+ addOutputLink()\l+ myId()\l}" alt="" coords="336,821,472,1029">
<area shape="rect" href="$classLink.html" title="{Link\n|+ src\l+ width\l+ outputs\l|+ Link()\l+ Send()\l}" alt="" coords="367,469,441,597">
<area shape="rect" href="$classOutputBase.html" title="{OutputBase\n|+ componentId\l+ latency\l|+ OutputBase()\l+ CallHandler()\l}" alt="" coords="399,149,508,261">
<area shape="rect" title="STL class." alt="" coords="272,165,368,245">
<area shape="rect" title="STL class." alt="" coords="177,493,292,573">
<area shape="rect" title="STL class." alt="" coords="232,885,312,965">
<area shape="rect" title="STL class." alt="" coords="153,661,311,741">
