<area shape="rect" href="$sim_8h.html" title="sim.h" alt="" coords="799,80,852,107">
<area shape="rect" href="$clock_8cc.html" title="clock.cc" alt="" coords="876,80,945,107">
<area shape="rect" href="$mesh_8h.html" title="mesh.h" alt="" coords="260,155,324,181">
<area shape="rect" href="$sim-zesto_8cpp.html" title="sim&#45;zesto.cpp" alt="" coords="348,155,452,181">
<area shape="rect" href="$zesto-bpred_8cpp.html" title="zesto&#45;bpred.cpp" alt="" coords="476,155,591,181">
<area shape="rect" href="$zesto-commit_8cpp.html" title="zesto&#45;commit.cpp" alt="" coords="615,155,740,181">
<area shape="rect" href="$zesto-decode_8cpp.html" title="zesto&#45;decode.cpp" alt="" coords="764,155,887,181">
<area shape="rect" href="$zesto-memdep_8cpp.html" title="zesto&#45;memdep.cpp" alt="" coords="911,155,1041,181">
<area shape="rect" href="$zesto-oracle_8cpp.html" title="zesto&#45;oracle.cpp" alt="" coords="1065,155,1183,181">
<area shape="rect" href="$zesto-prefetch_8cpp.html" title="zesto&#45;prefetch.cpp" alt="" coords="1207,155,1335,181">
<area shape="rect" href="$zesto-uncore_8cpp.html" title="zesto&#45;uncore.cpp" alt="" coords="1359,155,1479,181">
<area shape="rect" href="$manifold__fullsim_8cc.html" title="manifold_fullsim.cc" alt="" coords="5,229,139,256">
<area shape="rect" href="$manifold__simiris_8cc.html" title="manifold_simiris.cc" alt="" coords="163,229,296,256">
<area shape="rect" href="$mesh_8cc.html" title="mesh.cc" alt="" coords="320,229,392,256">
<area shape="rect" href="$genericTPGVcs_8cc.html" title="genericTPGVcs.cc" alt="" coords="416,229,547,256">
