<area shape="rect" href="$bus__handler_8h.html" title="bus_handler.h" alt="" coords="667,80,768,107">
<area shape="rect" href="$dram_8cc.html" title="dram.cc" alt="" coords="1119,603,1185,629">
<area shape="rect" href="$bank__handler_8cc.html" title="bank_handler.cc" alt="" coords="51,453,165,480">
<area shape="rect" href="$cmd__issuer_8cc.html" title="cmd_issuer.cc" alt="" coords="896,155,1000,181">
<area shape="rect" href="$response__handler_8h.html" title="response_handler.h" alt="" coords="896,379,1029,405">
<area shape="rect" href="$data__bus__handler_8cc.html" title="data_bus_handler.cc" alt="" coords="1048,453,1187,480">
<area shape="rect" href="$cmd__bus__handler_8cc.html" title="cmd_bus_handler.cc" alt="" coords="1261,80,1400,107">
<area shape="rect" href="$bank__handler_8h.html" title="bank_handler.h" alt="" coords="461,155,568,181">
<area shape="rect" href="$request__handler_8h.html" title="request_handler.h" alt="" coords="481,379,604,405">
<area shape="rect" href="$manifold__simmc_8cc.html" title="manifold_simmc.cc" alt="" coords="199,603,332,629">
<area shape="rect" href="$MC_8h.html" title="MC.h" alt="" coords="717,528,768,555">
<area shape="rect" href="$bus__handler_8cc.html" title="bus_handler.cc" alt="" coords="613,453,720,480">
<area shape="rect" href="$rank__handler_8h.html" title="rank_handler.h" alt="" coords="289,229,393,256">
<area shape="rect" href="$addr__map_8h.html" title="addr_map.h" alt="" coords="516,229,604,256">
<area shape="rect" href="$channel__handler_8h.html" title="channel_handler.h" alt="" coords="331,304,456,331">
<area shape="rect" href="$rank__handler_8cc.html" title="rank_handler.cc" alt="" coords="144,304,256,331">
<area shape="rect" href="$channel__handler_8cc.html" title="channel_handler.cc" alt="" coords="327,379,457,405">
<area shape="rect" href="$refresh__manager_8h.html" title="refresh_manager.h" alt="" coords="240,453,368,480">
<area shape="rect" href="$request__handler_8cc.html" title="request_handler.cc" alt="" coords="471,603,601,629">
<area shape="rect" href="$response__handler_8cc.html" title="response_handler.cc" alt="" coords="800,603,939,629">
<area shape="rect" href="$addr__map_8cc.html" title="addr_map.cc" alt="" coords="493,453,589,480">
<area shape="rect" href="$refresh__manager_8cc.html" title="refresh_manager.cc" alt="" coords="303,528,439,555">
<area shape="rect" href="$MC_8cc.html" title="MC.cc" alt="" coords="627,603,685,629">
<area shape="rect" href="$NI_8cc.html" title="NI.cc" alt="" coords="973,603,1024,629">
<area shape="rect" href="$stats_8cc.html" title="stats.cc" alt="" coords="709,603,776,629">
