<area shape="rect" href="$cmd__issuer_8h.html" title="cmd_issuer.h" alt="" coords="1351,155,1449,181">
<area shape="rect" href="$bus__handler_8h.html" title="bus_handler.h" alt="" coords="1713,80,1815,107">
<area shape="rect" href="$component_8h.html" title="../kernel/component.h" alt="" coords="757,453,904,480">
<area shape="rect" href="$simulator_8h.html" title="simulator.h" alt="" coords="447,603,529,629">
<area shape="rect" href="$irisEvent_8h.html" title="../simIris/data_types/impl/irisEvent.h" alt="" coords="499,379,733,405">
<area shape="rect" href="$genericEvents_8h.html" title="../simIris/components/impl/genericEvents.h" alt="" coords="448,304,720,331">
<area shape="rect" href="$request_8h.html" title="request.h" alt="" coords="1669,379,1744,405">
<area shape="rect" href="$mc__constants_8h.html" title="../util/mc_constants.h" alt="" coords="2216,453,2363,480">
<area shape="rect" href="$data__bus__handler_8h.html" title="data_bus_handler.h" alt="" coords="1333,229,1467,256">
<area shape="rect" href="$cmd__bus__handler_8h.html" title="cmd_bus_handler.h" alt="" coords="1071,229,1204,256">
<area shape="rect" href="$link_8h.html" title="link.h" alt="" coords="1136,528,1187,555">
<area shape="rect" href="$simIrisComponentHeader_8h.html" title="../../../util/simIrisComponentHeader.h" alt="" coords="397,453,632,480">
<area shape="rect" href="$host_8h.html" title="../zesto/host.h" alt="" coords="1940,677,2044,704">
<area shape="rect" href="$machine_8h.html" title="../zesto/machine.h" alt="" coords="1920,453,2048,480">
<area shape="rect" href="$zesto-cache_8h.html" title="../zesto/zesto&#45;cache.h" alt="" coords="1592,453,1744,480">
<area shape="rect" href="$misc_8h.html" title="misc.h" alt="" coords="1359,677,1417,704">
<area shape="rect" href="$zesto-structs_8h.html" title="zesto&#45;structs.h" alt="" coords="1867,528,1973,555">
<area shape="rect" href="$regs_8h.html" title="regs.h" alt="" coords="1651,603,1707,629">
<area shape="rect" href="$options_8h.html" title="options.h" alt="" coords="1880,603,1955,629">
<area shape="rect" href="$dram_8h.html" title="dram.h" alt="" coords="1251,304,1312,331">
