<area shape="rect" href="$thread_8h.html" title="thread.h" alt="" coords="524,80,591,107">
<area shape="rect" href="$zesto_2stats_8h.html" title="stats.h" alt="" coords="211,229,272,256">
<area shape="rect" href="$zesto-core_8h.html" title="zesto&#45;core.h" alt="" coords="117,155,211,181">
<area shape="rect" href="$zesto-opts_8h.html" title="zesto&#45;opts.h" alt="" coords="299,155,392,181">
<area shape="rect" href="$config_2zesto-cache_8h.html" title="zesto&#45;cache.h" alt="" coords="615,80,719,107">
<area shape="rect" href="$zesto-prefetch_8h.html" title="zesto&#45;prefetch.h" alt="" coords="743,304,857,331">
<area shape="rect" href="$zesto-uncore_8h.html" title="zesto&#45;uncore.h" alt="" coords="1707,155,1813,181">
<area shape="rect" href="$zesto-exec_8h.html" title="zesto&#45;exec.h" alt="" coords="844,80,940,107">
<area shape="rect" href="$zesto-commit_8h.html" title="zesto&#45;commit.h" alt="" coords="964,80,1076,107">
<area shape="rect" href="$machine_8h.html" title="machine.h" alt="" coords="755,379,835,405">
<area shape="rect" href="$regs_8h.html" title="regs.h" alt="" coords="536,528,592,555">
<area shape="rect" href="$memory_8h.html" title="memory.h" alt="" coords="423,155,500,181">
<area shape="rect" href="$host_8h.html" title="host.h" alt="" coords="536,603,592,629">
<area shape="rect" href="$misc_8h.html" title="misc.h" alt="" coords="453,603,512,629">
<area shape="rect" href="$zesto-structs_8h.html" title="zesto&#45;structs.h" alt="" coords="549,453,656,480">
<area shape="rect" href="$options_8h.html" title="options.h" alt="" coords="349,528,424,555">
<area shape="rect" href="$eval_8h.html" title="eval.h" alt="" coords="64,304,120,331">
<area shape="rect" href="$zesto-cache_8h.html" title="zesto&#45;cache.h" alt="" coords="1195,379,1299,405">
<area shape="rect" href="$genericInterfaceVcs_8h.html" title="../simIris/components/impl/genericInterfaceVcs.h" alt="" coords="2360,229,2667,256">
<area shape="rect" href="$genericData_8h.html" title="../../../util/genericData.h" alt="" coords="2784,379,2941,405">
<area shape="rect" href="$highLevelPacket_8h.html" title="../../data_types/impl/highLevelPacket.h" alt="" coords="1848,379,2096,405">
<area shape="rect" href="$processor_8h.html" title="../interfaces/processor.h" alt="" coords="2045,304,2205,331">
<area shape="rect" href="$genericEvents_8h.html" title="genericEvents.h" alt="" coords="3005,379,3120,405">
<area shape="rect" href="$request_8h.html" title="../memctrl/request.h" alt="" coords="1343,304,1481,331">
<area shape="rect" href="$mc__constants_8h.html" title="../util/mc_constants.h" alt="" coords="1525,379,1672,405">
<area shape="rect" href="$irisEvent_8h.html" title="../../data_types/impl/irisEvent.h" alt="" coords="2220,528,2423,555">
<area shape="rect" href="$interface_8h.html" title="../interfaces/interface.h" alt="" coords="2272,379,2427,405">
<area shape="rect" href="$networkComponent_8h.html" title="networkComponent.h" alt="" coords="2171,453,2315,480">
<area shape="rect" href="$buffer_8h.html" title="buffer.h" alt="" coords="2492,453,2556,480">
<area shape="rect" href="$genericLink_8h.html" title="../impl/genericLink.h" alt="" coords="2687,304,2825,331">
<area shape="rect" href="$genericBuffer_8h.html" title="genericBuffer.h" alt="" coords="2505,304,2612,331">
<area shape="rect" href="$genericArbiter_8h.html" title="genericArbiter.h" alt="" coords="3201,528,3313,555">
<area shape="rect" href="$simIrisComponentHeader_8h.html" title="../../../util/simIrisComponentHeader.h" alt="" coords="2065,603,2300,629">
<area shape="rect" href="$simulator_8h.html" title="../kernel/simulator.h" alt="" coords="1887,677,2023,704">
<area shape="rect" href="$lowLevelPacket_8h.html" title="lowLevelPacket.h" alt="" coords="1767,528,1889,555">
