<area shape="rect" href="$zesto-cache_8h.html#0831369c0f015a2e350b71f2fc445c70" title="cache_enqueue" alt="" coords="208,259,320,285">
<area shape="rect" href="$zesto-cache_8h.html#6955e78ccb0fb1511754e8cd113e1dcc" title="cache_enqueue_llc" alt="" coords="199,309,329,336">
<area shape="rect" href="$config_2zesto-cache_8cpp.html#488a1ffa67f67839ee35d6925c2162d8" title="cache_prefetch" alt="" coords="452,19,561,45">
<area shape="rect" href="$config_2zesto-llc_8cpp.html#0bb0f060c77b60c70dce0eee1abb237a" title="cache_prefetch_llc" alt="" coords="441,95,572,121">
<area shape="rect" href="$zesto-cache_8h.html#93ce14ef87e7565964216ea27d912147" title="cache_process" alt="" coords="452,157,561,184">
<area shape="rect" href="$classcore__fetch__STM__t.html#9366aef38f6639d3999c4efb2f2fb8b4" title="core_fetch_STM_t::step" alt="" coords="705,208,865,235">
<area shape="rect" href="$classcore__fetch__DPM__t.html#ea30ffd48743742fc279699c80c0a848" title="core_fetch_DPM_t::step" alt="" coords="704,259,867,285">
<area shape="rect" href="$classcore__exec__STM__t.html#2cae51e2894ca498a2ff807be9a79422" title="core_exec_STM_t::LDQ_schedule" alt="" coords="397,309,616,336">
<area shape="rect" href="$classcore__exec__DPM__t.html#3abf667bd2a370573ac2d255e8a0738b" title="core_exec_DPM_t::LDQ_schedule" alt="" coords="396,360,617,387">
<area shape="rect" href="$classcore__exec__STM__t.html#114d870c3995b133cd543b13dee7ed96" title="core_exec_STM_t::STQ_deallocate_std" alt="" coords="380,411,633,437">
<area shape="rect" href="$classcore__exec__DPM__t.html#4593c06b9cd20d697033cfd948837df6" title="core_exec_DPM_t::STQ_deallocate_std" alt="" coords="380,461,633,488">
<area shape="rect" href="$zesto-cache_8h.html#3f3ef48df254425f422f6cf5de128ade" title="prefetch_core_caches" alt="" coords="711,5,860,32">
<area shape="rect" href="$classzesto__component.html#14b525d106d3d5e07baa194738c1db1b" title="zesto_component::downtick_handler" alt="" coords="936,5,1168,32">
<area shape="rect" href="$classzesto__component.html#74c85ea8b1296c7eb0c17ddb7c4b11c4" title="zesto_component::zesto_component" alt="" coords="1217,5,1452,32">
<area shape="rect" href="$manifold__fullsim_8cc.html#0ddf1224851353fc92bfbff6f499fa97" title="main" alt="" coords="1503,5,1551,32">
<area shape="rect" href="$zesto-cache_8h.html#8ed5f90d7b07bddefbf6736b13da8eb2" title="prefetch_LLC" alt="" coords="737,56,833,83">
<area shape="rect" href="$classcore__exec__STM__t.html#f57f6b1ac6414e6e190a4e1eaf6e97a3" title="core_exec_STM_t::LDST_exec" alt="" coords="684,107,887,133">
<area shape="rect" href="$classcore__exec__DPM__t.html#23c9e1a684a28d4dacd9eb9ba2365d84" title="core_exec_DPM_t::LDST_exec" alt="" coords="684,157,887,184">
