<area shape="rect" href="$zesto-cache_8h.html#93ce14ef87e7565964216ea27d912147" title="cache_process" alt="" coords="187,107,296,133">
<area shape="rect" href="$sim-zesto_8cpp.html#d4465337904f2c1d2b694eb41043de6e" title="sim_fastfwd" alt="" coords="196,183,287,209">
<area shape="rect" href="$classcore__exec__STM__t.html#f57f6b1ac6414e6e190a4e1eaf6e97a3" title="core_exec_STM_t::LDST_exec" alt="" coords="345,5,548,32">
<area shape="rect" href="$classcore__exec__DPM__t.html#23c9e1a684a28d4dacd9eb9ba2365d84" title="core_exec_DPM_t::LDST_exec" alt="" coords="345,56,548,83">
<area shape="rect" href="$classcore__fetch__STM__t.html#9366aef38f6639d3999c4efb2f2fb8b4" title="core_fetch_STM_t::step" alt="" coords="367,107,527,133">
<area shape="rect" href="$classcore__fetch__DPM__t.html#ea30ffd48743742fc279699c80c0a848" title="core_fetch_DPM_t::step" alt="" coords="365,157,528,184">
<area shape="rect" href="$sim_8h.html#6b9951fa76e6d8b400f13df1c975ed3b" title="sim_main" alt="" coords="408,208,485,235">
<area shape="rect" href="$manifold__fullsim_8cc.html#0ddf1224851353fc92bfbff6f499fa97" title="main" alt="" coords="599,208,647,235">
