<area shape="rect" href="$zesto-cache_8h.html#3b38a26dd8bf1670d4bf3055d66cfc8d" title="cache_invalidate" alt="" coords="148,56,265,83">
<area shape="rect" href="$zesto-cache_8h.html#93ce14ef87e7565964216ea27d912147" title="cache_process" alt="" coords="152,157,261,184">
<area shape="rect" href="$zesto-cache_8cpp.html#93ce14ef87e7565964216ea27d912147" title="cache_process" alt="" coords="363,5,472,32">
<area shape="rect" href="$zesto-llc_8cpp.html#7b2967a29a17913e313fceec0d9dbd4c" title="cache_process_llc" alt="" coords="353,56,481,83">
<area shape="rect" href="$classzesto__component.html#14b525d106d3d5e07baa194738c1db1b" title="zesto_component::downtick_handler" alt="" coords="568,56,800,83">
<area shape="rect" href="$classzesto__component.html#74c85ea8b1296c7eb0c17ddb7c4b11c4" title="zesto_component::zesto_component" alt="" coords="849,56,1084,83">
<area shape="rect" href="$manifold__fullsim_8cc.html#0ddf1224851353fc92bfbff6f499fa97" title="main" alt="" coords="1135,56,1183,83">
<area shape="rect" href="$classcore__exec__STM__t.html#f57f6b1ac6414e6e190a4e1eaf6e97a3" title="core_exec_STM_t::LDST_exec" alt="" coords="316,107,519,133">
<area shape="rect" href="$classcore__exec__DPM__t.html#23c9e1a684a28d4dacd9eb9ba2365d84" title="core_exec_DPM_t::LDST_exec" alt="" coords="316,157,519,184">
<area shape="rect" href="$classcore__fetch__STM__t.html#9366aef38f6639d3999c4efb2f2fb8b4" title="core_fetch_STM_t::step" alt="" coords="337,208,497,235">
<area shape="rect" href="$classcore__fetch__DPM__t.html#ea30ffd48743742fc279699c80c0a848" title="core_fetch_DPM_t::step" alt="" coords="336,259,499,285">
