<area shape="rect" href="$genericCrossbar_8h.html" title="genericCrossbar.h" alt="" coords="465,80,591,107">
<area shape="rect" href="$genericRouterVcs_8h.html" title="genericRouterVcs.h" alt="" coords="116,155,252,181">
<area shape="rect" href="$genericRouterAdaptive_8h.html" title="genericRouterAdaptive.h" alt="" coords="276,155,439,181">
<area shape="rect" href="$genericCrossbar_8cc.html" title="genericCrossbar.cc" alt="" coords="463,155,593,181">
<area shape="rect" href="$genericRouterNoVcs_8h.html" title="genericRouterNoVcs.h" alt="" coords="617,155,769,181">
<area shape="rect" href="$genericRouterVct_8h.html" title="genericRouterVct.h" alt="" coords="796,155,927,181">
<area shape="rect" href="$mesh_8h.html" title="mesh.h" alt="" coords="265,229,329,256">
<area shape="rect" href="$genericTPGVcs_8cc.html" title="genericTPGVcs.cc" alt="" coords="76,304,207,331">
<area shape="rect" href="$genericRouterVcs_8cc.html" title="Implements the GenericRouterVcs class." alt="" coords="5,229,147,256">
<area shape="rect" href="$manifold__fullsim_8cc.html" title="manifold_fullsim.cc" alt="" coords="484,304,617,331">
<area shape="rect" href="$manifold__simiris_8cc.html" title="manifold_simiris.cc" alt="" coords="231,304,364,331">
<area shape="rect" href="$mesh_8cc.html" title="mesh.cc" alt="" coords="388,304,460,331">
<area shape="rect" href="$genericRouterAdaptive_8cc.html" title="genericRouterAdaptive.cc" alt="" coords="353,229,524,256">
<area shape="rect" href="$genericRouterNoVcs_8cc.html" title="genericRouterNoVcs.cc" alt="" coords="612,229,769,256">
<area shape="rect" href="$genericRouterVct_8cc.html" title="genericRouterVct.cc" alt="" coords="793,229,932,256">
