<area shape="rect" href="$component_8h.html" title="../kernel/component.h" alt="" coords="723,229,869,256">
<area shape="rect" href="$simulator_8h.html" title="simulator.h" alt="" coords="728,379,811,405">
<area shape="rect" href="$irisEvent_8h.html" title="../simIris/data_types/impl/irisEvent.h" alt="" coords="493,155,728,181">
<area shape="rect" href="$request_8h.html" title="request.h" alt="" coords="1005,155,1080,181">
<area shape="rect" href="$mc__constants_8h.html" title="../util/mc_constants.h" alt="" coords="1424,229,1571,256">
<area shape="rect" href="$dram_8h.html" title="dram.h" alt="" coords="811,80,872,107">
<area shape="rect" href="$link_8h.html" title="link.h" alt="" coords="869,304,920,331">
<area shape="rect" href="$simIrisComponentHeader_8h.html" title="../../../util/simIrisComponentHeader.h" alt="" coords="93,229,328,256">
<area shape="rect" href="$host_8h.html" title="../zesto/host.h" alt="" coords="2024,453,2128,480">
<area shape="rect" href="$machine_8h.html" title="../zesto/machine.h" alt="" coords="1836,229,1964,256">
<area shape="rect" href="$zesto-cache_8h.html" title="../zesto/zesto&#45;cache.h" alt="" coords="1045,229,1197,256">
<area shape="rect" href="$misc_8h.html" title="misc.h" alt="" coords="2152,453,2211,480">
<area shape="rect" href="$zesto-structs_8h.html" title="zesto&#45;structs.h" alt="" coords="2013,304,2120,331">
<area shape="rect" href="$regs_8h.html" title="regs.h" alt="" coords="2115,379,2171,405">
<area shape="rect" href="$options_8h.html" title="options.h" alt="" coords="2016,379,2091,405">
