<area shape="rect" href="$buffer_8h.html" title="buffer.h" alt="" coords="2296,80,2360,107">
<area shape="rect" href="$genericBuffer_8h.html" title="genericBuffer.h" alt="" coords="2557,155,2664,181">
<area shape="rect" href="$mesh_8h.html" title="mesh.h" alt="" coords="1228,379,1292,405">
<area shape="rect" href="$manifold__simiris_8cc.html" title="manifold_simiris.cc" alt="" coords="271,453,404,480">
<area shape="rect" href="$addressDecoder_8h.html" title="addressDecoder.h" alt="" coords="2675,80,2800,107">
<area shape="rect" href="$genericRC_8h.html" title="genericRC.h" alt="" coords="2888,155,2979,181">
<area shape="rect" href="$genericData_8h.html" title="genericData.h" alt="" coords="1151,80,1252,107">
<area shape="rect" href="$ptopSwaVcs_8h.html" title="ptopSwaVcs.h" alt="" coords="752,155,856,181">
<area shape="rect" href="$ptop__swa_8h.html" title="ptop_swa.h" alt="" coords="3003,155,3091,181">
<area shape="rect" href="$pvtopv__swa_8h.html" title="pvtopv_swa.h" alt="" coords="2096,155,2197,181">
<area shape="rect" href="$lowLevelPacket_8h.html" title="lowLevelPacket.h" alt="" coords="668,80,791,107">
<area shape="rect" href="$crossbar_8h.html" title="crossbar.h" alt="" coords="2571,80,2651,107">
<area shape="rect" href="$arbiter_8h.html" title="arbiter.h" alt="" coords="2925,80,2992,107">
<area shape="rect" href="$genericVcArbiter_8h.html" title="genericVcArbiter.h" alt="" coords="3357,155,3485,181">
<area shape="rect" href="$portArbiter_8h.html" title="portArbiter.h" alt="" coords="3067,80,3157,107">
<area shape="rect" href="$virtualChannelArbiter_8h.html" title="virtualChannelArbiter.h" alt="" coords="3181,80,3333,107">
<area shape="rect" href="$flit_8cc.html" title="flit.cc" alt="" coords="3357,80,3411,107">
<area shape="rect" href="$genericInterfaceVcs_8h.html" title="genericInterfaceVcs.h" alt="" coords="1363,229,1509,256">
<area shape="rect" href="$genericInterface_8h.html" title="genericInterface.h" alt="" coords="1112,229,1237,256">
<area shape="rect" href="$interface_8h.html" title="interface.h" alt="" coords="1365,155,1448,181">
<area shape="rect" href="$buffer_8cc.html" title="buffer.cc" alt="" coords="2464,155,2533,181">
<area shape="rect" href="$inputBuffer_8h.html" title="inputBuffer.h" alt="" coords="2221,155,2315,181">
<area shape="rect" href="$outputBuffer_8h.html" title="outputBuffer.h" alt="" coords="2339,155,2440,181">
<area shape="rect" href="$genericRouterVcs_8h.html" title="genericRouterVcs.h" alt="" coords="1635,229,1771,256">
<area shape="rect" href="$genericRouterAdaptive_8h.html" title="genericRouterAdaptive.h" alt="" coords="2517,229,2680,256">
<area shape="rect" href="$genericBuffer_8cc.html" title="genericBuffer.cc" alt="" coords="2379,229,2493,256">
<area shape="rect" href="$genericRouterNoVcs_8h.html" title="genericRouterNoVcs.h" alt="" coords="2981,229,3133,256">
<area shape="rect" href="$genericRouterVct_8h.html" title="genericRouterVct.h" alt="" coords="2704,229,2835,256">
<area shape="rect" href="$genericTPGVcs_8cc.html" title="genericTPGVcs.cc" alt="" coords="1156,453,1287,480">
<area shape="rect" href="$manifold__fullsim_8cc.html" title="manifold_fullsim.cc" alt="" coords="488,453,621,480">
<area shape="rect" href="$mesh_8cc.html" title="mesh.cc" alt="" coords="1311,453,1383,480">
<area shape="rect" href="$zesto-uncore_8h.html" title="zesto&#45;uncore.h" alt="" coords="488,304,595,331">
<area shape="rect" href="$genericTPGVcs_8h.html" title="genericTPGVcs.h" alt="" coords="1115,304,1237,331">
<area shape="rect" href="$genericFlatMc_8h.html" title="genericFlatMc.h" alt="" coords="349,304,464,331">
<area shape="rect" href="$genericRPG_8h.html" title="genericRPG.h" alt="" coords="989,304,1091,331">
<area shape="rect" href="$genericSink_8h.html" title="genericSink.h" alt="" coords="867,304,965,331">
<area shape="rect" href="$genericTPG_8h.html" title="genericTPG.h" alt="" coords="619,304,720,331">
<area shape="rect" href="$genericRC_8cc.html" title="genericRC.cc" alt="" coords="2859,229,2957,256">
<area shape="rect" href="$genericVcAllocator_8h.html" title="genericVcAllocator.h" alt="" coords="1523,155,1661,181">
<area shape="rect" href="$genericLink_8h.html" title="genericLink.h" alt="" coords="1923,155,2021,181">
<area shape="rect" href="$NI_8h.html" title="NI.h" alt="" coords="704,229,749,256">
<area shape="rect" href="$config__params_8h.html" title="config_params.h" alt="" coords="400,379,517,405">
<area shape="rect" href="$genericData_8cc.html" title="genericData.cc" alt="" coords="880,155,987,181">
<area shape="rect" href="$ptopSwaVcs_8cc.html" title="ptopSwaVcs.cc" alt="" coords="875,229,987,256">
<area shape="rect" href="$highLevelPacket_8h.html" title="highLevelPacket.h" alt="" coords="549,155,677,181">
<area shape="rect" href="$lowLevelPacket_8cc.html" title="lowLevelPacket.cc" alt="" coords="43,155,173,181">
<area shape="rect" href="$genericCrossbar_8h.html" title="genericCrossbar.h" alt="" coords="2739,155,2864,181">
<area shape="rect" href="$genericArbiter_8h.html" title="genericArbiter.h" alt="" coords="1787,155,1899,181">
<area shape="rect" href="$genericVcArbiterNoFlits_8h.html" title="genericVcArbiterNoFlits.h" alt="" coords="3165,155,3333,181">
