<area shape="rect" href="$genericRouterVcs_8h.html" title="genericRouterVcs.h" alt="" coords="116,80,252,107">
<area shape="rect" href="$genericRouterAdaptive_8h.html" title="genericRouterAdaptive.h" alt="" coords="276,80,439,107">
<area shape="rect" href="$genericCrossbar_8cc.html" title="genericCrossbar.cc" alt="" coords="463,80,593,107">
<area shape="rect" href="$genericRouterNoVcs_8h.html" title="genericRouterNoVcs.h" alt="" coords="617,80,769,107">
<area shape="rect" href="$genericRouterVct_8h.html" title="genericRouterVct.h" alt="" coords="796,80,927,107">
<area shape="rect" href="$mesh_8h.html" title="mesh.h" alt="" coords="265,155,329,181">
<area shape="rect" href="$genericTPGVcs_8cc.html" title="genericTPGVcs.cc" alt="" coords="76,229,207,256">
<area shape="rect" href="$genericRouterVcs_8cc.html" title="Implements the GenericRouterVcs class." alt="" coords="5,155,147,181">
<area shape="rect" href="$manifold__fullsim_8cc.html" title="manifold_fullsim.cc" alt="" coords="484,229,617,256">
<area shape="rect" href="$manifold__simiris_8cc.html" title="manifold_simiris.cc" alt="" coords="231,229,364,256">
<area shape="rect" href="$mesh_8cc.html" title="mesh.cc" alt="" coords="388,229,460,256">
<area shape="rect" href="$genericRouterAdaptive_8cc.html" title="genericRouterAdaptive.cc" alt="" coords="353,155,524,181">
<area shape="rect" href="$genericRouterNoVcs_8cc.html" title="genericRouterNoVcs.cc" alt="" coords="612,155,769,181">
<area shape="rect" href="$genericRouterVct_8cc.html" title="genericRouterVct.cc" alt="" coords="793,155,932,181">
