<area shape="rect" href="$genericRouterVcs_8h.html" title="genericRouterVcs.h" alt="" coords="1780,155,1916,181">
<area shape="rect" href="$genericInterfaceVcs_8h.html" title="genericInterfaceVcs.h" alt="" coords="1603,155,1749,181">
<area shape="rect" href="$genericInterface_8h.html" title="genericInterface.h" alt="" coords="2317,80,2443,107">
<area shape="rect" href="$genericRouterAdaptive_8h.html" title="genericRouterAdaptive.h" alt="" coords="2467,80,2629,107">
<area shape="rect" href="$genericBuffer_8cc.html" title="genericBuffer.cc" alt="" coords="2653,80,2768,107">
<area shape="rect" href="$genericRouterNoVcs_8h.html" title="genericRouterNoVcs.h" alt="" coords="2853,80,3005,107">
<area shape="rect" href="$genericRouterVct_8h.html" title="genericRouterVct.h" alt="" coords="3152,80,3283,107">
<area shape="rect" href="$mesh_8h.html" title="mesh.h" alt="" coords="2039,229,2103,256">
<area shape="rect" href="$genericTPGVcs_8cc.html" title="genericTPGVcs.cc" alt="" coords="1928,304,2059,331">
<area shape="rect" href="$genericRouterVcs_8cc.html" title="Implements the GenericRouterVcs class." alt="" coords="1772,229,1913,256">
<area shape="rect" href="$manifold__fullsim_8cc.html" title="manifold_fullsim.cc" alt="" coords="1771,304,1904,331">
<area shape="rect" href="$manifold__simiris_8cc.html" title="manifold_simiris.cc" alt="" coords="2179,304,2312,331">
<area shape="rect" href="$mesh_8cc.html" title="mesh.cc" alt="" coords="2083,304,2155,331">
<area shape="rect" href="$zesto-uncore_8h.html" title="zesto&#45;uncore.h" alt="" coords="941,229,1048,256">
<area shape="rect" href="$genericInterfaceVcs_8cc.html" title="genericInterfaceVcs.cc" alt="" coords="1593,229,1748,256">
<area shape="rect" href="$config_2zesto-cache_8cpp.html" title="zesto&#45;cache.cpp" alt="" coords="1629,304,1747,331">
<area shape="rect" href="$config_2zesto-llc_8cpp.html" title="zesto&#45;llc.cpp" alt="" coords="5,304,101,331">
<area shape="rect" href="$sim-zesto_8cpp.html" title="sim&#45;zesto.cpp" alt="" coords="125,304,229,331">
<area shape="rect" href="$zesto-cache_8cpp.html" title="zesto&#45;cache.cpp" alt="" coords="253,304,371,331">
<area shape="rect" href="$zesto-decode_8cpp.html" title="zesto&#45;decode.cpp" alt="" coords="395,304,517,331">
<area shape="rect" href="$zesto-dram_8cpp.html" title="zesto&#45;dram.cpp" alt="" coords="541,304,653,331">
<area shape="rect" href="$zesto-exec_8cpp.html" title="zesto&#45;exec.cpp" alt="" coords="677,304,787,331">
<area shape="rect" href="$zesto-fetch_8cpp.html" title="zesto&#45;fetch.cpp" alt="" coords="811,304,923,331">
<area shape="rect" href="$zesto-llc_8cpp.html" title="zesto&#45;llc.cpp" alt="" coords="947,304,1043,331">
<area shape="rect" href="$zesto-MC_8cpp.html" title="zesto&#45;MC.cpp" alt="" coords="1067,304,1168,331">
<area shape="rect" href="$zesto-oracle_8cpp.html" title="zesto&#45;oracle.cpp" alt="" coords="1192,304,1309,331">
<area shape="rect" href="$zesto-prefetch_8cpp.html" title="zesto&#45;prefetch.cpp" alt="" coords="1333,304,1461,331">
<area shape="rect" href="$zesto-uncore_8cpp.html" title="zesto&#45;uncore.cpp" alt="" coords="1485,304,1605,331">
<area shape="rect" href="$genericTPGVcs_8h.html" title="genericTPGVcs.h" alt="" coords="1940,155,2063,181">
<area shape="rect" href="$genericFlatMc_8h.html" title="genericFlatMc.h" alt="" coords="2292,155,2407,181">
<area shape="rect" href="$genericInterface_8cc.html" title="genericInterface.cc" alt="" coords="2087,155,2217,181">
<area shape="rect" href="$genericRPG_8h.html" title="genericRPG.h" alt="" coords="2431,155,2532,181">
<area shape="rect" href="$genericSink_8h.html" title="genericSink.h" alt="" coords="2556,155,2655,181">
<area shape="rect" href="$genericTPG_8h.html" title="genericTPG.h" alt="" coords="2679,155,2780,181">
<area shape="rect" href="$mshr_8cc.html" title="mshr.cc" alt="" coords="2135,229,2201,256">
<area shape="rect" href="$genericFlatMc_8cc.html" title="genericFlatMc.cc" alt="" coords="2283,229,2403,256">
<area shape="rect" href="$genericRPG_8cc.html" title="genericRPG.cc" alt="" coords="2427,229,2536,256">
<area shape="rect" href="$genericSink_8cc.html" title="genericSink.cc" alt="" coords="2560,229,2667,256">
<area shape="rect" href="$genericTPG_8cc.html" title="genericTPG.cc" alt="" coords="2691,229,2797,256">
<area shape="rect" href="$genericRouterAdaptive_8cc.html" title="genericRouterAdaptive.cc" alt="" coords="2804,155,2975,181">
<area shape="rect" href="$genericRouterNoVcs_8cc.html" title="genericRouterNoVcs.cc" alt="" coords="2999,155,3156,181">
<area shape="rect" href="$genericRouterVct_8cc.html" title="genericRouterVct.cc" alt="" coords="3180,155,3319,181">
