<area shape="rect" href="$processor_8h.html" title="../interfaces/processor.h" alt="" coords="97,155,257,181">
<area shape="rect" href="$genericInterface_8h.html" title="genericInterface.h" alt="" coords="565,80,691,107">
<area shape="rect" href="$genericData_8h.html" title="../../../util/genericData.h" alt="" coords="847,229,1004,256">
<area shape="rect" href="$networkComponent_8h.html" title="networkComponent.h" alt="" coords="195,379,339,405">
<area shape="rect" href="$irisEvent_8h.html" title="../../data_types/impl/irisEvent.h" alt="" coords="81,453,284,480">
<area shape="rect" href="$interface_8h.html" title="interface.h" alt="" coords="217,229,300,256">
<area shape="rect" href="$component_8h.html" title="../../../kernel/component.h" alt="" coords="97,528,268,555">
<area shape="rect" href="$simIrisComponentHeader_8h.html" title="../../../util/simIrisComponentHeader.h" alt="" coords="873,528,1108,555">
<area shape="rect" href="$simulator_8h.html" title="simulator.h" alt="" coords="744,677,827,704">
<area shape="rect" href="$link_8h.html" title="link.h" alt="" coords="245,603,296,629">
<area shape="rect" href="$buffer_8h.html" title="buffer.h" alt="" coords="493,304,557,331">
<area shape="rect" href="$irisLink_8h.html" title="irisLink.h" alt="" coords="347,304,419,331">
<area shape="rect" href="$flit_8h.html" title="../../data_types/impl/flit.h" alt="" coords="764,453,929,480">
<area shape="rect" href="$highLevelPacket_8h.html" title="../../data_types/impl/highLevelPacket.h" alt="" coords="963,304,1211,331">
<area shape="rect" href="$genericLink_8h.html" title="../impl/genericLink.h" alt="" coords="401,155,540,181">
<area shape="rect" href="$genericEvents_8h.html" title="genericEvents.h" alt="" coords="476,229,591,256">
<area shape="rect" href="$genericBuffer_8h.html" title="genericBuffer.h" alt="" coords="665,229,772,256">
<area shape="rect" href="$lowLevelPacket_8h.html" title="lowLevelPacket.h" alt="" coords="963,379,1085,405">
