<area shape="rect" href="$genericRPG_8h.html" title="genericRPG.h" alt="" coords="724,80,825,107">
<area shape="rect" href="$processor_8h.html" title="../interfaces/processor.h" alt="" coords="97,229,257,256">
<area shape="rect" href="$genericInterface_8h.html" title="genericInterface.h" alt="" coords="565,155,691,181">
<area shape="rect" href="$genericData_8h.html" title="../../../util/genericData.h" alt="" coords="847,304,1004,331">
<area shape="rect" href="$networkComponent_8h.html" title="networkComponent.h" alt="" coords="195,453,339,480">
<area shape="rect" href="$irisEvent_8h.html" title="../../data_types/impl/irisEvent.h" alt="" coords="81,528,284,555">
<area shape="rect" href="$interface_8h.html" title="interface.h" alt="" coords="217,304,300,331">
<area shape="rect" href="$component_8h.html" title="../../../kernel/component.h" alt="" coords="97,603,268,629">
<area shape="rect" href="$simIrisComponentHeader_8h.html" title="../../../util/simIrisComponentHeader.h" alt="" coords="873,603,1108,629">
<area shape="rect" href="$simulator_8h.html" title="simulator.h" alt="" coords="744,752,827,779">
<area shape="rect" href="$link_8h.html" title="link.h" alt="" coords="245,677,296,704">
<area shape="rect" href="$buffer_8h.html" title="buffer.h" alt="" coords="493,379,557,405">
<area shape="rect" href="$irisLink_8h.html" title="irisLink.h" alt="" coords="347,379,419,405">
<area shape="rect" href="$flit_8h.html" title="../../data_types/impl/flit.h" alt="" coords="764,528,929,555">
<area shape="rect" href="$highLevelPacket_8h.html" title="../../data_types/impl/highLevelPacket.h" alt="" coords="963,379,1211,405">
<area shape="rect" href="$genericLink_8h.html" title="../impl/genericLink.h" alt="" coords="401,229,540,256">
<area shape="rect" href="$genericEvents_8h.html" title="genericEvents.h" alt="" coords="476,304,591,331">
<area shape="rect" href="$genericBuffer_8h.html" title="genericBuffer.h" alt="" coords="665,304,772,331">
<area shape="rect" href="$lowLevelPacket_8h.html" title="lowLevelPacket.h" alt="" coords="963,453,1085,480">
