<area shape="rect" href="$genericInterface_8h.html" title="genericInterface.h" alt="" coords="520,80,645,107">
<area shape="rect" href="$highLevelPacket_8h.html" title="../../data_types/impl/highLevelPacket.h" alt="" coords="925,304,1173,331">
<area shape="rect" href="$processor_8h.html" title="../interfaces/processor.h" alt="" coords="93,155,253,181">
<area shape="rect" href="$genericData_8h.html" title="../../../util/genericData.h" alt="" coords="763,229,920,256">
<area shape="rect" href="$genericEvents_8h.html" title="genericEvents.h" alt="" coords="995,229,1109,256">
<area shape="rect" href="$request_8h.html" title="../../../memctrl/request.h" alt="" coords="1487,453,1649,480">
<area shape="rect" href="$irisEvent_8h.html" title="../../data_types/impl/irisEvent.h" alt="" coords="212,453,415,480">
<area shape="rect" href="$interface_8h.html" title="../interfaces/interface.h" alt="" coords="432,229,587,256">
<area shape="rect" href="$networkComponent_8h.html" title="networkComponent.h" alt="" coords="379,379,523,405">
<area shape="rect" href="$buffer_8h.html" title="buffer.h" alt="" coords="528,304,592,331">
<area shape="rect" href="$genericLink_8h.html" title="../impl/genericLink.h" alt="" coords="661,155,800,181">
<area shape="rect" href="$genericBuffer_8h.html" title="genericBuffer.h" alt="" coords="301,229,408,256">
<area shape="rect" href="$simulator_8h.html" title="../../../kernel/simulator.h" alt="" coords="1075,603,1235,629">
<area shape="rect" href="$simIrisComponentHeader_8h.html" title="../../../util/simIrisComponentHeader.h" alt="" coords="537,528,772,555">
<area shape="rect" href="$lowLevelPacket_8h.html" title="lowLevelPacket.h" alt="" coords="1016,379,1139,405">
<area shape="rect" href="$component_8h.html" title="component.h" alt="" coords="847,677,943,704">
<area shape="rect" href="$link_8h.html" title="link.h" alt="" coords="892,752,943,779">
<area shape="rect" href="$flit_8h.html" title="flit.h" alt="" coords="844,453,889,480">
<area shape="rect" href="$irisLink_8h.html" title="irisLink.h" alt="" coords="616,304,688,331">
<area shape="rect" href="$host_8h.html" title="../zesto/host.h" alt="" coords="2273,752,2377,779">
<area shape="rect" href="$machine_8h.html" title="../zesto/machine.h" alt="" coords="2003,528,2131,555">
<area shape="rect" href="$zesto-cache_8h.html" title="../zesto/zesto&#45;cache.h" alt="" coords="2252,528,2404,555">
<area shape="rect" href="$mc__constants_8h.html" title="../util/mc_constants.h" alt="" coords="1420,528,1567,555">
<area shape="rect" href="$misc_8h.html" title="misc.h" alt="" coords="2475,752,2533,779">
<area shape="rect" href="$zesto-structs_8h.html" title="zesto&#45;structs.h" alt="" coords="2196,603,2303,629">
<area shape="rect" href="$regs_8h.html" title="regs.h" alt="" coords="2297,677,2353,704">
<area shape="rect" href="$options_8h.html" title="options.h" alt="" coords="2199,677,2273,704">
