<area shape="rect" href="$genericRouterVcs_8h.html" title="genericRouterVcs.h" alt="" coords="1731,155,1867,181">
<area shape="rect" href="$mesh_8h.html" title="mesh.h" alt="" coords="1959,229,2023,256">
<area shape="rect" href="$genericInterfaceVcs_8h.html" title="genericInterfaceVcs.h" alt="" coords="1557,155,1704,181">
<area shape="rect" href="$genericInterface_8h.html" title="genericInterface.h" alt="" coords="2385,80,2511,107">
<area shape="rect" href="$genericRouterAdaptive_8h.html" title="genericRouterAdaptive.h" alt="" coords="1996,80,2159,107">
<area shape="rect" href="$genericLink_8cc.html" title="genericLink.cc" alt="" coords="2535,80,2639,107">
<area shape="rect" href="$genericRouterNoVcs_8h.html" title="genericRouterNoVcs.h" alt="" coords="2761,80,2913,107">
<area shape="rect" href="$genericRouterVct_8h.html" title="genericRouterVct.h" alt="" coords="3135,80,3265,107">
<area shape="rect" href="$genericTPGVcs_8cc.html" title="genericTPGVcs.cc" alt="" coords="1928,304,2059,331">
<area shape="rect" href="$genericRouterVcs_8cc.html" title="Implements the GenericRouterVcs class." alt="" coords="1731,229,1872,256">
<area shape="rect" href="$manifold__fullsim_8cc.html" title="manifold_fullsim.cc" alt="" coords="1771,304,1904,331">
<area shape="rect" href="$manifold__simiris_8cc.html" title="manifold_simiris.cc" alt="" coords="2181,304,2315,331">
<area shape="rect" href="$mesh_8cc.html" title="mesh.cc" alt="" coords="2083,304,2155,331">
<area shape="rect" href="$zesto-uncore_8h.html" title="zesto&#45;uncore.h" alt="" coords="955,229,1061,256">
<area shape="rect" href="$genericInterfaceVcs_8cc.html" title="genericInterfaceVcs.cc" alt="" coords="1552,229,1707,256">
<area shape="rect" href="$config_2zesto-cache_8cpp.html" title="zesto&#45;cache.cpp" alt="" coords="1240,304,1357,331">
<area shape="rect" href="$config_2zesto-llc_8cpp.html" title="zesto&#45;llc.cpp" alt="" coords="1381,304,1477,331">
<area shape="rect" href="$sim-zesto_8cpp.html" title="sim&#45;zesto.cpp" alt="" coords="1501,304,1605,331">
<area shape="rect" href="$zesto-cache_8cpp.html" title="zesto&#45;cache.cpp" alt="" coords="1629,304,1747,331">
<area shape="rect" href="$zesto-decode_8cpp.html" title="zesto&#45;decode.cpp" alt="" coords="5,304,128,331">
<area shape="rect" href="$zesto-dram_8cpp.html" title="zesto&#45;dram.cpp" alt="" coords="152,304,264,331">
<area shape="rect" href="$zesto-exec_8cpp.html" title="zesto&#45;exec.cpp" alt="" coords="288,304,397,331">
<area shape="rect" href="$zesto-fetch_8cpp.html" title="zesto&#45;fetch.cpp" alt="" coords="421,304,533,331">
<area shape="rect" href="$zesto-llc_8cpp.html" title="zesto&#45;llc.cpp" alt="" coords="557,304,653,331">
<area shape="rect" href="$zesto-MC_8cpp.html" title="zesto&#45;MC.cpp" alt="" coords="677,304,779,331">
<area shape="rect" href="$zesto-oracle_8cpp.html" title="zesto&#45;oracle.cpp" alt="" coords="803,304,920,331">
<area shape="rect" href="$zesto-prefetch_8cpp.html" title="zesto&#45;prefetch.cpp" alt="" coords="944,304,1072,331">
<area shape="rect" href="$zesto-uncore_8cpp.html" title="zesto&#45;uncore.cpp" alt="" coords="1096,304,1216,331">
<area shape="rect" href="$genericTPGVcs_8h.html" title="genericTPGVcs.h" alt="" coords="2187,155,2309,181">
<area shape="rect" href="$genericFlatMc_8h.html" title="genericFlatMc.h" alt="" coords="2488,155,2603,181">
<area shape="rect" href="$genericInterface_8cc.html" title="genericInterface.cc" alt="" coords="2333,155,2464,181">
<area shape="rect" href="$genericRPG_8h.html" title="genericRPG.h" alt="" coords="2627,155,2728,181">
<area shape="rect" href="$genericSink_8h.html" title="genericSink.h" alt="" coords="2752,155,2851,181">
<area shape="rect" href="$genericTPG_8h.html" title="genericTPG.h" alt="" coords="2875,155,2976,181">
<area shape="rect" href="$mshr_8cc.html" title="mshr.cc" alt="" coords="2215,229,2281,256">
<area shape="rect" href="$genericFlatMc_8cc.html" title="genericFlatMc.cc" alt="" coords="2475,229,2595,256">
<area shape="rect" href="$genericRPG_8cc.html" title="genericRPG.cc" alt="" coords="2619,229,2728,256">
<area shape="rect" href="$genericSink_8cc.html" title="genericSink.cc" alt="" coords="2752,229,2859,256">
<area shape="rect" href="$genericTPG_8cc.html" title="genericTPG.cc" alt="" coords="2883,229,2989,256">
<area shape="rect" href="$genericRouterAdaptive_8cc.html" title="genericRouterAdaptive.cc" alt="" coords="1992,155,2163,181">
<area shape="rect" href="$genericRouterNoVcs_8cc.html" title="genericRouterNoVcs.cc" alt="" coords="3000,155,3157,181">
<area shape="rect" href="$genericRouterVct_8cc.html" title="genericRouterVct.cc" alt="" coords="3181,155,3320,181">
