<area shape="rect" href="$genericTPGVcs_8h.html" title="genericTPGVcs.h" alt="" coords="263,80,385,107">
<area shape="rect" href="$genericFlatMc_8h.html" title="genericFlatMc.h" alt="" coords="417,80,532,107">
<area shape="rect" href="$genericInterface_8cc.html" title="genericInterface.cc" alt="" coords="556,80,687,107">
<area shape="rect" href="$genericRPG_8h.html" title="genericRPG.h" alt="" coords="711,80,812,107">
<area shape="rect" href="$genericSink_8h.html" title="genericSink.h" alt="" coords="836,80,935,107">
<area shape="rect" href="$genericTPG_8h.html" title="genericTPG.h" alt="" coords="961,80,1063,107">
<area shape="rect" href="$mesh_8h.html" title="mesh.h" alt="" coords="288,155,352,181">
<area shape="rect" href="$genericTPGVcs_8cc.html" title="genericTPGVcs.cc" alt="" coords="5,229,136,256">
<area shape="rect" href="$mshr_8cc.html" title="mshr.cc" alt="" coords="376,155,443,181">
<area shape="rect" href="$manifold__fullsim_8cc.html" title="manifold_fullsim.cc" alt="" coords="256,229,389,256">
<area shape="rect" href="$manifold__simiris_8cc.html" title="manifold_simiris.cc" alt="" coords="413,229,547,256">
<area shape="rect" href="$mesh_8cc.html" title="mesh.cc" alt="" coords="160,229,232,256">
<area shape="rect" href="$genericFlatMc_8cc.html" title="genericFlatMc.cc" alt="" coords="517,155,637,181">
<area shape="rect" href="$genericRPG_8cc.html" title="genericRPG.cc" alt="" coords="699,155,808,181">
<area shape="rect" href="$genericSink_8cc.html" title="genericSink.cc" alt="" coords="832,155,939,181">
<area shape="rect" href="$genericTPG_8cc.html" title="genericTPG.cc" alt="" coords="963,155,1069,181">
