<area shape="rect" href="$genericRouterNoVcs_8h.html" title="genericRouterNoVcs.h" alt="" coords="739,80,891,107">
<area shape="rect" href="$router_8h.html" title="../interfaces/router.h" alt="" coords="393,155,529,181">
<area shape="rect" href="$genericBuffer_8h.html" title="genericBuffer.h" alt="" coords="1301,229,1408,256">
<area shape="rect" href="$genericRC_8h.html" title="genericRC.h" alt="" coords="925,229,1016,256">
<area shape="rect" href="$genericData_8h.html" title="../../../util/genericData.h" alt="" coords="659,304,816,331">
<area shape="rect" href="$genericVcArbiter_8h.html" title="genericVcArbiter.h" alt="" coords="192,155,320,181">
<area shape="rect" href="$ptop__swa_8h.html" title="ptop_swa.h" alt="" coords="573,229,661,256">
<area shape="rect" href="$genericCrossbar_8h.html" title="genericCrossbar.h" alt="" coords="1127,229,1252,256">
<area shape="rect" href="$genericEvents_8h.html" title="genericEvents.h" alt="" coords="736,229,851,256">
<area shape="rect" href="$genericLink_8h.html" title="genericLink.h" alt="" coords="628,155,727,181">
<area shape="rect" href="$networkComponent_8h.html" title="networkComponent.h" alt="" coords="237,304,381,331">
<area shape="rect" href="$component_8h.html" title="../../../kernel/component.h" alt="" coords="5,453,176,480">
<area shape="rect" href="$simIrisComponentHeader_8h.html" title="../../../util/simIrisComponentHeader.h" alt="" coords="1140,453,1375,480">
<area shape="rect" href="$irisEvent_8h.html" title="../../data_types/impl/irisEvent.h" alt="" coords="240,379,443,405">
<area shape="rect" href="$simulator_8h.html" title="simulator.h" alt="" coords="785,603,868,629">
<area shape="rect" href="$link_8h.html" title="link.h" alt="" coords="404,528,455,555">
<area shape="rect" href="$buffer_8h.html" title="../interfaces/buffer.h" alt="" coords="1739,304,1875,331">
<area shape="rect" href="$flit_8h.html" title="../../data_types/impl/flit.h" alt="" coords="799,379,964,405">
<area shape="rect" href="$addressDecoder_8h.html" title="../interfaces/addressDecoder.h" alt="" coords="840,304,1037,331">
<area shape="rect" href="$lowLevelPacket_8h.html" title="../../data_types/impl/lowLevelPacket.h" alt="" coords="1392,304,1635,331">
<area shape="rect" href="$arbiter_8h.html" title="../interfaces/arbiter.h" alt="" coords="139,229,277,256">
<area shape="rect" href="$crossbar_8h.html" title="../interfaces/crossbar.h" alt="" coords="1112,304,1267,331">
<area shape="rect" href="$irisLink_8h.html" title="../interfaces/irisLink.h" alt="" coords="352,229,499,256">
