<area shape="rect" href="$classComponent.html" title="Component" alt="" coords="5,335,93,361">
<area shape="rect" href="$classAddrMap.html" title="Class for handling adress translations within the Memory Controller ================================..." alt="" coords="173,5,245,32">
<area shape="rect" href="$classBankHandler.html" title="BankHandler" alt="" coords="161,56,257,83">
<area shape="rect" href="$classBus.html" title="Class to model cmd, address and data buses of a DRAM." alt="" coords="188,107,231,133">
<area shape="rect" href="$classCmdBusHandler.html" title="The cmd bus class." alt="" coords="152,157,267,184">
<area shape="rect" href="$classCmdIssuer.html" title="CmdIssuer" alt="" coords="168,208,251,235">
<area shape="rect" href="$classDataBusHandler.html" title="The data bus class." alt="" coords="152,259,267,285">
<area shape="rect" href="$classDRAM.html" title="DRAM" alt="" coords="180,309,239,336">
<area shape="rect" href="$classDRAMChannel.html" title="DRAMChannel" alt="" coords="156,360,263,387">
<area shape="rect" href="$classMSHR__H.html" title="MSHR_H" alt="" coords="172,411,247,437">
<area shape="rect" href="$classMSHR__SA__H.html" title="MSHR_SA_H" alt="" coords="160,461,259,488">
<area shape="rect" href="$classNetworkComponent.html" title="NetworkComponent" alt="" coords="143,512,276,539">
<area shape="rect" href="$classRefreshMgr.html" title="RefreshMgr" alt="" coords="165,563,253,589">
<area shape="rect" href="$classRequestHandler.html" title="RequestHandler" alt="" coords="153,613,265,640">
<area shape="rect" href="$classResponseHandler.html" title="ResponseHandler" alt="" coords="148,664,271,691">
<area shape="rect" href="$classInterface.html" title="Interface" alt="" coords="329,323,401,349">
<area shape="rect" href="$classIrisLink.html" title="IrisLink" alt="" coords="333,449,397,476">
<area shape="rect" href="$classProcessor.html" title="Processor" alt="" coords="325,551,405,577">
<area shape="rect" href="$classRouter.html" title="Router" alt="" coords="336,829,395,856">
<area shape="rect" href="$classGenericInterface.html" title="GenericInterface" alt="" coords="473,272,591,299">
<area shape="rect" href="$classGenericInterfaceVcs.html" title="GenericInterfaceVcs" alt="" coords="463,323,601,349">
<area shape="rect" href="$classGenericLink.html" title="GenericLink" alt="" coords="487,373,577,400">
<area shape="rect" href="$classGenericFlatMc.html" title="GenericFlatMc" alt="" coords="479,424,585,451">
<area shape="rect" href="$classGenericRPG.html" title="GenericRPG" alt="" coords="485,475,579,501">
<area shape="rect" href="$classGenericSink.html" title="GenericSink" alt="" coords="487,525,577,552">
<area shape="rect" href="$classGenericTPG.html" title="GenericTPG" alt="" coords="485,576,579,603">
<area shape="rect" href="$classGenericTPGVcs.html" title="GenericTPGVcs" alt="" coords="475,627,589,653">
<area shape="rect" href="$classNI.html" title="NI" alt="" coords="513,677,551,704">
<area shape="rect" href="$classuncore__t.html" title="uncore_t" alt="" coords="496,728,568,755">
<area shape="rect" href="$classGenericRouterAdaptive.html" title="GenericRouterAdaptive" alt="" coords="455,779,609,805">
<area shape="rect" href="$classGenericRouterNoVcs.html" title="GenericRouterNoVcs" alt="" coords="460,829,604,856">
<area shape="rect" href="$classGenericRouterVcs.html" title="GenericRouterVcs" alt="" coords="468,880,596,907">
<area shape="rect" href="$classGenericRouterVct.html" title="GenericRouterVct" alt="" coords="471,931,593,957">
