<area shape="rect" href="$classbpred__sc__t.html" title="bpred_sc_t" alt="" coords="5,312,91,339">
<area shape="rect" href="$classbpred__2bC__t_1_1bpred__2bC__sc__t.html" title="bpred_2bC_t::bpred_2bC_t::bpred_2bC_sc_t" alt="" coords="257,8,535,35">
<area shape="rect" href="$classbpred__2lev__t_1_1bpred__2lev__sc__t.html" title="bpred_2lev_t::bpred_2lev_t::bpred_2lev_sc_t" alt="" coords="256,59,536,85">
<area shape="rect" href="$classbpred__alloyedperceptron__t_1_1bpred__alloyedperceptron__sc__t.html" title="bpred_alloyedperceptron_t::bpred_alloyedperceptron_t::bpred_alloyedperceptron_sc_t" alt="" coords="139,109,653,136">
<area shape="rect" href="$classbpred__bimode__t_1_1bpred__bimode__sc__t.html" title="bpred_bimode_t::bpred_bimode_t::bpred_bimode_sc_t" alt="" coords="229,160,563,187">
<area shape="rect" href="$classbpred__blg__t_1_1bpred__blg__sc__t.html" title="bpred_blg_t::bpred_blg_t::bpred_blg_sc_t" alt="" coords="267,211,525,237">
<area shape="rect" href="$classbpred__pathneural__t_1_1bpred__pathneural__sc__t.html" title="bpred_pathneural_t::bpred_pathneural_t::bpred_pathneural_sc_t" alt="" coords="203,261,589,288">
<area shape="rect" href="$classbpred__perceptron__t_1_1bpred__perceptron__sc__t.html" title="bpred_perceptron_t::bpred_perceptron_t::bpred_perceptron_sc_t" alt="" coords="200,312,592,339">
<area shape="rect" href="$classbpred__pwl__t_1_1bpred__pwl__sc__t.html" title="bpred_pwl_t::bpred_pwl_t::bpred_pwl_sc_t" alt="" coords="264,363,528,389">
<area shape="rect" href="$classbpred__skewed__t_1_1bpred__skewed__sc__t.html" title="bpred_skewed_t::bpred_skewed_t::bpred_skewed_sc_t" alt="" coords="227,413,565,440">
<area shape="rect" href="$classbpred__tage__t_1_1bpred__tage__sc__t.html" title="bpred_tage_t::bpred_tage_t::bpred_tage_sc_t" alt="" coords="255,464,537,491">
<area shape="rect" href="$classbpred__yags__t_1_1bpred__yags__sc__t.html" title="bpred_yags_t::bpred_yags_t::bpred_yags_sc_t" alt="" coords="251,515,541,541">
<area shape="rect" href="$classBTB__sc__t.html" title="BTB_sc_t" alt="" coords="356,565,436,592">
<area shape="rect" href="$classfusion__sc__t.html" title="fusion_sc_t" alt="" coords="352,616,440,643">
<area shape="rect" href="$classBTB__2levbtac__t_1_1BTB__2levbtac__sc__t.html" title="BTB_2levbtac_t::BTB_2levbtac_t::BTB_2levbtac_sc_t" alt="" coords="703,515,1039,541">
<area shape="rect" href="$classBTB__btac__t_1_1BTB__btac__sc__t.html" title="BTB_btac_t::BTB_btac_t::BTB_btac_sc_t" alt="" coords="739,565,1003,592">
<area shape="rect" href="$classfusion__colt__t_1_1fusion__colt__sc__t.html" title="fusion_colt_t::fusion_colt_t::fusion_colt_sc_t" alt="" coords="731,616,1011,643">
