<area shape="rect" href="$genericLink_8h.html" title="genericLink.h" alt="" coords="473,155,572,181">
<area shape="rect" href="$interface_8h.html" title="interface.h" alt="" coords="1301,80,1384,107">
<area shape="rect" href="$irisLink_8cc.html" title="irisLink.cc" alt="" coords="1408,80,1488,107">
<area shape="rect" href="$genericRouterVcs_8h.html" title="genericRouterVcs.h" alt="" coords="5,304,141,331">
<area shape="rect" href="$mesh_8h.html" title="mesh.h" alt="" coords="475,379,539,405">
<area shape="rect" href="$genericInterfaceVcs_8h.html" title="genericInterfaceVcs.h" alt="" coords="1057,229,1204,256">
<area shape="rect" href="$genericInterface_8h.html" title="genericInterface.h" alt="" coords="1473,229,1599,256">
<area shape="rect" href="$genericRouterAdaptive_8h.html" title="genericRouterAdaptive.h" alt="" coords="564,229,727,256">
<area shape="rect" href="$genericLink_8cc.html" title="genericLink.cc" alt="" coords="51,229,155,256">
<area shape="rect" href="$genericRouterNoVcs_8h.html" title="genericRouterNoVcs.h" alt="" coords="179,229,331,256">
<area shape="rect" href="$genericRouterVct_8h.html" title="genericRouterVct.h" alt="" coords="355,229,485,256">
<area shape="rect" href="$genericTPGVcs_8cc.html" title="genericTPGVcs.cc" alt="" coords="316,453,447,480">
<area shape="rect" href="$genericRouterVcs_8cc.html" title="Implements the GenericRouterVcs class." alt="" coords="111,379,252,405">
<area shape="rect" href="$manifold__fullsim_8cc.html" title="manifold_fullsim.cc" alt="" coords="1040,453,1173,480">
<area shape="rect" href="$manifold__simiris_8cc.html" title="manifold_simiris.cc" alt="" coords="567,453,700,480">
<area shape="rect" href="$mesh_8cc.html" title="mesh.cc" alt="" coords="471,453,543,480">
<area shape="rect" href="$zesto-uncore_8h.html" title="zesto&#45;uncore.h" alt="" coords="1371,304,1477,331">
<area shape="rect" href="$genericInterfaceVcs_8cc.html" title="genericInterfaceVcs.cc" alt="" coords="1053,304,1208,331">
<area shape="rect" href="$config_2zesto-cache_8cpp.html" title="zesto&#45;cache.cpp" alt="" coords="1461,379,1579,405">
<area shape="rect" href="$config_2zesto-llc_8cpp.html" title="zesto&#45;llc.cpp" alt="" coords="1603,379,1699,405">
<area shape="rect" href="$sim-zesto_8cpp.html" title="sim&#45;zesto.cpp" alt="" coords="1723,379,1827,405">
<area shape="rect" href="$zesto-cache_8cpp.html" title="zesto&#45;cache.cpp" alt="" coords="1851,379,1968,405">
<area shape="rect" href="$zesto-decode_8cpp.html" title="zesto&#45;decode.cpp" alt="" coords="1992,379,2115,405">
<area shape="rect" href="$zesto-dram_8cpp.html" title="zesto&#45;dram.cpp" alt="" coords="2139,379,2251,405">
<area shape="rect" href="$zesto-exec_8cpp.html" title="zesto&#45;exec.cpp" alt="" coords="2275,379,2384,405">
<area shape="rect" href="$zesto-fetch_8cpp.html" title="zesto&#45;fetch.cpp" alt="" coords="2408,379,2520,405">
<area shape="rect" href="$zesto-llc_8cpp.html" title="zesto&#45;llc.cpp" alt="" coords="2544,379,2640,405">
<area shape="rect" href="$zesto-MC_8cpp.html" title="zesto&#45;MC.cpp" alt="" coords="848,379,949,405">
<area shape="rect" href="$zesto-oracle_8cpp.html" title="zesto&#45;oracle.cpp" alt="" coords="973,379,1091,405">
<area shape="rect" href="$zesto-prefetch_8cpp.html" title="zesto&#45;prefetch.cpp" alt="" coords="1115,379,1243,405">
<area shape="rect" href="$zesto-uncore_8cpp.html" title="zesto&#45;uncore.cpp" alt="" coords="1267,379,1387,405">
<area shape="rect" href="$genericTPGVcs_8h.html" title="genericTPGVcs.h" alt="" coords="856,304,979,331">
<area shape="rect" href="$genericFlatMc_8h.html" title="genericFlatMc.h" alt="" coords="1232,304,1347,331">
<area shape="rect" href="$genericInterface_8cc.html" title="genericInterface.cc" alt="" coords="1501,304,1632,331">
<area shape="rect" href="$genericRPG_8h.html" title="genericRPG.h" alt="" coords="1656,304,1757,331">
<area shape="rect" href="$genericSink_8h.html" title="genericSink.h" alt="" coords="1781,304,1880,331">
<area shape="rect" href="$genericTPG_8h.html" title="genericTPG.h" alt="" coords="1904,304,2005,331">
<area shape="rect" href="$mshr_8cc.html" title="mshr.cc" alt="" coords="563,379,629,405">
<area shape="rect" href="$genericFlatMc_8cc.html" title="genericFlatMc.cc" alt="" coords="704,379,824,405">
<area shape="rect" href="$genericRPG_8cc.html" title="genericRPG.cc" alt="" coords="2664,379,2773,405">
<area shape="rect" href="$genericSink_8cc.html" title="genericSink.cc" alt="" coords="2797,379,2904,405">
<area shape="rect" href="$genericTPG_8cc.html" title="genericTPG.cc" alt="" coords="2928,379,3035,405">
<area shape="rect" href="$genericRouterAdaptive_8cc.html" title="genericRouterAdaptive.cc" alt="" coords="560,304,731,331">
<area shape="rect" href="$genericRouterNoVcs_8cc.html" title="genericRouterNoVcs.cc" alt="" coords="165,304,323,331">
<area shape="rect" href="$genericRouterVct_8cc.html" title="genericRouterVct.cc" alt="" coords="347,304,485,331">
<area shape="rect" href="$processor_8h.html" title="processor.h" alt="" coords="1299,155,1387,181">
<area shape="rect" href="$interface_8cc.html" title="interface.cc" alt="" coords="1411,155,1499,181">
<area shape="rect" href="$NI_8h.html" title="NI.h" alt="" coords="867,229,912,256">
<area shape="rect" href="$processor_8cc.html" title="processor.cc" alt="" coords="1228,229,1324,256">
