<area shape="rect" href="$component_8h.html" title="component.h" alt="" coords="881,80,977,107">
<area shape="rect" href="$link_8cc.html" title="link.cc" alt="" coords="5096,229,5155,256">
<area shape="rect" href="$networkComponent_8h.html" title="networkComponent.h" alt="" coords="3991,379,4135,405">
<area shape="rect" href="$request__handler_8h.html" title="request_handler.h" alt="" coords="987,901,1109,928">
<area shape="rect" href="$manifold__simmc_8cc.html" title="manifold_simmc.cc" alt="" coords="1449,1125,1583,1152">
<area shape="rect" href="$refresh__manager_8h.html" title="refresh_manager.h" alt="" coords="971,976,1099,1003">
<area shape="rect" href="$MC_8h.html" title="MC.h" alt="" coords="1491,1051,1541,1077">
<area shape="rect" href="$response__handler_8h.html" title="response_handler.h" alt="" coords="2387,752,2520,779">
<area shape="rect" href="$simulator_8h.html" title="simulator.h" alt="" coords="1823,155,1905,181">
<area shape="rect" href="$irisEvent_8h.html" title="irisEvent.h" alt="" coords="2541,304,2624,331">
<area shape="rect" href="$mshr_8h.html" title="mshr.h" alt="" coords="3168,379,3227,405">
<area shape="rect" href="$bank__handler_8h.html" title="bank_handler.h" alt="" coords="929,677,1036,704">
<area shape="rect" href="$rank__handler_8h.html" title="rank_handler.h" alt="" coords="504,752,608,779">
<area shape="rect" href="$channel__handler_8h.html" title="channel_handler.h" alt="" coords="493,827,619,853">
<area shape="rect" href="$addr__map_8h.html" title="addr_map.h" alt="" coords="897,752,985,779">
<area shape="rect" href="$bus__handler_8h.html" title="bus_handler.h" alt="" coords="1200,603,1301,629">
<area shape="rect" href="$cmd__issuer_8h.html" title="cmd_issuer.h" alt="" coords="1836,528,1935,555">
<area shape="rect" href="$data__bus__handler_8h.html" title="data_bus_handler.h" alt="" coords="2184,453,2317,480">
<area shape="rect" href="$bus_8h.html" title="bus.h" alt="" coords="2213,528,2267,555">
<area shape="rect" href="$dram_8h.html" title="dram.h" alt="" coords="2053,379,2115,405">
<area shape="rect" href="$cmd__bus__handler_8h.html" title="cmd_bus_handler.h" alt="" coords="1824,453,1957,480">
<area shape="rect" href="$memctrl_2stats_8h.html" title="stats.h" alt="" coords="1157,379,1219,405">
<area shape="rect" href="$request_8h.html" title="request.h" alt="" coords="1415,304,1489,331">
<area shape="rect" href="$main_8cc.html" title="main.cc" alt="" coords="1017,229,1084,256">
<area shape="rect" href="$component_8cc.html" title="component.cc" alt="" coords="2387,155,2491,181">
<area shape="rect" href="$router_8h.html" title="router.h" alt="" coords="3504,453,3568,480">
<area shape="rect" href="$genericVcAllocator_8h.html" title="genericVcAllocator.h" alt="" coords="3592,453,3731,480">
<area shape="rect" href="$ptopSwaVcs_8h.html" title="ptopSwaVcs.h" alt="" coords="4301,453,4405,480">
<area shape="rect" href="$irisLink_8h.html" title="irisLink.h" alt="" coords="3928,453,4000,480">
<area shape="rect" href="$genericInterfaceVcs_8h.html" title="genericInterfaceVcs.h" alt="" coords="3417,677,3564,704">
<area shape="rect" href="$genericInterface_8h.html" title="genericInterface.h" alt="" coords="3663,677,3788,704">
<area shape="rect" href="$interface_8h.html" title="interface.h" alt="" coords="3631,528,3713,555">
<area shape="rect" href="$processor_8h.html" title="processor.h" alt="" coords="3591,603,3679,629">
<area shape="rect" href="$arbiter_8h.html" title="arbiter.h" alt="" coords="4544,453,4611,480">
<area shape="rect" href="$ptop__swa_8h.html" title="ptop_swa.h" alt="" coords="4635,453,4723,480">
<area shape="rect" href="$pvtopv__swa_8h.html" title="pvtopv_swa.h" alt="" coords="4176,453,4277,480">
<area shape="rect" href="$networkComponent_8cc.html" title="networkComponent.cc" alt="" coords="3755,453,3904,480">
<area shape="rect" href="$portArbiter_8h.html" title="portArbiter.h" alt="" coords="4429,453,4520,480">
<area shape="rect" href="$genericLink_8h.html" title="genericLink.h" alt="" coords="3417,603,3516,629">
<area shape="rect" href="$genericTPGVcs_8h.html" title="genericTPGVcs.h" alt="" coords="3564,752,3687,779">
<area shape="rect" href="$NI_8h.html" title="NI.h" alt="" coords="2937,677,2983,704">
<area shape="rect" href="$simIrisComponentHeader_8h.html" title="simIrisComponentHeader.h" alt="" coords="4104,229,4280,256">
<area shape="rect" href="$mshr__standalone_8h.html" title="mshr_standalone.h" alt="" coords="3013,379,3144,405">
<area shape="rect" href="$flit_8h.html" title="flit.h" alt="" coords="4504,379,4549,405">
<area shape="rect" href="$lowLevelPacket_8h.html" title="lowLevelPacket.h" alt="" coords="4848,453,4971,480">
<area shape="rect" href="$highLevelPacket_8h.html" title="highLevelPacket.h" alt="" coords="4760,603,4888,629">
<area shape="rect" href="$clock_8cc.html" title="clock.cc" alt="" coords="2256,229,2325,256">
<area shape="rect" href="$simulator_8cc.html" title="simulator.cc" alt="" coords="2349,229,2440,256">
<area shape="rect" href="$irisEvent_8cc.html" title="irisEvent.cc" alt="" coords="2797,379,2888,405">
