<area shape="rect" href="$mesh_8h.html" title="mesh.h" alt="" coords="1195,80,1259,107">
<area shape="rect" href="$genericData_8h.html" title="../../../util/genericData.h" alt="" coords="2829,379,2987,405">
<area shape="rect" href="$flit_8h.html" title="../../data_types/impl/flit.h" alt="" coords="3349,453,3515,480">
<area shape="rect" href="$highLevelPacket_8h.html" title="../../data_types/impl/highLevelPacket.h" alt="" coords="3723,304,3971,331">
<area shape="rect" href="$genericFlatMc_8h.html" title="../../simIris/components/impl/genericFlatMc.h" alt="" coords="2947,155,3229,181">
<area shape="rect" href="$config__params_8h.html" title="../../util/config_params.h" alt="" coords="3232,304,3395,331">
<area shape="rect" href="$mshr_8cc.html" title="../../memctrl/mshr.cc" alt="" coords="3773,80,3915,107">
<area shape="rect" href="$genericRouterVcs_8h.html" title="../../simIris/components/impl/genericRouterVcs.h" alt="" coords="1720,229,2024,256">
<area shape="rect" href="$genericLink_8h.html" title="genericLink.h" alt="" coords="2077,304,2176,331">
<area shape="rect" href="$genericInterfaceVcs_8h.html" title="../../simIris/components/impl/genericInterfaceVcs.h" alt="" coords="2352,229,2669,256">
<area shape="rect" href="$genericTPGVcs_8h.html" title="../../simIris/components/impl/genericTPGVcs.h" alt="" coords="3253,155,3547,181">
<area shape="rect" href="$host_8h.html" title="../zesto/host.h" alt="" coords="884,528,988,555">
<area shape="rect" href="$machine_8h.html" title="../zesto/machine.h" alt="" coords="1008,453,1136,480">
<area shape="rect" href="$misc_8h.html" title="misc.h" alt="" coords="455,528,513,555">
<area shape="rect" href="$NI_8h.html" title="../../memctrl/NI.h" alt="" coords="2896,229,3016,256">
<area shape="rect" href="$genericRouterAdaptive_8h.html" title="../../simIris/components/impl/genericRouterAdaptive.h" alt="" coords="1363,229,1696,256">
<area shape="rect" href="$sim_8h.html" title="../../zesto/sim.h" alt="" coords="448,155,560,181">
<area shape="rect" href="$options_8h.html" title="options.h" alt="" coords="421,379,496,405">
<area shape="rect" href="$zesto_2stats_8h.html" title="stats.h" alt="" coords="821,379,883,405">
<area shape="rect" href="$regs_8h.html" title="regs.h" alt="" coords="957,379,1013,405">
<area shape="rect" href="$memory_8h.html" title="memory.h" alt="" coords="629,304,707,331">
<area shape="rect" href="$thread_8h.html" title="thread.h" alt="" coords="1013,229,1080,256">
<area shape="rect" href="$endian_8h.html" title="../../zesto/endian.h" alt="" coords="1008,155,1139,181">
<area shape="rect" href="$version_8h.html" title="../../zesto/version.h" alt="" coords="1365,155,1499,181">
<area shape="rect" href="$genericEvents_8h.html" title="genericEvents.h" alt="" coords="2207,379,2321,405">
<area shape="rect" href="$simIrisComponentHeader_8h.html" title="../../../util/simIrisComponentHeader.h" alt="" coords="3045,528,3280,555">
<area shape="rect" href="$simulator_8h.html" title="simulator.h" alt="" coords="3391,603,3473,629">
<area shape="rect" href="$processor_8h.html" title="../interfaces/processor.h" alt="" coords="2744,304,2904,331">
<area shape="rect" href="$lowLevelPacket_8h.html" title="../../data_types/impl/lowLevelPacket.h" alt="" coords="3424,379,3667,405">
<area shape="rect" href="$genericInterface_8h.html" title="genericInterface.h" alt="" coords="3141,229,3267,256">
<area shape="rect" href="$request_8h.html" title="../../../memctrl/request.h" alt="" coords="3061,379,3224,405">
