<area shape="rect" href="$component_8h.html" title="../kernel/component.h" alt="" coords="5193,677,5340,704">
<area shape="rect" href="$simulator_8h.html" title="simulator.h" alt="" coords="5225,827,5308,853">
<area shape="rect" href="$irisEvent_8h.html" title="../simIris/data_types/impl/irisEvent.h" alt="" coords="4891,603,5125,629">
<area shape="rect" href="$request_8h.html" title="request.h" alt="" coords="2981,603,3056,629">
<area shape="rect" href="$request__handler_8h.html" title="request_handler.h" alt="" coords="2581,155,2704,181">
<area shape="rect" href="$bus__handler_8h.html" title="bus_handler.h" alt="" coords="3136,304,3237,331">
<area shape="rect" href="$dram_8h.html" title="dram.h" alt="" coords="3643,528,3704,555">
<area shape="rect" href="$NI_8h.html" title="NI.h" alt="" coords="4757,453,4803,480">
<area shape="rect" href="$bus_8h.html" title="bus.h" alt="" coords="3561,379,3615,405">
<area shape="rect" href="$refresh__manager_8h.html" title="refresh_manager.h" alt="" coords="4800,80,4928,107">
<area shape="rect" href="$response__handler_8h.html" title="response_handler.h" alt="" coords="2484,304,2617,331">
<area shape="rect" href="$memctrl_2stats_8h.html" title="stats.h" alt="" coords="5712,528,5773,555">
<area shape="rect" href="$link_8h.html" title="link.h" alt="" coords="4171,752,4221,779">
<area shape="rect" href="$simIrisComponentHeader_8h.html" title="../../../util/simIrisComponentHeader.h" alt="" coords="3971,677,4205,704">
<area shape="rect" href="$host_8h.html" title="../zesto/host.h" alt="" coords="3853,752,3957,779">
<area shape="rect" href="$machine_8h.html" title="../zesto/machine.h" alt="" coords="3605,677,3733,704">
<area shape="rect" href="$zesto-cache_8h.html" title="../zesto/zesto&#45;cache.h" alt="" coords="2949,677,3101,704">
<area shape="rect" href="$mc__constants_8h.html" title="../util/mc_constants.h" alt="" coords="3283,677,3429,704">
<area shape="rect" href="$misc_8h.html" title="misc.h" alt="" coords="3680,752,3739,779">
<area shape="rect" href="$zesto-structs_8h.html" title="zesto&#45;structs.h" alt="" coords="3549,752,3656,779">
<area shape="rect" href="$channel__handler_8h.html" title="channel_handler.h" alt="" coords="1664,528,1789,555">
<area shape="rect" href="$bank__handler_8h.html" title="bank_handler.h" alt="" coords="1969,229,2076,256">
<area shape="rect" href="$addr__map_8h.html" title="addr_map.h" alt="" coords="2069,528,2157,555">
<area shape="rect" href="$cmd__issuer_8h.html" title="cmd_issuer.h" alt="" coords="2608,379,2707,405">
<area shape="rect" href="$genericEvents_8h.html" title="../simIris/components/impl/genericEvents.h" alt="" coords="2637,528,2909,555">
<area shape="rect" href="$data__bus__handler_8h.html" title="data_bus_handler.h" alt="" coords="3201,453,3335,480">
<area shape="rect" href="$cmd__bus__handler_8h.html" title="cmd_bus_handler.h" alt="" coords="2591,453,2724,480">
<area shape="rect" href="$processor_8h.html" title="../simIris/components/interfaces/processor.h" alt="" coords="4571,528,4851,555">
<area shape="rect" href="$highLevelPacket_8h.html" title="../simIris/data_types/impl/highLevelPacket.h" alt="" coords="3789,603,4069,629">
<area shape="rect" href="$genericData_8h.html" title="../util/genericData.h" alt="" coords="5200,603,5333,629">
<area shape="rect" href="$mshr_8h.html" title="mshr.h" alt="" coords="4083,528,4141,555">
<area shape="rect" href="$mshr__standalone_8h.html" title="mshr_standalone.h" alt="" coords="1915,528,2045,555">
