<area shape="rect" href="$request_8h.html" title="request.h" alt="" coords="2913,80,2988,107">
<area shape="rect" href="$genericTPGVcs_8h.html" title="genericTPGVcs.h" alt="" coords="2204,229,2327,256">
<area shape="rect" href="$genericTPGVcs_8cc.html" title="genericTPGVcs.cc" alt="" coords="2041,379,2172,405">
<area shape="rect" href="$NI_8h.html" title="NI.h" alt="" coords="2540,229,2585,256">
<area shape="rect" href="$request__handler_8h.html" title="request_handler.h" alt="" coords="2904,677,3027,704">
<area shape="rect" href="$response__handler_8h.html" title="response_handler.h" alt="" coords="3551,379,3684,405">
<area shape="rect" href="$zesto-uncore_8h.html" title="zesto&#45;uncore.h" alt="" coords="1113,155,1220,181">
<area shape="rect" href="$channel__handler_8h.html" title="channel_handler.h" alt="" coords="2760,603,2885,629">
<area shape="rect" href="$rank__handler_8h.html" title="rank_handler.h" alt="" coords="3175,528,3279,555">
<area shape="rect" href="$bank__handler_8h.html" title="bank_handler.h" alt="" coords="3033,453,3140,480">
<area shape="rect" href="$addr__map_8h.html" title="addr_map.h" alt="" coords="3012,528,3100,555">
<area shape="rect" href="$bus__handler_8h.html" title="bus_handler.h" alt="" coords="2857,379,2959,405">
<area shape="rect" href="$cmd__issuer_8h.html" title="cmd_issuer.h" alt="" coords="3717,304,3816,331">
<area shape="rect" href="$data__bus__handler_8h.html" title="data_bus_handler.h" alt="" coords="3961,229,4095,256">
<area shape="rect" href="$dram_8h.html" title="dram.h" alt="" coords="4052,155,4113,181">
<area shape="rect" href="$config__params_8h.html" title="config_params.h" alt="" coords="5,304,123,331">
<area shape="rect" href="$mshr_8cc.html" title="mshr.cc" alt="" coords="2143,304,2209,331">
<area shape="rect" href="$mshr_8h.html" title="mshr.h" alt="" coords="2385,155,2444,181">
<area shape="rect" href="$manifold__simmc_8cc.html" title="manifold_simmc.cc" alt="" coords="2696,901,2829,928">
<area shape="rect" href="$refresh__manager_8h.html" title="refresh_manager.h" alt="" coords="2699,752,2827,779">
<area shape="rect" href="$MC_8h.html" title="MC.h" alt="" coords="3256,827,3307,853">
<area shape="rect" href="$genericFlatMc_8h.html" title="genericFlatMc.h" alt="" coords="2401,229,2516,256">
<area shape="rect" href="$bus_8h.html" title="bus.h" alt="" coords="3959,603,4012,629">
<area shape="rect" href="$cmd__bus__handler_8h.html" title="cmd_bus_handler.h" alt="" coords="3804,229,3937,256">
<area shape="rect" href="$mshr__standalone_8h.html" title="mshr_standalone.h" alt="" coords="2777,304,2908,331">
<area shape="rect" href="$memctrl_2stats_8h.html" title="stats.h" alt="" coords="3471,677,3532,704">
<area shape="rect" href="$request_8cc.html" title="request.cc" alt="" coords="2988,155,3071,181">
<area shape="rect" href="$mesh_8h.html" title="mesh.h" alt="" coords="2233,304,2297,331">
<area shape="rect" href="$manifold__fullsim_8cc.html" title="manifold_fullsim.cc" alt="" coords="101,379,235,405">
<area shape="rect" href="$manifold__simiris_8cc.html" title="manifold_simiris.cc" alt="" coords="2196,379,2329,405">
<area shape="rect" href="$NI_8cc.html" title="NI.cc" alt="" coords="3256,901,3307,928">
<area shape="rect" href="$request__handler_8cc.html" title="request_handler.cc" alt="" coords="3000,901,3131,928">
<area shape="rect" href="$addr__map_8cc.html" title="addr_map.cc" alt="" coords="3053,752,3149,779">
<area shape="rect" href="$bank__handler_8cc.html" title="bank_handler.cc" alt="" coords="3224,752,3339,779">
<area shape="rect" href="$dram_8cc.html" title="dram.cc" alt="" coords="4053,901,4120,928">
<area shape="rect" href="$data__bus__handler_8cc.html" title="data_bus_handler.cc" alt="" coords="3759,453,3897,480">
<area shape="rect" href="$config_2zesto-cache_8cpp.html" title="zesto&#45;cache.cpp" alt="" coords="1740,229,1857,256">
<area shape="rect" href="$config_2zesto-llc_8cpp.html" title="zesto&#45;llc.cpp" alt="" coords="1881,229,1977,256">
<area shape="rect" href="$sim-zesto_8cpp.html" title="sim&#45;zesto.cpp" alt="" coords="236,229,340,256">
<area shape="rect" href="$zesto-cache_8cpp.html" title="zesto&#45;cache.cpp" alt="" coords="364,229,481,256">
<area shape="rect" href="$zesto-decode_8cpp.html" title="zesto&#45;decode.cpp" alt="" coords="505,229,628,256">
<area shape="rect" href="$zesto-dram_8cpp.html" title="zesto&#45;dram.cpp" alt="" coords="652,229,764,256">
<area shape="rect" href="$zesto-exec_8cpp.html" title="zesto&#45;exec.cpp" alt="" coords="788,229,897,256">
<area shape="rect" href="$zesto-fetch_8cpp.html" title="zesto&#45;fetch.cpp" alt="" coords="921,229,1033,256">
<area shape="rect" href="$zesto-llc_8cpp.html" title="zesto&#45;llc.cpp" alt="" coords="1057,229,1153,256">
<area shape="rect" href="$zesto-MC_8cpp.html" title="zesto&#45;MC.cpp" alt="" coords="1177,229,1279,256">
<area shape="rect" href="$zesto-oracle_8cpp.html" title="zesto&#45;oracle.cpp" alt="" coords="1303,229,1420,256">
<area shape="rect" href="$zesto-prefetch_8cpp.html" title="zesto&#45;prefetch.cpp" alt="" coords="1444,229,1572,256">
<area shape="rect" href="$zesto-uncore_8cpp.html" title="zesto&#45;uncore.cpp" alt="" coords="1596,229,1716,256">
