<area shape="rect" href="$sim_8h.html" title="sim.h" alt="" coords="1716,155,1769,181">
<area shape="rect" href="$mesh_8h.html" title="mesh.h" alt="" coords="2165,229,2229,256">
<area shape="rect" href="$sim-zesto_8cpp.html" title="sim&#45;zesto.cpp" alt="" coords="69,229,173,256">
<area shape="rect" href="$thread_8h.html" title="thread.h" alt="" coords="1087,80,1153,107">
<area shape="rect" href="$loader_8h.html" title="loader.h" alt="" coords="17,155,84,181">
<area shape="rect" href="$zesto-bpred_8cpp.html" title="zesto&#45;bpred.cpp" alt="" coords="2027,229,2141,256">
<area shape="rect" href="$zesto-commit_8cpp.html" title="zesto&#45;commit.cpp" alt="" coords="1424,229,1549,256">
<area shape="rect" href="$zesto-decode_8cpp.html" title="zesto&#45;decode.cpp" alt="" coords="1573,229,1696,256">
<area shape="rect" href="$zesto-memdep_8cpp.html" title="zesto&#45;memdep.cpp" alt="" coords="1720,229,1851,256">
<area shape="rect" href="$zesto-oracle_8cpp.html" title="zesto&#45;oracle.cpp" alt="" coords="1139,229,1256,256">
<area shape="rect" href="$zesto-prefetch_8cpp.html" title="zesto&#45;prefetch.cpp" alt="" coords="1875,229,2003,256">
<area shape="rect" href="$zesto-uncore_8cpp.html" title="zesto&#45;uncore.cpp" alt="" coords="1280,229,1400,256">
<area shape="rect" href="$manifold__fullsim_8cc.html" title="manifold_fullsim.cc" alt="" coords="1909,304,2043,331">
<area shape="rect" href="$manifold__simiris_8cc.html" title="manifold_simiris.cc" alt="" coords="2067,304,2200,331">
<area shape="rect" href="$mesh_8cc.html" title="mesh.cc" alt="" coords="2224,304,2296,331">
<area shape="rect" href="$genericTPGVcs_8cc.html" title="genericTPGVcs.cc" alt="" coords="2320,304,2451,331">
<area shape="rect" href="$endian_8h.html" title="endian.h" alt="" coords="1895,155,1964,181">
<area shape="rect" href="$config_2zesto-cache_8cpp.html" title="zesto&#45;cache.cpp" alt="" coords="255,155,372,181">
<area shape="rect" href="$config_2zesto-llc_8cpp.html" title="zesto&#45;llc.cpp" alt="" coords="396,155,492,181">
<area shape="rect" href="$eio_8h.html" title="eio.h" alt="" coords="516,155,564,181">
<area shape="rect" href="$syscall_8h.html" title="syscall.h" alt="" coords="159,155,231,181">
<area shape="rect" href="$zesto-alloc_8cpp.html" title="zesto&#45;alloc.cpp" alt="" coords="588,155,697,181">
<area shape="rect" href="$zesto-cache_8cpp.html" title="zesto&#45;cache.cpp" alt="" coords="721,155,839,181">
<area shape="rect" href="$zesto-dram_8cpp.html" title="zesto&#45;dram.cpp" alt="" coords="863,155,975,181">
<area shape="rect" href="$zesto-exec_8cpp.html" title="zesto&#45;exec.cpp" alt="" coords="999,155,1108,181">
<area shape="rect" href="$zesto-fetch_8cpp.html" title="zesto&#45;fetch.cpp" alt="" coords="1132,155,1244,181">
<area shape="rect" href="$zesto-llc_8cpp.html" title="zesto&#45;llc.cpp" alt="" coords="1268,155,1364,181">
<area shape="rect" href="$zesto-MC_8cpp.html" title="zesto&#45;MC.cpp" alt="" coords="1388,155,1489,181">
