<area shape="rect" href="$genericRouterVcs_8h.html" title="../../simIris/components/impl/genericRouterVcs.h" alt="" coords="607,80,911,107">
<area shape="rect" href="$flit_8h.html" title="../../data_types/impl/flit.h" alt="" coords="1175,379,1340,405">
<area shape="rect" href="$genericData_8h.html" title="../../../util/genericData.h" alt="" coords="1179,229,1336,256">
<area shape="rect" href="$genericLink_8h.html" title="genericLink.h" alt="" coords="1628,155,1727,181">
<area shape="rect" href="$genericInterfaceVcs_8h.html" title="../../simIris/components/impl/genericInterfaceVcs.h" alt="" coords="1793,80,2111,107">
<area shape="rect" href="$highLevelPacket_8h.html" title="../../data_types/impl/highLevelPacket.h" alt="" coords="2593,155,2841,181">
<area shape="rect" href="$genericTPGVcs_8h.html" title="../../simIris/components/impl/genericTPGVcs.h" alt="" coords="2279,80,2572,107">
<area shape="rect" href="$genericFlatMc_8h.html" title="../../simIris/components/impl/genericFlatMc.h" alt="" coords="2647,80,2929,107">
<area shape="rect" href="$NI_8h.html" title="../../memctrl/NI.h" alt="" coords="2135,80,2255,107">
<area shape="rect" href="$genericRouterAdaptive_8h.html" title="../../simIris/components/impl/genericRouterAdaptive.h" alt="" coords="935,80,1268,107">
<area shape="rect" href="$host_8h.html" title="../zesto/host.h" alt="" coords="3321,453,3425,480">
<area shape="rect" href="$misc_8h.html" title="misc.h" alt="" coords="3824,453,3883,480">
<area shape="rect" href="$sim_8h.html" title="../../zesto/sim.h" alt="" coords="3241,80,3353,107">
<area shape="rect" href="$options_8h.html" title="options.h" alt="" coords="3604,304,3679,331">
<area shape="rect" href="$zesto_2stats_8h.html" title="stats.h" alt="" coords="3185,304,3247,331">
<area shape="rect" href="$machine_8h.html" title="../zesto/machine.h" alt="" coords="3437,379,3565,405">
<area shape="rect" href="$regs_8h.html" title="regs.h" alt="" coords="3473,304,3529,331">
<area shape="rect" href="$memory_8h.html" title="memory.h" alt="" coords="3296,229,3373,256">
<area shape="rect" href="$thread_8h.html" title="thread.h" alt="" coords="3409,155,3476,181">
<area shape="rect" href="$endian_8h.html" title="../../zesto/endian.h" alt="" coords="3377,80,3508,107">
<area shape="rect" href="$version_8h.html" title="../../zesto/version.h" alt="" coords="4359,80,4492,107">
<area shape="rect" href="$router_8h.html" title="../interfaces/router.h" alt="" coords="1033,155,1169,181">
<area shape="rect" href="$genericBuffer_8h.html" title="genericBuffer.h" alt="" coords="1447,155,1553,181">
<area shape="rect" href="$genericRC_8h.html" title="genericRC.h" alt="" coords="553,155,644,181">
<area shape="rect" href="$genericVcAllocator_8h.html" title="genericVcAllocator.h" alt="" coords="820,155,959,181">
<area shape="rect" href="$ptopSwaVcs_8h.html" title="ptopSwaVcs.h" alt="" coords="375,155,479,181">
<area shape="rect" href="$genericCrossbar_8h.html" title="genericCrossbar.h" alt="" coords="225,155,351,181">
<area shape="rect" href="$genericEvents_8h.html" title="genericEvents.h" alt="" coords="2013,229,2128,256">
<area shape="rect" href="$networkComponent_8h.html" title="networkComponent.h" alt="" coords="1537,304,1681,331">
<area shape="rect" href="$irisEvent_8h.html" title="../../data_types/impl/irisEvent.h" alt="" coords="1875,379,2077,405">
<area shape="rect" href="$buffer_8h.html" title="../interfaces/buffer.h" alt="" coords="1705,304,1841,331">
<area shape="rect" href="$interface_8h.html" title="../interfaces/interface.h" alt="" coords="1784,229,1939,256">
<area shape="rect" href="$processor_8h.html" title="../interfaces/processor.h" alt="" coords="2308,155,2468,181">
<area shape="rect" href="$genericArbiter_8h.html" title="genericArbiter.h" alt="" coords="2336,379,2448,405">
