<area shape="rect" href="$machine_8h.html" title="machine.h" alt="" coords="2689,80,2769,107">
<area shape="rect" href="$mesh_8h.html" title="mesh.h" alt="" coords="1811,528,1875,555">
<area shape="rect" href="$sim-zesto_8cpp.html" title="sim&#45;zesto.cpp" alt="" coords="2463,528,2567,555">
<area shape="rect" href="$zesto-oracle_8cpp.html" title="zesto&#45;oracle.cpp" alt="" coords="2787,528,2904,555">
<area shape="rect" href="$regs_8h.html" title="regs.h" alt="" coords="2307,155,2363,181">
<area shape="rect" href="$loader_8h.html" title="loader.h" alt="" coords="2347,453,2413,480">
<area shape="rect" href="$syscall_8h.html" title="syscall.h" alt="" coords="2933,453,3005,480">
<area shape="rect" href="$memory_8h.html" title="memory.h" alt="" coords="2387,304,2464,331">
<area shape="rect" href="$eval_8h.html" title="eval.h" alt="" coords="2509,155,2565,181">
<area shape="rect" href="$libexo_8h.html" title="libexo.h" alt="" coords="3088,155,3155,181">
<area shape="rect" href="$range_8h.html" title="range.h" alt="" coords="3179,155,3243,181">
<area shape="rect" href="$symbol_8h.html" title="symbol.h" alt="" coords="3267,155,3341,181">
<area shape="rect" href="$request_8h.html" title="request.h" alt="" coords="1045,304,1120,331">
<area shape="rect" href="$zesto-structs_8h.html" title="zesto&#45;structs.h" alt="" coords="2805,229,2912,256">
<area shape="rect" href="$zesto-bpred_8h.html" title="zesto&#45;bpred.h" alt="" coords="3021,304,3120,331">
<area shape="rect" href="$zesto-prefetch_8h.html" title="zesto&#45;prefetch.h" alt="" coords="2741,304,2856,331">
<area shape="rect" href="$zesto-memdep_8h.html" title="zesto&#45;memdep.h" alt="" coords="2880,304,2997,331">
<area shape="rect" href="$thread_8h.html" title="thread.h" alt="" coords="2539,379,2605,405">
<area shape="rect" href="$zesto_2stats_8h.html" title="stats.h" alt="" coords="2539,229,2600,256">
<area shape="rect" href="$elf_8h.html" title="elf.h" alt="" coords="2792,155,2837,181">
<area shape="rect" href="$genericTPGVcs_8h.html" title="genericTPGVcs.h" alt="" coords="1632,453,1755,480">
<area shape="rect" href="$mshr_8cc.html" title="mshr.cc" alt="" coords="1424,528,1491,555">
<area shape="rect" href="$mshr_8h.html" title="mshr.h" alt="" coords="1392,379,1451,405">
<area shape="rect" href="$NI_8h.html" title="NI.h" alt="" coords="1221,453,1267,480">
<area shape="rect" href="$request__handler_8h.html" title="request_handler.h" alt="" coords="883,901,1005,928">
<area shape="rect" href="$manifold__simmc_8cc.html" title="manifold_simmc.cc" alt="" coords="751,1125,884,1152">
<area shape="rect" href="$refresh__manager_8h.html" title="refresh_manager.h" alt="" coords="880,976,1008,1003">
<area shape="rect" href="$MC_8h.html" title="MC.h" alt="" coords="589,1051,640,1077">
<area shape="rect" href="$response__handler_8h.html" title="response_handler.h" alt="" coords="664,603,797,629">
<area shape="rect" href="$genericFlatMc_8h.html" title="genericFlatMc.h" alt="" coords="1443,453,1557,480">
<area shape="rect" href="$zesto-uncore_8h.html" title="zesto&#45;uncore.h" alt="" coords="2115,453,2221,480">
<area shape="rect" href="$channel__handler_8h.html" title="channel_handler.h" alt="" coords="992,827,1117,853">
<area shape="rect" href="$rank__handler_8h.html" title="rank_handler.h" alt="" coords="992,752,1096,779">
<area shape="rect" href="$bank__handler_8h.html" title="bank_handler.h" alt="" coords="911,677,1017,704">
<area shape="rect" href="$addr__map_8h.html" title="addr_map.h" alt="" coords="829,752,917,779">
<area shape="rect" href="$bus__handler_8h.html" title="bus_handler.h" alt="" coords="539,603,640,629">
<area shape="rect" href="$cmd__issuer_8h.html" title="cmd_issuer.h" alt="" coords="539,528,637,555">
<area shape="rect" href="$data__bus__handler_8h.html" title="data_bus_handler.h" alt="" coords="195,453,328,480">
<area shape="rect" href="$bus_8h.html" title="bus.h" alt="" coords="231,528,284,555">
<area shape="rect" href="$dram_8h.html" title="dram.h" alt="" coords="59,379,120,405">
<area shape="rect" href="$cmd__bus__handler_8h.html" title="cmd_bus_handler.h" alt="" coords="352,453,485,480">
<area shape="rect" href="$mshr__standalone_8h.html" title="mshr_standalone.h" alt="" coords="915,528,1045,555">
<area shape="rect" href="$memctrl_2stats_8h.html" title="stats.h" alt="" coords="355,677,416,704">
<area shape="rect" href="$request_8cc.html" title="request.cc" alt="" coords="1672,379,1755,405">
<area shape="rect" href="$genericTPGVcs_8cc.html" title="genericTPGVcs.cc" alt="" coords="1643,603,1773,629">
<area shape="rect" href="$manifold__fullsim_8cc.html" title="manifold_fullsim.cc" alt="" coords="1952,603,2085,629">
<area shape="rect" href="$manifold__simiris_8cc.html" title="manifold_simiris.cc" alt="" coords="1424,603,1557,629">
<area shape="rect" href="$mesh_8cc.html" title="mesh.cc" alt="" coords="1807,603,1879,629">
<area shape="rect" href="$sim_8h.html" title="sim.h" alt="" coords="2488,453,2541,480">
