<area shape="rect" href="$classcore__exec__STM__t.html#e4eb68a4fce7711f32db247b2a30a055" title="core_exec_STM_t::ALU_heap_balance" alt="" coords="133,113,381,140">
<area shape="rect" href="$classcore__exec__STM__t.html#4a36bfe6c4e8d899a401649adb48044f" title="core_exec_STM_t::ALU_heap_remove" alt="" coords="135,411,380,437">
<area shape="rect" href="$config_2zesto-cache_8cpp.html#0784d914ca0e1dc0f651a456830f94ed" title="cache_heap_balance" alt="" coords="185,291,329,317">
<area shape="rect" href="$config_2zesto-cache_8cpp.html#672e06f81a893ac6af2c4fd4948069ed" title="cache_heap_remove" alt="" coords="465,563,607,589">
<area shape="rect" href="$config_2zesto-cache_8cpp.html#45008d7fc6cedc3c5187a70e4cfc1d4a" title="fill_heap_balance" alt="" coords="197,461,317,488">
<area shape="rect" href="$config_2zesto-cache_8cpp.html#9c8931eb6f26a4862221d39dd688368f" title="fill_heap_remove" alt="" coords="476,512,596,539">
<area shape="rect" href="$classcore__exec__STM__t.html#2cae51e2894ca498a2ff807be9a79422" title="core_exec_STM_t::LDQ_schedule" alt="" coords="709,5,928,32">
<area shape="rect" href="$classcore__exec__STM__t.html#af9a48f62e840b64b7b290b734dec051" title="core_exec_STM_t::RS_schedule" alt="" coords="431,113,641,140">
<area shape="rect" href="$classcore__exec__STM__t.html#540633073e073ec71f940afde5291866" title="core_exec_STM_t::ALU_exec" alt="" coords="439,360,633,387">
<area shape="rect" href="$classcore__exec__STM__t.html#f57f6b1ac6414e6e190a4e1eaf6e97a3" title="core_exec_STM_t::LDST_exec" alt="" coords="996,411,1199,437">
<area shape="rect" href="$zesto-cache_8h.html#0831369c0f015a2e350b71f2fc445c70" title="cache_enqueue" alt="" coords="480,240,592,267">
<area shape="rect" href="$zesto-cache_8h.html#6955e78ccb0fb1511754e8cd113e1dcc" title="cache_enqueue_llc" alt="" coords="471,291,601,317">
<area shape="rect" href="$config_2zesto-cache_8cpp.html#488a1ffa67f67839ee35d6925c2162d8" title="cache_prefetch" alt="" coords="764,157,873,184">
<area shape="rect" href="$config_2zesto-llc_8cpp.html#0bb0f060c77b60c70dce0eee1abb237a" title="cache_prefetch_llc" alt="" coords="753,107,884,133">
<area shape="rect" href="$zesto-cache_8h.html#93ce14ef87e7565964216ea27d912147" title="cache_process" alt="" coords="764,461,873,488">
<area shape="rect" href="$classcore__fetch__STM__t.html#9366aef38f6639d3999c4efb2f2fb8b4" title="core_fetch_STM_t::step" alt="" coords="1017,335,1177,361">
<area shape="rect" href="$classcore__fetch__DPM__t.html#ea30ffd48743742fc279699c80c0a848" title="core_fetch_DPM_t::step" alt="" coords="1016,233,1179,260">
<area shape="rect" href="$classcore__exec__DPM__t.html#3abf667bd2a370573ac2d255e8a0738b" title="core_exec_DPM_t::LDQ_schedule" alt="" coords="708,309,929,336">
<area shape="rect" href="$classcore__exec__STM__t.html#114d870c3995b133cd543b13dee7ed96" title="core_exec_STM_t::STQ_deallocate_std" alt="" coords="692,360,945,387">
<area shape="rect" href="$classcore__exec__DPM__t.html#4593c06b9cd20d697033cfd948837df6" title="core_exec_DPM_t::STQ_deallocate_std" alt="" coords="692,56,945,83">
<area shape="rect" href="$zesto-cache_8h.html#3f3ef48df254425f422f6cf5de128ade" title="prefetch_core_caches" alt="" coords="1023,157,1172,184">
<area shape="rect" href="$classzesto__component.html#14b525d106d3d5e07baa194738c1db1b" title="zesto_component::downtick_handler" alt="" coords="1248,157,1480,184">
<area shape="rect" href="$classzesto__component.html#74c85ea8b1296c7eb0c17ddb7c4b11c4" title="zesto_component::zesto_component" alt="" coords="1529,157,1764,184">
<area shape="rect" href="$manifold__fullsim_8cc.html#0ddf1224851353fc92bfbff6f499fa97" title="main" alt="" coords="1815,157,1863,184">
<area shape="rect" href="$zesto-cache_8h.html#8ed5f90d7b07bddefbf6736b13da8eb2" title="prefetch_LLC" alt="" coords="1049,107,1145,133">
<area shape="rect" href="$classcore__exec__DPM__t.html#23c9e1a684a28d4dacd9eb9ba2365d84" title="core_exec_DPM_t::LDST_exec" alt="" coords="996,461,1199,488">
<area shape="rect" href="$zesto-cache_8h.html#7b2967a29a17913e313fceec0d9dbd4c" title="cache_process_llc" alt="" coords="755,563,883,589">
<area shape="rect" href="$config_2zesto-cache_8cpp.html#4268c8076eb193fe97abe55263b81c9c" title="cache_fill" alt="" coords="499,461,573,488">
<area shape="rect" href="$config_2zesto-llc_8cpp.html#acfad7c90ec1f20c91ccfcae11d67dea" title="cache_fill_llc" alt="" coords="488,613,584,640">
