<area shape="rect" href="$classbpred__2lev__t.html#94342d909f4e32ff1e0430b0f3ca56c3" title="bpred_2lev_t::bpred_2lev_t" alt="" coords="212,5,388,32">
<area shape="rect" href="$classbpred__alloyedperceptron__t.html#744d82c645e142d31a9bcd7e0eca6e66" title="bpred_alloyedperceptron_t::bpred_alloyedperceptron_t" alt="" coords="133,56,467,83">
<area shape="rect" href="$classbpred__bimode__t.html#d751a5717eadeb48417f59edce3e70a7" title="bpred_bimode_t::bpred_bimode_t" alt="" coords="193,107,407,133">
<area shape="rect" href="$classbpred__blg__t.html#c9ede09ec4f81c76e8950b19b3c4b488" title="bpred_blg_t::bpred_blg_t" alt="" coords="219,157,381,184">
<area shape="rect" href="$classbpred__pathneural__t.html#9d0413280218e02aea9d5b51a4f3fcd4" title="bpred_pathneural_t::bpred_pathneural_t" alt="" coords="176,208,424,235">
<area shape="rect" href="$classbpred__perceptron__t.html#01f88daa5f0caca12b61aeb021a1c0fd" title="bpred_perceptron_t::bpred_perceptron_t" alt="" coords="175,259,425,285">
<area shape="rect" href="$classbpred__pwl__t.html#169a553dbedb4e57fcc558c731463185" title="bpred_pwl_t::bpred_pwl_t" alt="" coords="216,309,384,336">
<area shape="rect" href="$classbpred__skewed__t.html#2e3e49d261a8a787b36c421c688b6c99" title="bpred_skewed_t::bpred_skewed_t" alt="" coords="192,360,408,387">
<area shape="rect" href="$classbpred__tage__t.html#b60803d0e744c26d90e915a5afab9530" title="bpred_tage_t::bpred_tage_t" alt="" coords="211,411,389,437">
<area shape="rect" href="$classbpred__yags__t.html#58936d15e38964226dbf5160cde77bc4" title="bpred_yags_t::bpred_yags_t" alt="" coords="208,461,392,488">
<area shape="rect" href="$classBTB__2levbtac__t.html#36e2ee0f27bd59b849b73400c6a146a2" title="BTB_2levbtac_t::BTB_2levbtac_t" alt="" coords="192,512,408,539">
<area shape="rect" href="$classBTB__btac__t.html#755509512947df4573ba72ae340e85a5" title="BTB_btac_t::BTB_btac_t" alt="" coords="216,563,384,589">
<area shape="rect" href="$classdram__simplesdram__t.html#4779204718761f06ad9c9656f5dd9d22" title="dram_simplesdram_t::dram_simplesdram_t" alt="" coords="164,613,436,640">
<area shape="rect" href="$classfusion__colt__t.html#62a10d42e1a1fb0acd0acc15b95d0759" title="fusion_colt_t::fusion_colt_t" alt="" coords="212,664,388,691">
<area shape="rect" href="$classprefetch__context__t.html#02c961d12e2907c5d83e9db53ec8c51e" title="prefetch_context_t::prefetch_context_t" alt="" coords="177,715,423,741">
