<area shape="rect" href="$classcore__fetch__STM__t.html#b823eca44972f8b3ee288c34be1727c8" title="core_fetch_STM_t::byteQ_already_requested" alt="" coords="124,161,407,188">
<area shape="rect" href="$classcore__fetch__STM__t.html#9366aef38f6639d3999c4efb2f2fb8b4" title="core_fetch_STM_t::step" alt="" coords="529,136,689,163">
<area shape="rect" href="$classcore__fetch__DPM__t.html#24854396266506b9eddd5763c2e43e13" title="core_fetch_DPM_t::byteQ_already_requested" alt="" coords="123,263,408,289">
<area shape="rect" href="$classcore__fetch__DPM__t.html#ea30ffd48743742fc279699c80c0a848" title="core_fetch_DPM_t::step" alt="" coords="528,212,691,239">
<area shape="rect" href="$classcore__exec__STM__t.html#5dfd7c37b5ec3c9e3c58149847f5f1e0" title="core_exec_STM_t::check_load_issue_conditions" alt="" coords="457,263,761,289">
<area shape="rect" href="$classcore__exec__DPM__t.html#15810e9312609410063d8ee3de5e681c" title="core_exec_DPM_t::check_load_issue_conditions" alt="" coords="456,617,763,644">
<area shape="rect" href="$classcore__oracle__t.html#9f125e90b225555a2632277161f3b27c" title="core_oracle_t::complete_flush" alt="" coords="168,668,363,695">
<area shape="rect" href="$classcore__exec__STM__t.html#0468aee30ae750c9a389932c076668f4" title="core_exec_STM_t::LDQ_insert" alt="" coords="165,719,365,745">
<area shape="rect" href="$classcore__exec__DPM__t.html#3df4995363c8fe7593800e13315bd14c" title="core_exec_DPM_t::LDQ_insert" alt="" coords="165,769,365,796">
<area shape="rect" href="$classcore__exec__STM__t.html#87649010568050fa07a6650ba04ca3ba" title="core_exec_STM_t::LDQ_squash" alt="" coords="160,820,371,847">
<area shape="rect" href="$classcore__exec__DPM__t.html#61bee8b6575679752ff99b170f09fec7" title="core_exec_DPM_t::LDQ_squash" alt="" coords="160,871,371,897">
<area shape="rect" href="$classcore__exec__STM__t.html#f57f6b1ac6414e6e190a4e1eaf6e97a3" title="core_exec_STM_t::LDST_exec" alt="" coords="825,516,1028,543">
<area shape="rect" href="$classcore__exec__DPM__t.html#23c9e1a684a28d4dacd9eb9ba2365d84" title="core_exec_DPM_t::LDST_exec" alt="" coords="1112,516,1315,543">
<area shape="rect" href="$classcore__oracle__t.html#d79ed0d31e9421037f71a3aae2aa0cbb" title="core_oracle_t::pipe_flush" alt="" coords="844,415,1009,441">
<area shape="rect" href="$classcore__oracle__t.html#3262388e107011060f8fe40023f235c5" title="core_oracle_t::recover" alt="" coords="191,364,340,391">
<area shape="rect" href="$classcore__commit__STM__t.html#85aa9cf8ff881266aaa410ae47c4289c" title="core_commit_STM_t::recover" alt="" coords="169,921,361,948">
<area shape="rect" href="$classcore__commit__DPM__t.html#15b00a68dd968c3fbfa365c85ec1b3d5" title="core_commit_DPM_t::recover" alt="" coords="168,972,363,999">
<area shape="rect" href="$classcore__decode__DPM__t.html#0bc2b61f9d8f6f511aaaba7717786b2f" title="core_decode_DPM_t::recover_uopQ" alt="" coords="149,1023,381,1049">
<area shape="rect" href="$classcore__exec__STM__t.html#ffea3d583ddb7c7feba5988cb613155c" title="core_exec_STM_t::STQ_insert_std" alt="" coords="152,1073,379,1100">
<area shape="rect" href="$classcore__exec__DPM__t.html#f8766fda83629cd750d7b41ed7ea7a95" title="core_exec_DPM_t::STQ_insert_std" alt="" coords="152,1124,379,1151">
<area shape="rect" href="$classcore__exec__STM__t.html#8d3ed4fb254fddee1d33cb233b4f6143" title="core_exec_STM_t::STQ_squash_sta" alt="" coords="148,1175,383,1201">
<area shape="rect" href="$classcore__exec__DPM__t.html#579b2933ffc0634a765926c8accab187" title="core_exec_DPM_t::STQ_squash_sta" alt="" coords="147,1225,384,1252">
<area shape="rect" href="$classcore__exec__STM__t.html#2cae51e2894ca498a2ff807be9a79422" title="core_exec_STM_t::LDQ_schedule" alt="" coords="1385,161,1604,188">
<area shape="rect" href="$classcore__exec__DPM__t.html#3abf667bd2a370573ac2d255e8a0738b" title="core_exec_DPM_t::LDQ_schedule" alt="" coords="1384,364,1605,391">
<area shape="rect" href="$sim-zesto_8cpp.html#46f3df2fecce36d299cd1dd4534d0088" title="emergency_recovery" alt="" coords="539,820,680,847">
<area shape="rect" href="$classcore__oracle__t.html#cd307b32aa377a56b3f4dc79b2122038" title="core_oracle_t::reset_execution" alt="" coords="509,719,709,745">
<area shape="rect" href="$classcore__commit__STM__t.html#528f84be030a7ec19bf27ac995a64497" title="core_commit_STM_t::step" alt="" coords="839,769,1015,796">
<area shape="rect" href="$classcore__commit__DPM__t.html#b3b35af5a3e6aa82d61761a07da5642a" title="core_commit_DPM_t::step" alt="" coords="839,719,1015,745">
<area shape="rect" href="$classzesto__component.html#14b525d106d3d5e07baa194738c1db1b" title="zesto_component::downtick_handler" alt="" coords="811,820,1043,847">
<area shape="rect" href="$classzesto__component.html#74c85ea8b1296c7eb0c17ddb7c4b11c4" title="zesto_component::zesto_component" alt="" coords="1096,820,1331,847">
<area shape="rect" href="$manifold__fullsim_8cc.html#0ddf1224851353fc92bfbff6f499fa97" title="main" alt="" coords="1471,820,1519,847">
<area shape="rect" href="$classcore__exec__DPM__t.html#7275a99b63b767196f8a0ff94acac19f" title="core_exec_DPM_t::ALU_exec" alt="" coords="1116,465,1311,492">
<area shape="rect" href="$classcore__decode__STM__t.html#93b45571ae295d090bb1c0d7dbd4dd92" title="core_decode_STM_t::check_target" alt="" coords="497,465,721,492">
<area shape="rect" href="$classcore__decode__DPM__t.html#c9b4b51bfe96647c83c7c03f7cc93c66" title="core_decode_DPM_t::check_target" alt="" coords="497,313,721,340">
<area shape="rect" href="$classcore__oracle__t.html#c687f6e9c8564e5fd108ca8c9f771dce" title="core_oracle_t::pipe_recover" alt="" coords="519,364,700,391">
<area shape="rect" href="$classcore__decode__STM__t.html#625638f540db40ab858ef2831acbee93" title="core_decode_STM_t::check_flush" alt="" coords="817,617,1036,644">
<area shape="rect" href="$classcore__decode__STM__t.html#3698253fd5299f38caf182024bb7de28" title="core_decode_STM_t::step" alt="" coords="1127,617,1300,644">
<area shape="rect" href="$classcore__decode__DPM__t.html#0530ed274d5a254a4ea9fc8756cf926f" title="core_decode_DPM_t::check_flush" alt="" coords="817,111,1036,137">
<area shape="rect" href="$classcore__decode__DPM__t.html#49fb30b42b4e7d1a058534397eea92fb" title="core_decode_DPM_t::step" alt="" coords="1125,111,1301,137">
<area shape="rect" href="$classcore__exec__STM__t.html#540633073e073ec71f940afde5291866" title="core_exec_STM_t::ALU_exec" alt="" coords="829,212,1024,239">
<area shape="rect" href="$classcore__exec__STM__t.html#0d2c55f76d3fae124581ef79b30c5f75" title="core_exec_STM_t::load_writeback" alt="" coords="816,161,1037,188">
<area shape="rect" href="$classcore__exec__DPM__t.html#b07c4d1f245b656e14be9138c5a6070e" title="core_exec_DPM_t::load_writeback" alt="" coords="816,313,1037,340">
<area shape="rect" href="$classcore__exec__STM__t.html#810c412a56e75e6c1cea5cd2c65e47c4" title="core_exec_STM_t::DL1_callback" alt="" coords="1107,212,1320,239">
<area shape="rect" href="$classcore__exec__STM__t.html#8cb44d908fb86f4b516e691589e54928" title="core_exec_STM_t::DTLB_callback" alt="" coords="1103,161,1324,188">
<area shape="rect" href="$classcore__exec__DPM__t.html#109d24bd6ea7ae6180264e1cbc763748" title="core_exec_DPM_t::DL1_callback" alt="" coords="1107,313,1320,340">
<area shape="rect" href="$classcore__exec__DPM__t.html#d5d17ca90be424042d6c5051903537d2" title="core_exec_DPM_t::DL1_split_callback" alt="" coords="1091,364,1336,391">
<area shape="rect" href="$classcore__exec__DPM__t.html#4e14cd7a5104eceeb931ef5498cc6a78" title="core_exec_DPM_t::DTLB_callback" alt="" coords="1101,415,1325,441">
