<area shape="rect" href="$zesto-cache_8h.html#aff01697c94f19565dfd6d631bf4bf76" title="cache_reset_stats" alt="" coords="195,5,323,32">
<area shape="rect" href="$sim-zesto_8cpp.html#d4465337904f2c1d2b694eb41043de6e" title="sim_fastfwd" alt="" coords="487,56,577,83">
<area shape="rect" href="$classcore__t.html#5bc9e3784ebc125c92ac3d84e0aed88a" title="core_t::core_t" alt="" coords="481,107,583,133">
<area shape="rect" href="$classcore__exec__STM__t.html#0468aee30ae750c9a389932c076668f4" title="core_exec_STM_t::LDQ_insert" alt="" coords="159,157,359,184">
<area shape="rect" href="$classcore__exec__DPM__t.html#3df4995363c8fe7593800e13315bd14c" title="core_exec_DPM_t::LDQ_insert" alt="" coords="159,208,359,235">
<area shape="rect" href="$classcore__exec__STM__t.html#87649010568050fa07a6650ba04ca3ba" title="core_exec_STM_t::LDQ_squash" alt="" coords="153,259,364,285">
<area shape="rect" href="$classcore__exec__DPM__t.html#61bee8b6575679752ff99b170f09fec7" title="core_exec_DPM_t::LDQ_squash" alt="" coords="153,309,364,336">
<area shape="rect" href="$classcore__fetch__DPM__t.html#bd2a6a43bd5a1345dd1ae2eb66f614b2" title="core_fetch_DPM_t::recover" alt="" coords="169,360,348,387">
<area shape="rect" href="$classcore__decode__DPM__t.html#eb5d439942ee81d939a5066e2ec40745" title="core_decode_DPM_t::recover_uopQ" alt="" coords="143,411,375,437">
<area shape="rect" href="$sim_8h.html#6f8bfcc0d1d039d6fb378af082656f6f" title="sim_pre_init" alt="" coords="748,309,839,336">
<area shape="rect" href="$classcore__exec__STM__t.html#3825420bfd6dffd553d68fb8650f3ca7" title="core_exec_STM_t::STQ_insert_sta" alt="" coords="145,512,372,539">
<area shape="rect" href="$classcore__exec__DPM__t.html#0c23a1b1e2f0c81600467c544aa1a6b3" title="core_exec_DPM_t::STQ_insert_sta" alt="" coords="145,563,372,589">
<area shape="rect" href="$classcore__exec__DPM__t.html#be6f5af1f9348805b6582a768885201b" title="core_exec_DPM_t::STQ_squash_senior" alt="" coords="132,613,385,640">
<area shape="rect" href="$classcore__exec__STM__t.html#8d3ed4fb254fddee1d33cb233b4f6143" title="core_exec_STM_t::STQ_squash_sta" alt="" coords="141,664,376,691">
<area shape="rect" href="$classcore__exec__DPM__t.html#579b2933ffc0634a765926c8accab187" title="core_exec_DPM_t::STQ_squash_sta" alt="" coords="140,715,377,741">
<area shape="rect" href="$sim-zesto_8cpp.html#46f3df2fecce36d299cd1dd4534d0088" title="emergency_recovery" alt="" coords="461,5,603,32">
<area shape="rect" href="$classzesto__component.html#14b525d106d3d5e07baa194738c1db1b" title="zesto_component::downtick_handler" alt="" coords="677,5,909,32">
<area shape="rect" href="$classzesto__component.html#74c85ea8b1296c7eb0c17ddb7c4b11c4" title="zesto_component::zesto_component" alt="" coords="959,5,1193,32">
<area shape="rect" href="$manifold__fullsim_8cc.html#0ddf1224851353fc92bfbff6f499fa97" title="main" alt="" coords="1244,81,1292,108">
<area shape="rect" href="$sim_8h.html#6b9951fa76e6d8b400f13df1c975ed3b" title="sim_main" alt="" coords="1037,56,1115,83">
<area shape="rect" href="$sim_8h.html#7af633ff74aee8f90ea9a610892191ce" title="sim_post_init" alt="" coords="744,107,843,133">
<area shape="rect" href="$classcore__fetch__DPM__t.html#ea30ffd48743742fc279699c80c0a848" title="core_fetch_DPM_t::step" alt="" coords="451,360,613,387">
<area shape="rect" href="$classcore__decode__DPM__t.html#eddb90f67cfa03df8bb13aa2c3373b05" title="core_decode_DPM_t::recover" alt="" coords="436,411,628,437">
