<area shape="rect" href="$classcore__exec__STM__t.html#540633073e073ec71f940afde5291866" title="core_exec_STM_t::ALU_exec" alt="" coords="173,5,368,32">
<area shape="rect" href="$classcore__exec__DPM__t.html#7275a99b63b767196f8a0ff94acac19f" title="core_exec_DPM_t::ALU_exec" alt="" coords="173,56,368,83">
<area shape="rect" href="$classcore__fetch__STM__t.html#d546589d0f24b23d8a668ea9f928330f" title="core_fetch_STM_t::byteQ_request" alt="" coords="473,169,695,196">
<area shape="rect" href="$classcore__fetch__STM__t.html#9366aef38f6639d3999c4efb2f2fb8b4" title="core_fetch_STM_t::step" alt="" coords="780,215,940,241">
<area shape="rect" href="$classcore__fetch__DPM__t.html#f589367db46a274c54241e2779a84717" title="core_fetch_DPM_t::byteQ_request" alt="" coords="473,461,695,488">
<area shape="rect" href="$classcore__fetch__DPM__t.html#ea30ffd48743742fc279699c80c0a848" title="core_fetch_DPM_t::step" alt="" coords="779,461,941,488">
<area shape="rect" href="$zesto-cache_8h.html#ff8ad962ac5134671915f22e604a2f4e" title="cache_get_evictee" alt="" coords="205,309,336,336">
<area shape="rect" href="$zesto-cache_8h.html#93ce14ef87e7565964216ea27d912147" title="cache_process" alt="" coords="529,360,639,387">
<area shape="rect" href="$zesto-cache_8h.html#77864b4219a45ec15cbe3ff986d131b9" title="cache_get_evictee_llc" alt="" coords="196,765,345,792">
<area shape="rect" href="$config_2zesto-cache_8cpp.html#488a1ffa67f67839ee35d6925c2162d8" title="cache_prefetch" alt="" coords="216,664,325,691">
<area shape="rect" href="$classzesto__component.html#14b525d106d3d5e07baa194738c1db1b" title="zesto_component::downtick_handler" alt="" coords="744,664,976,691">
<area shape="rect" href="$config_2zesto-llc_8cpp.html#0bb0f060c77b60c70dce0eee1abb237a" title="cache_prefetch_llc" alt="" coords="205,816,336,843">
<area shape="rect" href="$zesto-cache_8h.html#7b2967a29a17913e313fceec0d9dbd4c" title="cache_process_llc" alt="" coords="520,245,648,272">
<area shape="rect" href="$classcore__exec__STM__t.html#5dfd7c37b5ec3c9e3c58149847f5f1e0" title="core_exec_STM_t::check_load_issue_conditions" alt="" coords="119,867,423,893">
<area shape="rect" href="$classcore__exec__STM__t.html#2cae51e2894ca498a2ff807be9a79422" title="core_exec_STM_t::LDQ_schedule" alt="" coords="475,892,693,919">
<area shape="rect" href="$classcore__exec__DPM__t.html#15810e9312609410063d8ee3de5e681c" title="core_exec_DPM_t::check_load_issue_conditions" alt="" coords="117,968,424,995">
<area shape="rect" href="$classcore__exec__DPM__t.html#3abf667bd2a370573ac2d255e8a0738b" title="core_exec_DPM_t::LDQ_schedule" alt="" coords="473,1007,695,1033">
<area shape="rect" href="$classcore__oracle__t.html#5656906c0caee72b39f9d3760341de99" title="core_oracle_t::commit" alt="" coords="196,1120,345,1147">
<area shape="rect" href="$classcore__commit__STM__t.html#528f84be030a7ec19bf27ac995a64497" title="core_commit_STM_t::step" alt="" coords="496,1083,672,1109">
<area shape="rect" href="$classcore__commit__DPM__t.html#b3b35af5a3e6aa82d61761a07da5642a" title="core_commit_DPM_t::step" alt="" coords="496,1152,672,1179">
<area shape="rect" href="$classcore__oracle__t.html#1ac2b1204cef575e22d1d03c3ce4cff9" title="core_oracle_t::exec" alt="" coords="516,411,652,437">
<area shape="rect" href="$classcore__exec__STM__t.html#cd8f278347a187b2312fe3fec220d11f" title="core_exec_STM_t::LDQ_deallocate" alt="" coords="157,1221,384,1248">
<area shape="rect" href="$classcore__exec__DPM__t.html#78f6cdc56b22df9d7d26ed6a59edd762" title="core_exec_DPM_t::LDQ_deallocate" alt="" coords="157,1272,384,1299">
<area shape="rect" href="$classcore__exec__STM__t.html#0468aee30ae750c9a389932c076668f4" title="core_exec_STM_t::LDQ_insert" alt="" coords="171,1323,371,1349">
<area shape="rect" href="$classcore__exec__DPM__t.html#3df4995363c8fe7593800e13315bd14c" title="core_exec_DPM_t::LDQ_insert" alt="" coords="171,1373,371,1400">
<area shape="rect" href="$classcore__fetch__STM__t.html#66d176de79363b837645f8d790c1356f" title="core_fetch_STM_t::Mop_consume" alt="" coords="473,613,695,640">
<area shape="rect" href="$classcore__fetch__DPM__t.html#12a9d4f5fd445eaba8bc42bed244478c" title="core_fetch_DPM_t::Mop_consume" alt="" coords="160,1424,381,1451">
<area shape="rect" href="$classcore__oracle__t.html#3d8ea00f353d569980869333b7a92668" title="core_oracle_t::next_index" alt="" coords="185,563,356,589">
<area shape="rect" href="$classcore__commit__STM__t.html#36e6c1d474694d75a35ad7c49bbe7b59" title="core_commit_STM_t::ROB_insert" alt="" coords="163,1475,379,1501">
<area shape="rect" href="$classcore__commit__DPM__t.html#0bce05d30731b67e31f691bf95f87851" title="core_commit_DPM_t::ROB_insert" alt="" coords="161,1525,380,1552">
<area shape="rect" href="$classcore__decode__DPM__t.html#49fb30b42b4e7d1a058534397eea92fb" title="core_decode_DPM_t::step" alt="" coords="183,1576,359,1603">
<area shape="rect" href="$classcore__exec__DPM__t.html#3d53b2fdf7a7417775826ba647ee0b7d" title="core_exec_DPM_t::STQ_deallocate_senior" alt="" coords="135,1627,407,1653">
<area shape="rect" href="$classcore__exec__STM__t.html#114d870c3995b133cd543b13dee7ed96" title="core_exec_STM_t::STQ_deallocate_std" alt="" coords="144,1677,397,1704">
<area shape="rect" href="$classcore__exec__DPM__t.html#4593c06b9cd20d697033cfd948837df6" title="core_exec_DPM_t::STQ_deallocate_std" alt="" coords="144,1728,397,1755">
<area shape="rect" href="$classcore__exec__STM__t.html#3825420bfd6dffd553d68fb8650f3ca7" title="core_exec_STM_t::STQ_insert_sta" alt="" coords="157,1779,384,1805">
<area shape="rect" href="$classcore__exec__DPM__t.html#0c23a1b1e2f0c81600467c544aa1a6b3" title="core_exec_DPM_t::STQ_insert_sta" alt="" coords="157,1829,384,1856">
<area shape="rect" href="$classcore__exec__DPM__t.html#be6f5af1f9348805b6582a768885201b" title="core_exec_DPM_t::STQ_squash_senior" alt="" coords="144,1880,397,1907">
<area shape="rect" href="$classcore__decode__DPM__t.html#2343f465aabc6dac5713ae12d9bde905" title="core_decode_DPM_t::uop_consume" alt="" coords="155,1931,387,1957">
<area shape="rect" href="$config_2zesto-cache_8cpp.html#54a68443796a201ceb5456ce0fc69bc4" title="WBB_insert" alt="" coords="225,259,316,285">
<area shape="rect" href="$sim-zesto_8cpp.html#d4465337904f2c1d2b694eb41043de6e" title="sim_fastfwd" alt="" coords="539,309,629,336">
<area shape="rect" href="$classcore__exec__STM__t.html#f57f6b1ac6414e6e190a4e1eaf6e97a3" title="core_exec_STM_t::LDST_exec" alt="" coords="759,411,961,437">
<area shape="rect" href="$classcore__exec__DPM__t.html#23c9e1a684a28d4dacd9eb9ba2365d84" title="core_exec_DPM_t::LDST_exec" alt="" coords="759,360,961,387">
<area shape="rect" href="$sim_8h.html#6b9951fa76e6d8b400f13df1c975ed3b" title="sim_main" alt="" coords="1104,385,1181,412">
<area shape="rect" href="$manifold__fullsim_8cc.html#0ddf1224851353fc92bfbff6f499fa97" title="main" alt="" coords="1311,449,1359,476">
<area shape="rect" href="$zesto-cache_8h.html#3f3ef48df254425f422f6cf5de128ade" title="prefetch_core_caches" alt="" coords="509,664,659,691">
<area shape="rect" href="$classzesto__component.html#74c85ea8b1296c7eb0c17ddb7c4b11c4" title="zesto_component::zesto_component" alt="" coords="1025,512,1260,539">
<area shape="rect" href="$zesto-cache_8h.html#8ed5f90d7b07bddefbf6736b13da8eb2" title="prefetch_LLC" alt="" coords="536,816,632,843">
