<area shape="rect" href="$component_8h.html" title="../kernel/component.h" alt="" coords="672,155,819,181">
<area shape="rect" href="$simulator_8h.html" title="simulator.h" alt="" coords="803,304,885,331">
<area shape="rect" href="$irisEvent_8h.html" title="../simIris/data_types/impl/irisEvent.h" alt="" coords="465,80,700,107">
<area shape="rect" href="$request_8h.html" title="request.h" alt="" coords="844,80,919,107">
<area shape="rect" href="$link_8h.html" title="link.h" alt="" coords="744,229,795,256">
<area shape="rect" href="$simIrisComponentHeader_8h.html" title="../../../util/simIrisComponentHeader.h" alt="" coords="93,155,328,181">
<area shape="rect" href="$host_8h.html" title="../zesto/host.h" alt="" coords="1607,379,1711,405">
<area shape="rect" href="$machine_8h.html" title="../zesto/machine.h" alt="" coords="1559,155,1687,181">
<area shape="rect" href="$zesto-cache_8h.html" title="../zesto/zesto&#45;cache.h" alt="" coords="995,155,1147,181">
<area shape="rect" href="$mc__constants_8h.html" title="../util/mc_constants.h" alt="" coords="1272,155,1419,181">
<area shape="rect" href="$misc_8h.html" title="misc.h" alt="" coords="1795,379,1853,405">
<area shape="rect" href="$zesto-structs_8h.html" title="zesto&#45;structs.h" alt="" coords="1861,229,1968,256">
<area shape="rect" href="$regs_8h.html" title="regs.h" alt="" coords="1796,304,1852,331">
<area shape="rect" href="$options_8h.html" title="options.h" alt="" coords="1877,304,1952,331">
