<area shape="rect" href="$mshr_8h.html" title="mshr.h" alt="" coords="1361,379,1420,405">
<area shape="rect" href="$request_8h.html" title="request.h" alt="" coords="1353,453,1428,480">
<area shape="rect" href="$zesto-cache_8h.html" title="../zesto/zesto&#45;cache.h" alt="" coords="2343,528,2495,555">
<area shape="rect" href="$genericEvents_8h.html" title="../simIris/components/impl/genericEvents.h" alt="" coords="2215,304,2487,331">
<area shape="rect" href="$genericTPGVcs_8h.html" title="../simIris/components/impl/genericTPGVcs.h" alt="" coords="1273,80,1553,107">
<area shape="rect" href="$component_8h.html" title="../kernel/component.h" alt="" coords="1644,528,1791,555">
<area shape="rect" href="$simulator_8h.html" title="simulator.h" alt="" coords="1684,677,1767,704">
<area shape="rect" href="$irisEvent_8h.html" title="../simIris/data_types/impl/irisEvent.h" alt="" coords="1857,453,2092,480">
<area shape="rect" href="$link_8h.html" title="link.h" alt="" coords="1473,603,1524,629">
<area shape="rect" href="$simIrisComponentHeader_8h.html" title="../../../util/simIrisComponentHeader.h" alt="" coords="1905,528,2140,555">
<area shape="rect" href="$host_8h.html" title="../zesto/host.h" alt="" coords="737,603,841,629">
<area shape="rect" href="$machine_8h.html" title="../zesto/machine.h" alt="" coords="484,528,612,555">
<area shape="rect" href="$mc__constants_8h.html" title="../util/mc_constants.h" alt="" coords="788,528,935,555">
<area shape="rect" href="$misc_8h.html" title="misc.h" alt="" coords="71,603,129,629">
<area shape="rect" href="$zesto-structs_8h.html" title="zesto&#45;structs.h" alt="" coords="505,603,612,629">
<area shape="rect" href="$genericInterface_8h.html" title="genericInterface.h" alt="" coords="1768,155,1893,181">
<area shape="rect" href="$highLevelPacket_8h.html" title="../../data_types/impl/highLevelPacket.h" alt="" coords="2561,304,2809,331">
<area shape="rect" href="$processor_8h.html" title="../interfaces/processor.h" alt="" coords="1417,229,1577,256">
<area shape="rect" href="$genericData_8h.html" title="../../../util/genericData.h" alt="" coords="1801,304,1959,331">
<area shape="rect" href="$interface_8h.html" title="../interfaces/interface.h" alt="" coords="1521,304,1676,331">
<area shape="rect" href="$networkComponent_8h.html" title="networkComponent.h" alt="" coords="1455,379,1599,405">
<area shape="rect" href="$buffer_8h.html" title="buffer.h" alt="" coords="1945,379,2009,405">
<area shape="rect" href="$genericLink_8h.html" title="../impl/genericLink.h" alt="" coords="1815,229,1953,256">
<area shape="rect" href="$genericBuffer_8h.html" title="genericBuffer.h" alt="" coords="2033,304,2140,331">
<area shape="rect" href="$lowLevelPacket_8h.html" title="lowLevelPacket.h" alt="" coords="2363,379,2485,405">
<area shape="rect" href="$flit_8h.html" title="flit.h" alt="" coords="2500,453,2545,480">
