<area shape="rect" href="$NI_8h.html" title="NI.h" alt="" coords="4756,304,4801,331">
<area shape="rect" href="$MC_8h.html" title="MC.h" alt="" coords="4569,80,4620,107">
<area shape="rect" href="$response__handler_8h.html" title="response_handler.h" alt="" coords="6317,229,6451,256">
<area shape="rect" href="$processor_8h.html" title="../simIris/components/interfaces/processor.h" alt="" coords="5107,379,5387,405">
<area shape="rect" href="$irisEvent_8h.html" title="../../data_types/impl/irisEvent.h" alt="" coords="4205,677,4408,704">
<area shape="rect" href="$genericEvents_8h.html" title="../simIris/components/impl/genericEvents.h" alt="" coords="3675,603,3947,629">
<area shape="rect" href="$highLevelPacket_8h.html" title="../simIris/data_types/impl/highLevelPacket.h" alt="" coords="5756,528,6036,555">
<area shape="rect" href="$genericData_8h.html" title="../util/genericData.h" alt="" coords="5589,603,5723,629">
<area shape="rect" href="$mc__constants_8h.html" title="../util/mc_constants.h" alt="" coords="1953,752,2100,779">
<area shape="rect" href="$request_8h.html" title="request.h" alt="" coords="2627,677,2701,704">
<area shape="rect" href="$mshr_8h.html" title="mshr.h" alt="" coords="5085,603,5144,629">
<area shape="rect" href="$networkComponent_8h.html" title="networkComponent.h" alt="" coords="5320,603,5464,629">
<area shape="rect" href="$interface_8h.html" title="interface.h" alt="" coords="5227,453,5309,480">
<area shape="rect" href="$component_8h.html" title="../../../kernel/component.h" alt="" coords="3296,752,3467,779">
<area shape="rect" href="$simIrisComponentHeader_8h.html" title="../../../util/simIrisComponentHeader.h" alt="" coords="5344,752,5579,779">
<area shape="rect" href="$simulator_8h.html" title="simulator.h" alt="" coords="3443,901,3525,928">
<area shape="rect" href="$link_8h.html" title="link.h" alt="" coords="3283,827,3333,853">
<area shape="rect" href="$buffer_8h.html" title="buffer.h" alt="" coords="5747,603,5811,629">
<area shape="rect" href="$irisLink_8h.html" title="irisLink.h" alt="" coords="5237,528,5309,555">
<area shape="rect" href="$flit_8h.html" title="../../data_types/impl/flit.h" alt="" coords="5496,677,5661,704">
<area shape="rect" href="$lowLevelPacket_8h.html" title="lowLevelPacket.h" alt="" coords="5835,603,5957,629">
<area shape="rect" href="$host_8h.html" title="../zesto/host.h" alt="" coords="2632,827,2736,853">
<area shape="rect" href="$machine_8h.html" title="../zesto/machine.h" alt="" coords="2877,752,3005,779">
<area shape="rect" href="$zesto-cache_8h.html" title="../zesto/zesto&#45;cache.h" alt="" coords="2600,752,2752,779">
<area shape="rect" href="$request__handler_8h.html" title="request_handler.h" alt="" coords="1616,229,1739,256">
<area shape="rect" href="$bus__handler_8h.html" title="bus_handler.h" alt="" coords="1627,379,1728,405">
<area shape="rect" href="$dram_8h.html" title="dram.h" alt="" coords="2829,603,2891,629">
<area shape="rect" href="$bus_8h.html" title="bus.h" alt="" coords="4528,453,4581,480">
<area shape="rect" href="$refresh__manager_8h.html" title="refresh_manager.h" alt="" coords="3067,155,3195,181">
<area shape="rect" href="$memctrl_2stats_8h.html" title="stats.h" alt="" coords="6184,603,6245,629">
<area shape="rect" href="$channel__handler_8h.html" title="channel_handler.h" alt="" coords="911,603,1036,629">
<area shape="rect" href="$bank__handler_8h.html" title="bank_handler.h" alt="" coords="1257,304,1364,331">
<area shape="rect" href="$addr__map_8h.html" title="addr_map.h" alt="" coords="1299,603,1387,629">
<area shape="rect" href="$cmd__issuer_8h.html" title="cmd_issuer.h" alt="" coords="2593,453,2692,480">
<area shape="rect" href="$data__bus__handler_8h.html" title="data_bus_handler.h" alt="" coords="2576,528,2709,555">
<area shape="rect" href="$cmd__bus__handler_8h.html" title="cmd_bus_handler.h" alt="" coords="3267,528,3400,555">
<area shape="rect" href="$mshr__standalone_8h.html" title="mshr_standalone.h" alt="" coords="6472,603,6603,629">
