<area shape="rect" href="$zesto-structs_8h.html" title="zesto&#45;structs.h" alt="" coords="1953,80,2060,107">
<area shape="rect" href="$mesh_8h.html" title="mesh.h" alt="" coords="3749,603,3813,629">
<area shape="rect" href="$sim_8h.html" title="sim.h" alt="" coords="2317,528,2371,555">
<area shape="rect" href="$sim-zesto_8cpp.html" title="sim&#45;zesto.cpp" alt="" coords="3153,603,3257,629">
<area shape="rect" href="$zesto-uncore_8cpp.html" title="zesto&#45;uncore.cpp" alt="" coords="1555,603,1675,629">
<area shape="rect" href="$zesto-dram_8cpp.html" title="zesto&#45;dram.cpp" alt="" coords="2597,528,2709,555">
<area shape="rect" href="$zesto-MC_8cpp.html" title="zesto&#45;MC.cpp" alt="" coords="2733,528,2835,555">
<area shape="rect" href="$memory_8h.html" title="memory.h" alt="" coords="3124,379,3201,405">
<area shape="rect" href="$zesto-opts_8h.html" title="zesto&#45;opts.h" alt="" coords="1567,453,1660,480">
<area shape="rect" href="$machine_8h.html" title="machine.h" alt="" coords="2916,155,2996,181">
<area shape="rect" href="$zesto-bpred_8h.html" title="zesto&#45;bpred.h" alt="" coords="2079,453,2177,480">
<area shape="rect" href="$zesto-prefetch_8h.html" title="zesto&#45;prefetch.h" alt="" coords="952,453,1067,480">
<area shape="rect" href="$zesto-memdep_8h.html" title="zesto&#45;memdep.h" alt="" coords="1112,304,1229,331">
<area shape="rect" href="$zesto-core_8h.html" title="zesto&#45;core.h" alt="" coords="497,453,591,480">
<area shape="rect" href="$request_8h.html" title="request.h" alt="" coords="3867,379,3941,405">
<area shape="rect" href="$regs_8h.html" title="regs.h" alt="" coords="2892,379,2948,405">
<area shape="rect" href="$thread_8h.html" title="thread.h" alt="" coords="2839,453,2905,480">
<area shape="rect" href="$loader_8h.html" title="loader.h" alt="" coords="3525,528,3592,555">
<area shape="rect" href="$syscall_8h.html" title="syscall.h" alt="" coords="3133,528,3205,555">
<area shape="rect" href="$zesto_2stats_8h.html" title="stats.h" alt="" coords="1844,304,1905,331">
<area shape="rect" href="$eval_8h.html" title="eval.h" alt="" coords="2648,229,2704,256">
<area shape="rect" href="$elf_8h.html" title="elf.h" alt="" coords="2993,229,3039,256">
<area shape="rect" href="$libexo_8h.html" title="libexo.h" alt="" coords="3063,229,3129,256">
<area shape="rect" href="$range_8h.html" title="range.h" alt="" coords="3153,229,3217,256">
<area shape="rect" href="$symbol_8h.html" title="symbol.h" alt="" coords="3241,229,3316,256">
<area shape="rect" href="$genericTPGVcs_8h.html" title="genericTPGVcs.h" alt="" coords="3888,528,4011,555">
<area shape="rect" href="$mshr_8h.html" title="mshr.h" alt="" coords="3875,453,3933,480">
<area shape="rect" href="$NI_8h.html" title="NI.h" alt="" coords="3819,528,3864,555">
<area shape="rect" href="$genericFlatMc_8h.html" title="genericFlatMc.h" alt="" coords="4085,528,4200,555">
<area shape="rect" href="$genericTPGVcs_8cc.html" title="genericTPGVcs.cc" alt="" coords="3856,677,3987,704">
<area shape="rect" href="$manifold__fullsim_8cc.html" title="manifold_fullsim.cc" alt="" coords="3593,677,3727,704">
<area shape="rect" href="$manifold__simiris_8cc.html" title="manifold_simiris.cc" alt="" coords="4031,677,4164,704">
<area shape="rect" href="$mesh_8cc.html" title="mesh.cc" alt="" coords="3751,677,3823,704">
<area shape="rect" href="$zesto-bpred_8cpp.html" title="zesto&#45;bpred.cpp" alt="" coords="1851,603,1965,629">
<area shape="rect" href="$zesto-commit_8cpp.html" title="zesto&#45;commit.cpp" alt="" coords="1989,603,2115,629">
<area shape="rect" href="$zesto-decode_8cpp.html" title="zesto&#45;decode.cpp" alt="" coords="2139,603,2261,629">
<area shape="rect" href="$zesto-memdep_8cpp.html" title="zesto&#45;memdep.cpp" alt="" coords="1369,603,1500,629">
<area shape="rect" href="$zesto-oracle_8cpp.html" title="zesto&#45;oracle.cpp" alt="" coords="2285,603,2403,629">
<area shape="rect" href="$zesto-prefetch_8cpp.html" title="zesto&#45;prefetch.cpp" alt="" coords="1699,603,1827,629">
<area shape="rect" href="$endian_8h.html" title="endian.h" alt="" coords="3331,528,3400,555">
<area shape="rect" href="$config_2zesto-cache_8cpp.html" title="zesto&#45;cache.cpp" alt="" coords="1147,528,1264,555">
<area shape="rect" href="$config_2zesto-llc_8cpp.html" title="zesto&#45;llc.cpp" alt="" coords="765,528,861,555">
<area shape="rect" href="$eio_8h.html" title="eio.h" alt="" coords="3011,528,3059,555">
<area shape="rect" href="$zesto-alloc_8cpp.html" title="zesto&#45;alloc.cpp" alt="" coords="1288,528,1397,555">
<area shape="rect" href="$zesto-cache_8cpp.html" title="zesto&#45;cache.cpp" alt="" coords="885,528,1003,555">
<area shape="rect" href="$zesto-exec_8cpp.html" title="zesto&#45;exec.cpp" alt="" coords="632,528,741,555">
<area shape="rect" href="$zesto-fetch_8cpp.html" title="zesto&#45;fetch.cpp" alt="" coords="1472,528,1584,555">
<area shape="rect" href="$zesto-llc_8cpp.html" title="zesto&#45;llc.cpp" alt="" coords="1027,528,1123,555">
<area shape="rect" href="$zesto-core_8cpp.html" title="zesto&#45;core.cpp" alt="" coords="45,528,152,555">
