<area shape="rect" href="$networkComponent_8h.html" title="networkComponent.h" alt="" coords="171,229,315,256">
<area shape="rect" href="$irisEvent_8h.html" title="../../data_types/impl/irisEvent.h" alt="" coords="123,304,325,331">
<area shape="rect" href="$interface_8h.html" title="interface.h" alt="" coords="311,80,393,107">
<area shape="rect" href="$component_8h.html" title="../../../kernel/component.h" alt="" coords="27,379,197,405">
<area shape="rect" href="$simIrisComponentHeader_8h.html" title="../../../util/simIrisComponentHeader.h" alt="" coords="576,379,811,405">
<area shape="rect" href="$simulator_8h.html" title="simulator.h" alt="" coords="251,528,333,555">
<area shape="rect" href="$link_8h.html" title="link.h" alt="" coords="87,453,137,480">
<area shape="rect" href="$buffer_8h.html" title="buffer.h" alt="" coords="501,229,565,256">
<area shape="rect" href="$irisLink_8h.html" title="irisLink.h" alt="" coords="389,155,461,181">
<area shape="rect" href="$flit_8h.html" title="../../data_types/impl/flit.h" alt="" coords="451,304,616,331">
