<area shape="rect" href="$processor_8h.html" title="processor.h" alt="" coords="199,80,287,107">
<area shape="rect" href="$networkComponent_8h.html" title="networkComponent.h" alt="" coords="171,304,315,331">
<area shape="rect" href="$irisEvent_8h.html" title="../../data_types/impl/irisEvent.h" alt="" coords="123,379,325,405">
<area shape="rect" href="$interface_8h.html" title="interface.h" alt="" coords="311,155,393,181">
<area shape="rect" href="$component_8h.html" title="../../../kernel/component.h" alt="" coords="27,453,197,480">
<area shape="rect" href="$simIrisComponentHeader_8h.html" title="../../../util/simIrisComponentHeader.h" alt="" coords="576,453,811,480">
<area shape="rect" href="$simulator_8h.html" title="simulator.h" alt="" coords="251,603,333,629">
<area shape="rect" href="$link_8h.html" title="link.h" alt="" coords="87,528,137,555">
<area shape="rect" href="$buffer_8h.html" title="buffer.h" alt="" coords="501,304,565,331">
<area shape="rect" href="$irisLink_8h.html" title="irisLink.h" alt="" coords="389,229,461,256">
<area shape="rect" href="$flit_8h.html" title="../../data_types/impl/flit.h" alt="" coords="451,379,616,405">
