<area shape="rect" href="$zesto-structs_8h.html" title="zesto&#45;structs.h" alt="" coords="3336,80,3443,107">
<area shape="rect" href="$mesh_8h.html" title="mesh.h" alt="" coords="493,603,557,629">
<area shape="rect" href="$sim-zesto_8cpp.html" title="sim&#45;zesto.cpp" alt="" coords="1085,603,1189,629">
<area shape="rect" href="$sim_8h.html" title="sim.h" alt="" coords="3448,528,3501,555">
<area shape="rect" href="$thread_8h.html" title="thread.h" alt="" coords="1589,453,1656,480">
<area shape="rect" href="$loader_8h.html" title="loader.h" alt="" coords="765,528,832,555">
<area shape="rect" href="$machine_8h.html" title="machine.h" alt="" coords="1476,155,1556,181">
<area shape="rect" href="$zesto-bpred_8h.html" title="zesto&#45;bpred.h" alt="" coords="3547,453,3645,480">
<area shape="rect" href="$zesto-prefetch_8h.html" title="zesto&#45;prefetch.h" alt="" coords="2649,453,2764,480">
<area shape="rect" href="$zesto-memdep_8h.html" title="zesto&#45;memdep.h" alt="" coords="3477,304,3595,331">
<area shape="rect" href="$zesto-core_8h.html" title="zesto&#45;core.h" alt="" coords="3056,453,3149,480">
<area shape="rect" href="$request_8h.html" title="request.h" alt="" coords="273,379,348,405">
<area shape="rect" href="$zesto_2stats_8h.html" title="stats.h" alt="" coords="2256,304,2317,331">
<area shape="rect" href="$memory_8h.html" title="memory.h" alt="" coords="1012,379,1089,405">
<area shape="rect" href="$syscall_8h.html" title="syscall.h" alt="" coords="1101,528,1173,555">
<area shape="rect" href="$eval_8h.html" title="eval.h" alt="" coords="1488,229,1544,256">
<area shape="rect" href="$elf_8h.html" title="elf.h" alt="" coords="1619,229,1664,256">
<area shape="rect" href="$libexo_8h.html" title="libexo.h" alt="" coords="1688,229,1755,256">
<area shape="rect" href="$range_8h.html" title="range.h" alt="" coords="1779,229,1843,256">
<area shape="rect" href="$symbol_8h.html" title="symbol.h" alt="" coords="816,229,891,256">
<area shape="rect" href="$genericTPGVcs_8h.html" title="genericTPGVcs.h" alt="" coords="5,528,128,555">
<area shape="rect" href="$mshr_8cc.html" title="mshr.cc" alt="" coords="157,603,224,629">
<area shape="rect" href="$mshr_8h.html" title="mshr.h" alt="" coords="120,453,179,480">
<area shape="rect" href="$NI_8h.html" title="NI.h" alt="" coords="392,528,437,555">
<area shape="rect" href="$genericFlatMc_8h.html" title="genericFlatMc.h" alt="" coords="253,528,368,555">
<area shape="rect" href="$zesto-uncore_8h.html" title="zesto&#45;uncore.h" alt="" coords="2080,453,2187,480">
<area shape="rect" href="$genericTPGVcs_8cc.html" title="genericTPGVcs.cc" alt="" coords="59,677,189,704">
<area shape="rect" href="$manifold__fullsim_8cc.html" title="manifold_fullsim.cc" alt="" coords="1132,677,1265,704">
<area shape="rect" href="$manifold__simiris_8cc.html" title="manifold_simiris.cc" alt="" coords="244,677,377,704">
<area shape="rect" href="$mesh_8cc.html" title="mesh.cc" alt="" coords="489,677,561,704">
<area shape="rect" href="$config_2zesto-cache_8cpp.html" title="zesto&#45;cache.cpp" alt="" coords="2552,528,2669,555">
<area shape="rect" href="$config_2zesto-llc_8cpp.html" title="zesto&#45;llc.cpp" alt="" coords="2171,528,2267,555">
<area shape="rect" href="$zesto-cache_8cpp.html" title="zesto&#45;cache.cpp" alt="" coords="2291,528,2408,555">
<area shape="rect" href="$zesto-decode_8cpp.html" title="zesto&#45;decode.cpp" alt="" coords="2972,603,3095,629">
<area shape="rect" href="$zesto-dram_8cpp.html" title="zesto&#45;dram.cpp" alt="" coords="1496,528,1608,555">
<area shape="rect" href="$zesto-exec_8cpp.html" title="zesto&#45;exec.cpp" alt="" coords="2693,528,2803,555">
<area shape="rect" href="$zesto-fetch_8cpp.html" title="zesto&#45;fetch.cpp" alt="" coords="2827,528,2939,555">
<area shape="rect" href="$zesto-llc_8cpp.html" title="zesto&#45;llc.cpp" alt="" coords="2432,528,2528,555">
<area shape="rect" href="$zesto-MC_8cpp.html" title="zesto&#45;MC.cpp" alt="" coords="1197,528,1299,555">
<area shape="rect" href="$zesto-oracle_8cpp.html" title="zesto&#45;oracle.cpp" alt="" coords="2307,603,2424,629">
<area shape="rect" href="$zesto-prefetch_8cpp.html" title="zesto&#45;prefetch.cpp" alt="" coords="3644,603,3772,629">
<area shape="rect" href="$zesto-uncore_8cpp.html" title="zesto&#45;uncore.cpp" alt="" coords="3119,603,3239,629">
<area shape="rect" href="$zesto-bpred_8cpp.html" title="zesto&#45;bpred.cpp" alt="" coords="3864,603,3979,629">
<area shape="rect" href="$zesto-memdep_8cpp.html" title="zesto&#45;memdep.cpp" alt="" coords="4081,603,4212,629">
<area shape="rect" href="$zesto-commit_8cpp.html" title="zesto&#45;commit.cpp" alt="" coords="3453,603,3579,629">
<area shape="rect" href="$endian_8h.html" title="endian.h" alt="" coords="957,528,1027,555">
<area shape="rect" href="$eio_8h.html" title="eio.h" alt="" coords="1373,528,1421,555">
<area shape="rect" href="$zesto-alloc_8cpp.html" title="zesto&#45;alloc.cpp" alt="" coords="1987,528,2096,555">
<area shape="rect" href="$zesto-core_8cpp.html" title="zesto&#45;core.cpp" alt="" coords="3216,528,3323,555">
