<area shape="rect" href="$request_8h.html" title="request.h" alt="" coords="365,80,440,107">
<area shape="rect" href="$component_8h.html" title="../kernel/component.h" alt="" coords="329,155,476,181">
<area shape="rect" href="$simulator_8h.html" title="simulator.h" alt="" coords="320,304,403,331">
<area shape="rect" href="$host_8h.html" title="../zesto/host.h" alt="" coords="771,379,875,405">
<area shape="rect" href="$machine_8h.html" title="../zesto/machine.h" alt="" coords="855,155,983,181">
<area shape="rect" href="$zesto-cache_8h.html" title="../zesto/zesto&#45;cache.h" alt="" coords="1089,155,1241,181">
<area shape="rect" href="$mc__constants_8h.html" title="../util/mc_constants.h" alt="" coords="500,155,647,181">
<area shape="rect" href="$link_8h.html" title="link.h" alt="" coords="408,229,459,256">
<area shape="rect" href="$misc_8h.html" title="misc.h" alt="" coords="900,379,959,405">
<area shape="rect" href="$zesto-structs_8h.html" title="zesto&#45;structs.h" alt="" coords="911,229,1017,256">
<area shape="rect" href="$regs_8h.html" title="regs.h" alt="" coords="860,304,916,331">
<area shape="rect" href="$options_8h.html" title="options.h" alt="" coords="940,304,1015,331">
