<area shape="rect" href="$manifold__simmc_8cc.html" title="manifold_simmc.cc" alt="" coords="5,229,139,256">
<area shape="rect" href="$refresh__manager_8h.html" title="refresh_manager.h" alt="" coords="184,80,312,107">
<area shape="rect" href="$MC_8h.html" title="MC.h" alt="" coords="328,155,379,181">
<area shape="rect" href="$request__handler_8cc.html" title="request_handler.cc" alt="" coords="501,229,632,256">
<area shape="rect" href="$response__handler_8cc.html" title="response_handler.cc" alt="" coords="656,229,795,256">
<area shape="rect" href="$addr__map_8cc.html" title="addr_map.cc" alt="" coords="504,80,600,107">
<area shape="rect" href="$bank__handler_8cc.html" title="bank_handler.cc" alt="" coords="624,80,739,107">
<area shape="rect" href="$bus__handler_8cc.html" title="bus_handler.cc" alt="" coords="763,80,869,107">
<area shape="rect" href="$refresh__manager_8cc.html" title="refresh_manager.cc" alt="" coords="168,155,304,181">
<area shape="rect" href="$dram_8cc.html" title="dram.cc" alt="" coords="411,229,477,256">
<area shape="rect" href="$MC_8cc.html" title="MC.cc" alt="" coords="163,229,221,256">
<area shape="rect" href="$NI_8cc.html" title="NI.cc" alt="" coords="245,229,296,256">
<area shape="rect" href="$stats_8cc.html" title="stats.cc" alt="" coords="320,229,387,256">
