<area shape="rect" href="$component_8h.html" title="../kernel/component.h" alt="" coords="329,80,476,107">
<area shape="rect" href="$simulator_8h.html" title="simulator.h" alt="" coords="320,229,403,256">
<area shape="rect" href="$host_8h.html" title="../zesto/host.h" alt="" coords="771,304,875,331">
<area shape="rect" href="$machine_8h.html" title="../zesto/machine.h" alt="" coords="855,80,983,107">
<area shape="rect" href="$zesto-cache_8h.html" title="../zesto/zesto&#45;cache.h" alt="" coords="1089,80,1241,107">
<area shape="rect" href="$mc__constants_8h.html" title="../util/mc_constants.h" alt="" coords="500,80,647,107">
<area shape="rect" href="$link_8h.html" title="link.h" alt="" coords="408,155,459,181">
<area shape="rect" href="$misc_8h.html" title="misc.h" alt="" coords="900,304,959,331">
<area shape="rect" href="$zesto-structs_8h.html" title="zesto&#45;structs.h" alt="" coords="911,155,1017,181">
<area shape="rect" href="$regs_8h.html" title="regs.h" alt="" coords="860,229,916,256">
<area shape="rect" href="$options_8h.html" title="options.h" alt="" coords="940,229,1015,256">
