<area shape="rect" href="$genericRouterVcs_8h.html" title="genericRouterVcs.h" alt="" coords="135,80,271,107">
<area shape="rect" href="$genericRouterAdaptive_8h.html" title="genericRouterAdaptive.h" alt="" coords="313,80,476,107">
<area shape="rect" href="$genericRouterNoVcs_8h.html" title="genericRouterNoVcs.h" alt="" coords="503,80,655,107">
<area shape="rect" href="$genericRouterVct_8h.html" title="genericRouterVct.h" alt="" coords="679,80,809,107">
<area shape="rect" href="$router_8cc.html" title="router.cc" alt="" coords="833,80,905,107">
<area shape="rect" href="$mesh_8h.html" title="mesh.h" alt="" coords="221,155,285,181">
<area shape="rect" href="$genericTPGVcs_8cc.html" title="genericTPGVcs.cc" alt="" coords="32,229,163,256">
<area shape="rect" href="$genericRouterVcs_8cc.html" title="Implements the GenericRouterVcs class." alt="" coords="5,155,147,181">
<area shape="rect" href="$manifold__fullsim_8cc.html" title="manifold_fullsim.cc" alt="" coords="440,229,573,256">
<area shape="rect" href="$manifold__simiris_8cc.html" title="manifold_simiris.cc" alt="" coords="187,229,320,256">
<area shape="rect" href="$mesh_8cc.html" title="mesh.cc" alt="" coords="344,229,416,256">
<area shape="rect" href="$genericRouterAdaptive_8cc.html" title="genericRouterAdaptive.cc" alt="" coords="309,155,480,181">
<area shape="rect" href="$genericRouterNoVcs_8cc.html" title="genericRouterNoVcs.cc" alt="" coords="504,155,661,181">
<area shape="rect" href="$genericRouterVct_8cc.html" title="genericRouterVct.cc" alt="" coords="685,155,824,181">
