<area shape="rect" href="$zesto-qsim_8h.html" title="zesto&#45;qsim.h" alt="" coords="465,80,561,107">
<area shape="rect" href="$host_8h.html" title="host.h" alt="" coords="636,677,692,704">
<area shape="rect" href="$misc_8h.html" title="misc.h" alt="" coords="1368,677,1427,704">
<area shape="rect" href="$machine_8h.html" title="machine.h" alt="" coords="1309,453,1389,480">
<area shape="rect" href="$regs_8h.html" title="regs.h" alt="" coords="520,603,576,629">
<area shape="rect" href="$options_8h.html" title="options.h" alt="" coords="1525,603,1600,629">
<area shape="rect" href="$memory_8h.html" title="memory.h" alt="" coords="849,229,927,256">
<area shape="rect" href="$zesto_2stats_8h.html" title="stats.h" alt="" coords="1272,304,1333,331">
<area shape="rect" href="$loader_8h.html" title="loader.h" alt="" coords="636,80,703,107">
<area shape="rect" href="$thread_8h.html" title="thread.h" alt="" coords="757,155,824,181">
<area shape="rect" href="$syscall_8h.html" title="syscall.h" alt="" coords="1652,80,1724,107">
<area shape="rect" href="$sim_8h.html" title="sim.h" alt="" coords="1024,80,1077,107">
<area shape="rect" href="$zesto-opts_8h.html" title="zesto&#45;opts.h" alt="" coords="1492,229,1585,256">
<area shape="rect" href="$zesto-core_8h.html" title="zesto&#45;core.h" alt="" coords="1609,229,1703,256">
<area shape="rect" href="$zesto-oracle_8h.html" title="zesto&#45;oracle.h" alt="" coords="2085,304,2189,331">
<area shape="rect" href="$zesto-cache_8h.html" title="zesto&#45;cache.h" alt="" coords="2085,453,2189,480">
<area shape="rect" href="$zesto-fetch_8h.html" title="zesto&#45;fetch.h" alt="" coords="2136,80,2232,107">
<area shape="rect" href="$zesto-decode_8h.html" title="zesto&#45;decode.h" alt="" coords="2256,80,2365,107">
<area shape="rect" href="$zesto-bpred_8h.html" title="zesto&#45;bpred.h" alt="" coords="1405,379,1504,405">
<area shape="rect" href="$zesto-alloc_8h.html" title="zesto&#45;alloc.h" alt="" coords="2440,80,2536,107">
<area shape="rect" href="$zesto-exec_8h.html" title="zesto&#45;exec.h" alt="" coords="2560,80,2656,107">
<area shape="rect" href="$zesto-commit_8h.html" title="zesto&#45;commit.h" alt="" coords="2680,80,2792,107">
<area shape="rect" href="$zesto-uncore_8h.html" title="zesto&#45;uncore.h" alt="" coords="2499,304,2605,331">
<area shape="rect" href="$zesto-structs_8h.html" title="zesto&#45;structs.h" alt="" coords="1509,528,1616,555">
<area shape="rect" href="$eval_8h.html" title="eval.h" alt="" coords="888,379,944,405">
<area shape="rect" href="$clock_8h.html" title="../kernel/clock.h" alt="" coords="899,155,1013,181">
<area shape="rect" href="$genericInterfaceVcs_8h.html" title="../simIris/components/impl/genericInterfaceVcs.h" alt="" coords="2615,379,2921,405">
<area shape="rect" href="$genericData_8h.html" title="../../../util/genericData.h" alt="" coords="2485,453,2643,480">
<area shape="rect" href="$highLevelPacket_8h.html" title="../../data_types/impl/highLevelPacket.h" alt="" coords="3040,453,3288,480">
<area shape="rect" href="$processor_8h.html" title="../interfaces/processor.h" alt="" coords="2667,453,2827,480">
<area shape="rect" href="$genericEvents_8h.html" title="genericEvents.h" alt="" coords="2901,453,3016,480">
<area shape="rect" href="$request_8h.html" title="../memctrl/request.h" alt="" coords="2187,379,2325,405">
<area shape="rect" href="$mc__constants_8h.html" title="../util/mc_constants.h" alt="" coords="2315,453,2461,480">
