<area shape="rect" href="$options_8h.html" title="options.h" alt="" coords="1283,528,1357,555">
<area shape="rect" href="$zesto_2stats_8h.html" title="stats.h" alt="" coords="427,229,488,256">
<area shape="rect" href="$regs_8h.html" title="regs.h" alt="" coords="747,528,803,555">
<area shape="rect" href="$memory_8h.html" title="memory.h" alt="" coords="917,155,995,181">
<area shape="rect" href="$thread_8h.html" title="thread.h" alt="" coords="837,80,904,107">
<area shape="rect" href="$clock_8h.html" title="../kernel/clock.h" alt="" coords="1527,80,1641,107">
<area shape="rect" href="$host_8h.html" title="host.h" alt="" coords="268,603,324,629">
<area shape="rect" href="$machine_8h.html" title="machine.h" alt="" coords="719,379,799,405">
<area shape="rect" href="$eval_8h.html" title="eval.h" alt="" coords="405,304,461,331">
<area shape="rect" href="$misc_8h.html" title="misc.h" alt="" coords="1047,603,1105,629">
<area shape="rect" href="$zesto-structs_8h.html" title="zesto&#45;structs.h" alt="" coords="928,453,1035,480">
