<area shape="rect" href="$networkComponent_8h.html" title="networkComponent.h" alt="" coords="2192,155,2336,181">
<area shape="rect" href="$irisEvent_8h.html" title="irisEvent.h" alt="" coords="1068,80,1151,107">
<area shape="rect" href="$flit_8h.html" title="flit.h" alt="" coords="2980,155,3025,181">
<area shape="rect" href="$buffer_8h.html" title="buffer.h" alt="" coords="2075,229,2139,256">
<area shape="rect" href="$genericData_8h.html" title="genericData.h" alt="" coords="3243,229,3344,256">
<area shape="rect" href="$config__params_8h.html" title="config_params.h" alt="" coords="3819,379,3936,405">
<area shape="rect" href="$lowLevelPacket_8h.html" title="lowLevelPacket.h" alt="" coords="3568,229,3691,256">
<area shape="rect" href="$highLevelPacket_8h.html" title="highLevelPacket.h" alt="" coords="3161,379,3289,405">
<area shape="rect" href="$config__constants_8h.html" title="config_constants.h" alt="" coords="3917,80,4048,107">
<area shape="rect" href="$router_8h.html" title="router.h" alt="" coords="2163,229,2227,256">
<area shape="rect" href="$genericVcAllocator_8h.html" title="genericVcAllocator.h" alt="" coords="2301,304,2440,331">
<area shape="rect" href="$ptopSwaVcs_8h.html" title="ptopSwaVcs.h" alt="" coords="2667,304,2771,331">
<area shape="rect" href="$irisLink_8h.html" title="irisLink.h" alt="" coords="1755,229,1827,256">
<area shape="rect" href="$genericInterfaceVcs_8h.html" title="genericInterfaceVcs.h" alt="" coords="1684,453,1831,480">
<area shape="rect" href="$genericInterface_8h.html" title="genericInterface.h" alt="" coords="2060,453,2185,480">
<area shape="rect" href="$interface_8h.html" title="interface.h" alt="" coords="1629,304,1712,331">
<area shape="rect" href="$processor_8h.html" title="processor.h" alt="" coords="1467,379,1555,405">
<area shape="rect" href="$arbiter_8h.html" title="arbiter.h" alt="" coords="2403,229,2469,256">
<area shape="rect" href="$ptop__swa_8h.html" title="ptop_swa.h" alt="" coords="2795,304,2883,331">
<area shape="rect" href="$pvtopv__swa_8h.html" title="pvtopv_swa.h" alt="" coords="2907,304,3008,331">
<area shape="rect" href="$networkComponent_8cc.html" title="networkComponent.cc" alt="" coords="1901,229,2051,256">
<area shape="rect" href="$portArbiter_8h.html" title="portArbiter.h" alt="" coords="2595,229,2685,256">
<area shape="rect" href="$genericLink_8h.html" title="genericLink.h" alt="" coords="1896,379,1995,405">
<area shape="rect" href="$mesh_8h.html" title="mesh.h" alt="" coords="3193,528,3257,555">
<area shape="rect" href="$manifold__simiris_8cc.html" title="manifold_simiris.cc" alt="" coords="3412,603,3545,629">
<area shape="rect" href="$NI_8h.html" title="NI.h" alt="" coords="1365,453,1411,480">
<area shape="rect" href="$request__handler_8h.html" title="request_handler.h" alt="" coords="1017,603,1140,629">
<area shape="rect" href="$manifold__simmc_8cc.html" title="manifold_simmc.cc" alt="" coords="811,827,944,853">
<area shape="rect" href="$MC_8h.html" title="MC.h" alt="" coords="771,752,821,779">
<area shape="rect" href="$response__handler_8h.html" title="response_handler.h" alt="" coords="403,528,536,555">
<area shape="rect" href="$refresh__manager_8h.html" title="refresh_manager.h" alt="" coords="1067,677,1195,704">
<area shape="rect" href="$genericVcArbiter_8h.html" title="genericVcArbiter.h" alt="" coords="2464,304,2592,331">
<area shape="rect" href="$mshr_8h.html" title="mshr.h" alt="" coords="1349,155,1408,181">
<area shape="rect" href="$bank__handler_8h.html" title="bank_handler.h" alt="" coords="1016,453,1123,480">
<area shape="rect" href="$addr__map_8h.html" title="addr_map.h" alt="" coords="1076,528,1164,555">
<area shape="rect" href="$bus__handler_8h.html" title="bus_handler.h" alt="" coords="849,379,951,405">
<area shape="rect" href="$cmd__issuer_8h.html" title="cmd_issuer.h" alt="" coords="625,304,724,331">
<area shape="rect" href="$data__bus__handler_8h.html" title="data_bus_handler.h" alt="" coords="413,229,547,256">
<area shape="rect" href="$bus_8h.html" title="bus.h" alt="" coords="401,304,455,331">
<area shape="rect" href="$dram_8h.html" title="dram.h" alt="" coords="407,155,468,181">
<area shape="rect" href="$cmd__bus__handler_8h.html" title="cmd_bus_handler.h" alt="" coords="571,229,704,256">
<area shape="rect" href="$mshr__standalone_8h.html" title="mshr_standalone.h" alt="" coords="5,453,136,480">
<area shape="rect" href="$memctrl_2stats_8h.html" title="stats.h" alt="" coords="677,677,739,704">
<area shape="rect" href="$irisEvent_8cc.html" title="irisEvent.cc" alt="" coords="880,155,971,181">
<area shape="rect" href="$genericBuffer_8h.html" title="genericBuffer.h" alt="" coords="2069,379,2176,405">
<area shape="rect" href="$addressDecoder_8h.html" title="addressDecoder.h" alt="" coords="3368,229,3493,256">
<area shape="rect" href="$genericRC_8h.html" title="genericRC.h" alt="" coords="3499,304,3589,331">
<area shape="rect" href="$crossbar_8h.html" title="crossbar.h" alt="" coords="2963,229,3043,256">
<area shape="rect" href="$virtualChannelArbiter_8h.html" title="virtualChannelArbiter.h" alt="" coords="3067,229,3219,256">
