<area shape="rect" href="$structstat__stat__t.html" title="{stat_stat_t\n|+ next\l+ name\l+ desc\l+ format\l+ sc\l+ print_me\l+ variant\l|}" alt="" coords="2824,741,2907,917">
<area shape="rect" href="$unionstat__stat__t_1_1stat__variant__t.html" title="{stat_stat_t::stat_stat_t::stat_variant_t\n|+ for_int\l+ for_uint\l+ for_qword\l+ for_sqword\l+ for_float\l+ for_double\l+ for_dist\l+ for_sdist\l+ for_formula\l+ for_string\l+ for_note\l|}" alt="" coords="2745,437,2985,677">
<area shape="rect" href="$structstat__stat__t_1_1stat__variant__t_1_1stat__for__formula__t.html" title="{stat_stat_t::stat_stat_t::stat_variant_t::stat_stat_t::stat_variant_t::stat_for_formula_t\n|+ formula\l|}" alt="" coords="5,237,515,317">
<area shape="rect" href="$structstat__stat__t_1_1stat__variant__t_1_1stat__for__sdist__t.html" title="{stat_stat_t::stat_stat_t::stat_variant_t::stat_stat_t::stat_variant_t::stat_for_sdist_t\n|+ init_val\l+ sarr\l+ pf\l+ print_fn\l|}" alt="" coords="539,213,1035,341">
<area shape="rect" href="$structbucket__t.html" title="{bucket_t\n|+ next\l+ index\l+ count\l|}" alt="" coords="751,5,823,117">
<area shape="rect" href="$structstat__stat__t_1_1stat__variant__t_1_1stat__for__sqword__t.html" title="{stat_stat_t::stat_stat_t::stat_variant_t::stat_stat_t::stat_variant_t::stat_for_sqword_t\n|+ var\l+ init_val\l|}" alt="" coords="1059,229,1565,325">
<area shape="rect" href="$structstat__stat__t_1_1stat__variant__t_1_1stat__for__note__t.html" title="{stat_stat_t::stat_stat_t::stat_variant_t::stat_stat_t::stat_variant_t::stat_for_note_t\n|+ note\l|}" alt="" coords="1589,237,2080,317">
<area shape="rect" href="$structstat__stat__t_1_1stat__variant__t_1_1stat__for__uint__t.html" title="{stat_stat_t::stat_stat_t::stat_variant_t::stat_stat_t::stat_variant_t::stat_for_uint_t\n|+ var\l+ init_val\l|}" alt="" coords="2104,229,2592,325">
<area shape="rect" href="$structstat__stat__t_1_1stat__variant__t_1_1stat__for__string__t.html" title="{stat_stat_t::stat_stat_t::stat_variant_t::stat_stat_t::stat_variant_t::stat_for_string_t\n|+ string\l|}" alt="" coords="2616,237,3115,317">
<area shape="rect" href="$structstat__stat__t_1_1stat__variant__t_1_1stat__for__dist__t.html" title="{stat_stat_t::stat_stat_t::stat_variant_t::stat_stat_t::stat_variant_t::stat_for_dist_t\n|+ init_val\l+ arr\l+ arr_sz\l+ bucket_sz\l+ pf\l+ imap\l+ print_fn\l+ overflows\l|}" alt="" coords="3139,181,3627,373">
<area shape="rect" href="$structstat__stat__t_1_1stat__variant__t_1_1stat__for__float__t.html" title="{stat_stat_t::stat_stat_t::stat_variant_t::stat_stat_t::stat_variant_t::stat_for_float_t\n|+ var\l+ init_val\l|}" alt="" coords="3651,229,4141,325">
<area shape="rect" href="$structstat__stat__t_1_1stat__variant__t_1_1stat__for__double__t.html" title="{stat_stat_t::stat_stat_t::stat_variant_t::stat_stat_t::stat_variant_t::stat_for_double_t\n|+ var\l+ init_val\l|}" alt="" coords="4165,229,4669,325">
<area shape="rect" href="$structstat__stat__t_1_1stat__variant__t_1_1stat__for__qword__t.html" title="{stat_stat_t::stat_stat_t::stat_variant_t::stat_stat_t::stat_variant_t::stat_for_qword_t\n|+ var\l+ init_val\l|}" alt="" coords="4693,229,5195,325">
<area shape="rect" href="$structstat__stat__t_1_1stat__variant__t_1_1stat__for__int__t.html" title="{stat_stat_t::stat_stat_t::stat_variant_t::stat_stat_t::stat_variant_t::stat_for_int_t\n|+ var\l+ init_val\l|}" alt="" coords="5219,229,5699,325">
<area shape="rect" href="$structeval__state__t.html" title="{eval_state_t\n|+ p\l+ lastp\l+ f_eval_ident\l+ user_ptr\l+ tok_buf\l+ peek_tok\l|}" alt="" coords="2980,749,3084,909">
