<area shape="rect" href="$structmem__t.html" title="{mem_t\n|+ name\l+ ptab\l+ backing_file\l+ backing_file_tail\l+ recency_lru\l+ recency_mru\l+ page_count\l|}" alt="" coords="129,325,255,501">
<area shape="rect" href="$structmem__pte__t.html" title="{mem_pte_t\n|+ next\l+ tag\l+ addr\l+ dirty\l+ page\l+ backing_offset\l+ from_mmap_syscall\l+ no_dealloc\l+ lru_prev\l+ lru_next\l|}" alt="" coords="5,5,155,229">
<area shape="rect" href="$structregs__t.html" title="{regs_t\n|+ regs_R\l+ regs_F\l+ regs_C\l+ regs_PC\l+ regs_NPC\l+ regs_S\l|}" alt="" coords="339,333,429,493">
<area shape="rect" href="$structmd__ctrl__t.html" title="{md_ctrl_t\n|+ aflags\l+ cwd\l+ fsw\l|}" alt="" coords="249,61,324,173">
<area shape="rect" href="$unionmd__fpr__t.html" title="{md_fpr_t\n|+ e\l|}" alt="" coords="348,77,420,157">
<area shape="rect" href="$unionmd__gpr__t.html" title="{md_gpr_t\n|+ dw\l+ lo\l+ hi\l+ w\l+ lo\l+ hi\l+ pad\l+ b\l|}" alt="" coords="444,21,519,213">
<area shape="rect" href="$unionmd__seg__t.html" title="{md_seg_t\n|+ w\l|}" alt="" coords="543,77,620,157">
