<area shape="rect" href="$unionopt__opt__t_1_1opt__variant__t.html" title="{opt_opt_t::opt_opt_t::opt_variant_t\n|+ for_int\l+ for_uint\l+ for_float\l+ for_double\l+ for_enum\l+ for_string\l+ for_long_long\l|}" alt="" coords="1569,197,1788,373">
<area shape="rect" href="$structopt__opt__t_1_1opt__variant__t_1_1opt__for__enum__t.html" title="{opt_opt_t::opt_opt_t::opt_variant_t::opt_opt_t::opt_variant_t::opt_for_enum_t\n|+ var\l+ emap\l+ eval\l+ emap_sz\l|}" alt="" coords="5,5,469,133">
<area shape="rect" href="$structopt__opt__t_1_1opt__variant__t_1_1opt__for__string__t.html" title="{opt_opt_t::opt_opt_t::opt_variant_t::opt_opt_t::opt_variant_t::opt_for_string_t\n|+ var\l|}" alt="" coords="493,29,957,109">
<area shape="rect" href="$structopt__opt__t_1_1opt__variant__t_1_1opt__for__uint__t.html" title="{opt_opt_t::opt_opt_t::opt_variant_t::opt_opt_t::opt_variant_t::opt_for_uint_t\n|+ var\l|}" alt="" coords="981,29,1432,109">
<area shape="rect" href="$structopt__opt__t_1_1opt__variant__t_1_1opt__for__int__t.html" title="{opt_opt_t::opt_opt_t::opt_variant_t::opt_opt_t::opt_variant_t::opt_for_int_t\n|+ var\l|}" alt="" coords="1456,29,1901,109">
<area shape="rect" href="$structopt__opt__t_1_1opt__variant__t_1_1opt__for__float__t.html" title="{opt_opt_t::opt_opt_t::opt_variant_t::opt_opt_t::opt_variant_t::opt_for_float_t\n|+ var\l|}" alt="" coords="1925,29,2381,109">
<area shape="rect" href="$structopt__opt__t_1_1opt__variant__t_1_1opt__for__double__t.html" title="{opt_opt_t::opt_opt_t::opt_variant_t::opt_opt_t::opt_variant_t::opt_for_double_t\n|+ var\l|}" alt="" coords="2405,29,2875,109">
<area shape="rect" href="$structopt__opt__t_1_1opt__variant__t_1_1opt__for__long__long__t.html" title="{opt_opt_t::opt_opt_t::opt_variant_t::opt_opt_t::opt_variant_t::opt_for_long_long_t\n|+ var\l|}" alt="" coords="2899,29,3384,109">
