<area shape="rect" href="$sim_8h.html" title="sim.h" alt="" coords="679,80,732,107">
<area shape="rect" href="$mesh_8h.html" title="mesh.h" alt="" coords="260,155,324,181">
<area shape="rect" href="$sim-zesto_8cpp.html" title="sim&#45;zesto.cpp" alt="" coords="1261,155,1365,181">
<area shape="rect" href="$zesto-commit_8cpp.html" title="zesto&#45;commit.cpp" alt="" coords="111,155,236,181">
<area shape="rect" href="$zesto-decode_8cpp.html" title="zesto&#45;decode.cpp" alt="" coords="793,155,916,181">
<area shape="rect" href="$zesto-oracle_8cpp.html" title="zesto&#45;oracle.cpp" alt="" coords="1084,155,1201,181">
<area shape="rect" href="$zesto-uncore_8cpp.html" title="zesto&#45;uncore.cpp" alt="" coords="940,155,1060,181">
<area shape="rect" href="$endian_8h.html" title="endian.h" alt="" coords="521,80,591,107">
<area shape="rect" href="$config_2zesto-cache_8cpp.html" title="zesto&#45;cache.cpp" alt="" coords="1004,80,1121,107">
<area shape="rect" href="$config_2zesto-llc_8cpp.html" title="zesto&#45;llc.cpp" alt="" coords="1145,80,1241,107">
<area shape="rect" href="$eio_8h.html" title="eio.h" alt="" coords="1265,80,1313,107">
<area shape="rect" href="$loader_8h.html" title="loader.h" alt="" coords="1388,80,1455,107">
<area shape="rect" href="$syscall_8h.html" title="syscall.h" alt="" coords="908,80,980,107">
<area shape="rect" href="$zesto-alloc_8cpp.html" title="zesto&#45;alloc.cpp" alt="" coords="1479,80,1588,107">
<area shape="rect" href="$zesto-cache_8cpp.html" title="zesto&#45;cache.cpp" alt="" coords="1612,80,1729,107">
<area shape="rect" href="$zesto-dram_8cpp.html" title="zesto&#45;dram.cpp" alt="" coords="1753,80,1865,107">
<area shape="rect" href="$zesto-exec_8cpp.html" title="zesto&#45;exec.cpp" alt="" coords="1889,80,1999,107">
<area shape="rect" href="$zesto-fetch_8cpp.html" title="zesto&#45;fetch.cpp" alt="" coords="2023,80,2135,107">
<area shape="rect" href="$zesto-llc_8cpp.html" title="zesto&#45;llc.cpp" alt="" coords="2159,80,2255,107">
<area shape="rect" href="$zesto-MC_8cpp.html" title="zesto&#45;MC.cpp" alt="" coords="2279,80,2380,107">
<area shape="rect" href="$zesto-bpred_8cpp.html" title="zesto&#45;bpred.cpp" alt="" coords="348,155,463,181">
<area shape="rect" href="$zesto-memdep_8cpp.html" title="zesto&#45;memdep.cpp" alt="" coords="487,155,617,181">
<area shape="rect" href="$zesto-prefetch_8cpp.html" title="zesto&#45;prefetch.cpp" alt="" coords="641,155,769,181">
<area shape="rect" href="$manifold__fullsim_8cc.html" title="manifold_fullsim.cc" alt="" coords="5,229,139,256">
<area shape="rect" href="$manifold__simiris_8cc.html" title="manifold_simiris.cc" alt="" coords="163,229,296,256">
<area shape="rect" href="$mesh_8cc.html" title="mesh.cc" alt="" coords="320,229,392,256">
<area shape="rect" href="$genericTPGVcs_8cc.html" title="genericTPGVcs.cc" alt="" coords="416,229,547,256">
