<area shape="rect" href="$zesto-qsim_8h.html" title="zesto&#45;qsim.h" alt="" coords="237,80,333,107">
<area shape="rect" href="$misc_8h.html" title="misc.h" alt="" coords="423,677,481,704">
<area shape="rect" href="$thread_8h.html" title="thread.h" alt="" coords="864,155,931,181">
<area shape="rect" href="$syscall_8h.html" title="syscall.h" alt="" coords="517,80,589,107">
<area shape="rect" href="$sim_8h.html" title="sim.h" alt="" coords="1259,80,1312,107">
<area shape="rect" href="$zesto-core_8h.html" title="zesto&#45;core.h" alt="" coords="641,304,735,331">
<area shape="rect" href="$zesto-opts_8h.html" title="zesto&#45;opts.h" alt="" coords="1163,229,1256,256">
<area shape="rect" href="$zesto-oracle_8h.html" title="zesto&#45;oracle.h" alt="" coords="1744,229,1848,256">
<area shape="rect" href="$zesto-cache_8h.html" title="zesto&#45;cache.h" alt="" coords="1693,453,1797,480">
<area shape="rect" href="$zesto-fetch_8h.html" title="zesto&#45;fetch.h" alt="" coords="1795,80,1891,107">
<area shape="rect" href="$zesto-bpred_8h.html" title="zesto&#45;bpred.h" alt="" coords="616,379,715,405">
<area shape="rect" href="$zesto-decode_8h.html" title="zesto&#45;decode.h" alt="" coords="1965,80,2075,107">
<area shape="rect" href="$zesto-alloc_8h.html" title="zesto&#45;alloc.h" alt="" coords="2099,80,2195,107">
<area shape="rect" href="$zesto-exec_8h.html" title="zesto&#45;exec.h" alt="" coords="2219,80,2315,107">
<area shape="rect" href="$zesto-commit_8h.html" title="zesto&#45;commit.h" alt="" coords="2339,80,2451,107">
<area shape="rect" href="$zesto-uncore_8h.html" title="zesto&#45;uncore.h" alt="" coords="2321,304,2428,331">
<area shape="rect" href="$machine_8h.html" title="machine.h" alt="" coords="888,453,968,480">
<area shape="rect" href="$regs_8h.html" title="regs.h" alt="" coords="515,603,571,629">
<area shape="rect" href="$memory_8h.html" title="memory.h" alt="" coords="1061,229,1139,256">
<area shape="rect" href="$host_8h.html" title="host.h" alt="" coords="1121,677,1177,704">
<area shape="rect" href="$zesto-structs_8h.html" title="zesto&#45;structs.h" alt="" coords="616,528,723,555">
<area shape="rect" href="$options_8h.html" title="options.h" alt="" coords="1188,603,1263,629">
<area shape="rect" href="$zesto_2stats_8h.html" title="stats.h" alt="" coords="1259,304,1320,331">
<area shape="rect" href="$eval_8h.html" title="eval.h" alt="" coords="1309,379,1365,405">
<area shape="rect" href="$clock_8h.html" title="../kernel/clock.h" alt="" coords="1453,155,1568,181">
<area shape="rect" href="$genericInterfaceVcs_8h.html" title="../simIris/components/impl/genericInterfaceVcs.h" alt="" coords="2463,379,2769,405">
<area shape="rect" href="$genericData_8h.html" title="../../../util/genericData.h" alt="" coords="2653,453,2811,480">
<area shape="rect" href="$highLevelPacket_8h.html" title="../../data_types/impl/highLevelPacket.h" alt="" coords="2835,453,3083,480">
<area shape="rect" href="$processor_8h.html" title="../interfaces/processor.h" alt="" coords="2280,453,2440,480">
<area shape="rect" href="$genericEvents_8h.html" title="genericEvents.h" alt="" coords="2464,453,2579,480">
<area shape="rect" href="$request_8h.html" title="../memctrl/request.h" alt="" coords="1845,379,1984,405">
<area shape="rect" href="$mc__constants_8h.html" title="../util/mc_constants.h" alt="" coords="2109,453,2256,480">
