<area shape="rect" href="$thread_8h.html" title="thread.h" alt="" coords="868,155,935,181">
<area shape="rect" href="$zesto-core_8h.html" title="zesto&#45;core.h" alt="" coords="156,304,249,331">
<area shape="rect" href="$zesto-opts_8h.html" title="zesto&#45;opts.h" alt="" coords="17,229,111,256">
<area shape="rect" href="$zesto-oracle_8h.html" title="zesto&#45;oracle.h" alt="" coords="2313,155,2417,181">
<area shape="rect" href="$zesto-cache_8h.html" title="zesto&#45;cache.h" alt="" coords="3113,453,3217,480">
<area shape="rect" href="$zesto-decode_8h.html" title="zesto&#45;decode.h" alt="" coords="1637,80,1747,107">
<area shape="rect" href="$zesto-fetch_8h.html" title="zesto&#45;fetch.h" alt="" coords="1771,80,1867,107">
<area shape="rect" href="$zesto-bpred_8h.html" title="zesto&#45;bpred.h" alt="" coords="332,379,431,405">
<area shape="rect" href="$sim_8h.html" title="sim.h" alt="" coords="1047,80,1100,107">
<area shape="rect" href="$zesto-uncore_8h.html" title="zesto&#45;uncore.h" alt="" coords="1851,304,1957,331">
<area shape="rect" href="$zesto-MC_8h.html" title="zesto&#45;MC.h" alt="" coords="2863,229,2951,256">
<area shape="rect" href="$zesto-dram_8h.html" title="zesto&#45;dram.h" alt="" coords="3073,304,3169,331">
<area shape="rect" href="$machine_8h.html" title="machine.h" alt="" coords="709,453,789,480">
<area shape="rect" href="$regs_8h.html" title="regs.h" alt="" coords="713,603,769,629">
<area shape="rect" href="$memory_8h.html" title="memory.h" alt="" coords="876,229,953,256">
<area shape="rect" href="$host_8h.html" title="host.h" alt="" coords="1153,677,1209,704">
<area shape="rect" href="$misc_8h.html" title="misc.h" alt="" coords="712,677,771,704">
<area shape="rect" href="$zesto-structs_8h.html" title="zesto&#45;structs.h" alt="" coords="305,528,412,555">
<area shape="rect" href="$options_8h.html" title="options.h" alt="" coords="156,603,231,629">
<area shape="rect" href="$zesto_2stats_8h.html" title="stats.h" alt="" coords="884,304,945,331">
<area shape="rect" href="$eval_8h.html" title="eval.h" alt="" coords="887,379,943,405">
<area shape="rect" href="$clock_8h.html" title="../kernel/clock.h" alt="" coords="1513,155,1628,181">
<area shape="rect" href="$genericInterfaceVcs_8h.html" title="../simIris/components/impl/genericInterfaceVcs.h" alt="" coords="2329,379,2636,405">
<area shape="rect" href="$genericData_8h.html" title="../../../util/genericData.h" alt="" coords="2028,528,2185,555">
<area shape="rect" href="$highLevelPacket_8h.html" title="../../data_types/impl/highLevelPacket.h" alt="" coords="1756,453,2004,480">
<area shape="rect" href="$processor_8h.html" title="../interfaces/processor.h" alt="" coords="2879,453,3039,480">
<area shape="rect" href="$genericEvents_8h.html" title="genericEvents.h" alt="" coords="2311,528,2425,555">
<area shape="rect" href="$request_8h.html" title="../memctrl/request.h" alt="" coords="1484,379,1623,405">
<area shape="rect" href="$mc__constants_8h.html" title="../util/mc_constants.h" alt="" coords="1535,453,1681,480">
<area shape="rect" href="$irisEvent_8h.html" title="../../data_types/impl/irisEvent.h" alt="" coords="2633,677,2836,704">
<area shape="rect" href="$interface_8h.html" title="../interfaces/interface.h" alt="" coords="2732,528,2887,555">
<area shape="rect" href="$networkComponent_8h.html" title="networkComponent.h" alt="" coords="2829,603,2973,629">
<area shape="rect" href="$buffer_8h.html" title="buffer.h" alt="" coords="2551,603,2615,629">
<area shape="rect" href="$genericLink_8h.html" title="../impl/genericLink.h" alt="" coords="2281,453,2420,480">
<area shape="rect" href="$genericBuffer_8h.html" title="genericBuffer.h" alt="" coords="2545,453,2652,480">
<area shape="rect" href="$genericArbiter_8h.html" title="genericArbiter.h" alt="" coords="2960,677,3072,704">
