<area shape="rect" href="$classmemdep__t.html#a1a98010c0e6d4008ae372469db6888b" title="memdep_t::reg_stats" alt="" coords="165,5,309,32">
<area shape="rect" href="$classRAS__t.html#3f45ebc7d9e077724a823563c72d2fd6" title="RAS_t::reg_stats" alt="" coords="177,56,297,83">
<area shape="rect" href="$classBTB__t.html#6987bbb8bee1289335a9ec57bd1226e5" title="BTB_t::reg_stats" alt="" coords="177,107,297,133">
<area shape="rect" href="$classfusion__t.html#45c940f6458a028bd8a86684e5edce4a" title="fusion_t::reg_stats" alt="" coords="173,157,301,184">
<area shape="rect" href="$classbpred__dir__t.html#319dc721621dfdd5024c3aa7efd966dd" title="bpred_dir_t::reg_stats" alt="" coords="164,208,311,235">
<area shape="rect" href="$classcore__exec__DPM__t.html#a91990c6b68df8151ad572381551c204" title="core_exec_DPM_t::reg_stats" alt="" coords="361,5,551,32">
<area shape="rect" href="$classbpred__t.html#e3a461a94838883fc3571879d08b4c75" title="bpred_t::reg_stats" alt="" coords="393,107,519,133">
<area shape="rect" href="$classcore__fetch__STM__t.html#1a13aa718c8481dabf3f0ad3eeb29438" title="core_fetch_STM_t::reg_stats" alt="" coords="601,81,791,108">
<area shape="rect" href="$classcore__fetch__DPM__t.html#3120bbae6245c8f79968fd92b634077f" title="core_fetch_DPM_t::reg_stats" alt="" coords="600,132,792,159">
