<area shape="rect" href="$thread_8h.html" title="thread.h" alt="" coords="241,80,308,107">
<area shape="rect" href="$zesto-core_8h.html" title="zesto&#45;core.h" alt="" coords="16,229,109,256">
<area shape="rect" href="$zesto-opts_8h.html" title="zesto&#45;opts.h" alt="" coords="144,155,237,181">
<area shape="rect" href="$zesto-oracle_8h.html" title="zesto&#45;oracle.h" alt="" coords="332,80,436,107">
<area shape="rect" href="$zesto-decode_8h.html" title="zesto&#45;decode.h" alt="" coords="460,80,569,107">
<area shape="rect" href="$zesto-alloc_8h.html" title="zesto&#45;alloc.h" alt="" coords="593,80,689,107">
<area shape="rect" href="$zesto-exec_8h.html" title="zesto&#45;exec.h" alt="" coords="713,80,809,107">
<area shape="rect" href="$zesto-commit_8h.html" title="zesto&#45;commit.h" alt="" coords="833,80,945,107">
<area shape="rect" href="$machine_8h.html" title="machine.h" alt="" coords="672,379,752,405">
<area shape="rect" href="$regs_8h.html" title="regs.h" alt="" coords="921,528,977,555">
<area shape="rect" href="$memory_8h.html" title="memory.h" alt="" coords="648,155,725,181">
<area shape="rect" href="$host_8h.html" title="host.h" alt="" coords="1073,603,1129,629">
<area shape="rect" href="$misc_8h.html" title="misc.h" alt="" coords="409,603,468,629">
<area shape="rect" href="$zesto-structs_8h.html" title="zesto&#45;structs.h" alt="" coords="295,453,401,480">
<area shape="rect" href="$options_8h.html" title="options.h" alt="" coords="145,528,220,555">
<area shape="rect" href="$zesto_2stats_8h.html" title="stats.h" alt="" coords="748,229,809,256">
<area shape="rect" href="$eval_8h.html" title="eval.h" alt="" coords="775,304,831,331">
<area shape="rect" href="$zesto-cache_8h.html" title="zesto&#45;cache.h" alt="" coords="1457,155,1561,181">
