<area shape="rect" href="$classprefetch__t.html#485ee44aa3f5af50d2cfb05f6485db35" title="prefetch_t::reg_stats" alt="" coords="148,56,289,83">
<area shape="rect" href="$classmemdep__t.html#a1a98010c0e6d4008ae372469db6888b" title="memdep_t::reg_stats" alt="" coords="341,5,485,32">
<area shape="rect" href="$classdram__t.html#3f583c0e90f4f0661aea0de4abec5d1b" title="dram_t::reg_stats" alt="" coords="157,107,280,133">
<area shape="rect" href="$classRAS__t.html#3f45ebc7d9e077724a823563c72d2fd6" title="RAS_t::reg_stats" alt="" coords="159,157,279,184">
<area shape="rect" href="$classBTB__t.html#6987bbb8bee1289335a9ec57bd1226e5" title="BTB_t::reg_stats" alt="" coords="159,208,279,235">
<area shape="rect" href="$classfusion__t.html#45c940f6458a028bd8a86684e5edce4a" title="fusion_t::reg_stats" alt="" coords="155,259,283,285">
<area shape="rect" href="$classbpred__dir__t.html#319dc721621dfdd5024c3aa7efd966dd" title="bpred_dir_t::reg_stats" alt="" coords="145,309,292,336">
<area shape="rect" href="$zesto-cache_8h.html#80141f1bc8f06e0805162cdd6936c5d8" title="cache_reg_stats" alt="" coords="355,107,472,133">
<area shape="rect" href="$zesto-cache_8h.html#0a1aa47236ccba0a1d5e5818052a830d" title="LLC_reg_stats" alt="" coords="361,56,465,83">
<area shape="rect" href="$classcore__fetch__STM__t.html#1a13aa718c8481dabf3f0ad3eeb29438" title="core_fetch_STM_t::reg_stats" alt="" coords="535,132,724,159">
<area shape="rect" href="$classcore__fetch__DPM__t.html#3120bbae6245c8f79968fd92b634077f" title="core_fetch_DPM_t::reg_stats" alt="" coords="533,183,725,209">
<area shape="rect" href="$classcore__exec__STM__t.html#ec73191521d5ed4d4b303ff97baab636" title="core_exec_STM_t::reg_stats" alt="" coords="535,81,724,108">
<area shape="rect" href="$classcore__exec__DPM__t.html#a91990c6b68df8151ad572381551c204" title="core_exec_DPM_t::reg_stats" alt="" coords="535,19,724,45">
<area shape="rect" href="$classbpred__t.html#e3a461a94838883fc3571879d08b4c75" title="bpred_t::reg_stats" alt="" coords="351,183,476,209">
