<area shape="rect" href="$thread_8h.html" title="thread.h" alt="" coords="637,80,704,107">
<area shape="rect" href="$zesto-core_8h.html" title="zesto&#45;core.h" alt="" coords="331,155,424,181">
<area shape="rect" href="$zesto-opts_8h.html" title="zesto&#45;opts.h" alt="" coords="212,155,305,181">
<area shape="rect" href="$zesto-oracle_8h.html" title="zesto&#45;oracle.h" alt="" coords="1019,155,1123,181">
<area shape="rect" href="$zesto-alloc_8h.html" title="zesto&#45;alloc.h" alt="" coords="728,80,824,107">
<area shape="rect" href="$zesto-exec_8h.html" title="zesto&#45;exec.h" alt="" coords="848,80,944,107">
<area shape="rect" href="$zesto-memdep_8h.html" title="zesto&#45;memdep.h" alt="" coords="499,304,616,331">
<area shape="rect" href="$zesto-prefetch_8h.html" title="zesto&#45;prefetch.h" alt="" coords="843,304,957,331">
<area shape="rect" href="$zesto-uncore_8h.html" title="zesto&#45;uncore.h" alt="" coords="1724,155,1831,181">
<area shape="rect" href="$machine_8h.html" title="machine.h" alt="" coords="643,379,723,405">
<area shape="rect" href="$regs_8h.html" title="regs.h" alt="" coords="716,528,772,555">
<area shape="rect" href="$memory_8h.html" title="memory.h" alt="" coords="615,155,692,181">
<area shape="rect" href="$host_8h.html" title="host.h" alt="" coords="415,603,471,629">
<area shape="rect" href="$misc_8h.html" title="misc.h" alt="" coords="715,603,773,629">
<area shape="rect" href="$zesto-structs_8h.html" title="zesto&#45;structs.h" alt="" coords="397,453,504,480">
<area shape="rect" href="$options_8h.html" title="options.h" alt="" coords="248,528,323,555">
<area shape="rect" href="$zesto_2stats_8h.html" title="stats.h" alt="" coords="160,229,221,256">
<area shape="rect" href="$eval_8h.html" title="eval.h" alt="" coords="163,304,219,331">
<area shape="rect" href="$zesto-cache_8h.html" title="zesto&#45;cache.h" alt="" coords="1009,379,1113,405">
<area shape="rect" href="$genericInterfaceVcs_8h.html" title="../simIris/components/impl/genericInterfaceVcs.h" alt="" coords="1873,229,2180,256">
<area shape="rect" href="$genericData_8h.html" title="../../../util/genericData.h" alt="" coords="1764,379,1921,405">
<area shape="rect" href="$highLevelPacket_8h.html" title="../../data_types/impl/highLevelPacket.h" alt="" coords="2748,379,2996,405">
<area shape="rect" href="$processor_8h.html" title="../interfaces/processor.h" alt="" coords="2561,304,2721,331">
<area shape="rect" href="$genericEvents_8h.html" title="genericEvents.h" alt="" coords="2508,379,2623,405">
<area shape="rect" href="$request_8h.html" title="../memctrl/request.h" alt="" coords="1328,304,1467,331">
<area shape="rect" href="$mc__constants_8h.html" title="../util/mc_constants.h" alt="" coords="1188,379,1335,405">
<area shape="rect" href="$irisEvent_8h.html" title="../../data_types/impl/irisEvent.h" alt="" coords="2153,528,2356,555">
<area shape="rect" href="$interface_8h.html" title="../interfaces/interface.h" alt="" coords="2279,379,2433,405">
<area shape="rect" href="$networkComponent_8h.html" title="networkComponent.h" alt="" coords="2388,453,2532,480">
<area shape="rect" href="$buffer_8h.html" title="buffer.h" alt="" coords="2033,453,2097,480">
<area shape="rect" href="$genericLink_8h.html" title="../impl/genericLink.h" alt="" coords="2247,304,2385,331">
<area shape="rect" href="$genericBuffer_8h.html" title="genericBuffer.h" alt="" coords="1916,304,2023,331">
<area shape="rect" href="$genericArbiter_8h.html" title="genericArbiter.h" alt="" coords="1577,528,1689,555">
<area shape="rect" href="$simIrisComponentHeader_8h.html" title="../../../util/simIrisComponentHeader.h" alt="" coords="2137,603,2372,629">
<area shape="rect" href="$simulator_8h.html" title="../kernel/simulator.h" alt="" coords="2187,677,2323,704">
