<area shape="rect" href="$classcore__exec__DPM__t.html#4d93e45d3abdeee798dde29f81d060ef" title="core_exec_DPM_t::core_exec_DPM_t" alt="" coords="167,5,409,32">
<area shape="rect" href="$classcore__exec__STM__t.html#257690f2b1f9621a8924e2ad52a59909" title="core_exec_STM_t::core_exec_STM_t" alt="" coords="168,56,408,83">
<area shape="rect" href="$classcore__fetch__DPM__t.html#1fe2d2965710e96547329d7d84fce995" title="core_fetch_DPM_t::core_fetch_DPM_t" alt="" coords="165,107,411,133">
<area shape="rect" href="$classcore__fetch__STM__t.html#aad2a1954e9b2fe513a1cdbe03d23837" title="core_fetch_STM_t::core_fetch_STM_t" alt="" coords="167,157,409,184">
<area shape="rect" href="$classuncore__t.html#e77d4ff919b2a60d9288553573c94143" title="uncore_t::uncore_t" alt="" coords="224,208,352,235">
<area shape="rect" href="$sim_8h.html#7af633ff74aee8f90ea9a610892191ce" title="sim_post_init" alt="" coords="459,208,557,235">
<area shape="rect" href="$manifold__fullsim_8cc.html#0ddf1224851353fc92bfbff6f499fa97" title="main" alt="" coords="607,208,655,235">
