<area shape="rect" href="$sim_8h.html" title="sim.h" alt="" coords="952,80,1005,107">
<area shape="rect" href="$zesto_2stats_8h.html" title="stats.h" alt="" coords="1040,304,1101,331">
<area shape="rect" href="$valcheck_8h.html" title="valcheck.h" alt="" coords="713,80,796,107">
<area shape="rect" href="$zesto-opts_8h.html" title="zesto&#45;opts.h" alt="" coords="1440,229,1533,256">
<area shape="rect" href="$zesto-core_8h.html" title="zesto&#45;core.h" alt="" coords="125,304,219,331">
<area shape="rect" href="$zesto-memdep_8h.html" title="zesto&#45;memdep.h" alt="" coords="449,379,567,405">
<area shape="rect" href="$options_8h.html" title="options.h" alt="" coords="1327,603,1401,629">
<area shape="rect" href="$regs_8h.html" title="regs.h" alt="" coords="284,603,340,629">
<area shape="rect" href="$memory_8h.html" title="memory.h" alt="" coords="719,229,796,256">
<area shape="rect" href="$thread_8h.html" title="thread.h" alt="" coords="685,155,752,181">
<area shape="rect" href="$clock_8h.html" title="../kernel/clock.h" alt="" coords="921,155,1036,181">
<area shape="rect" href="$host_8h.html" title="host.h" alt="" coords="657,677,713,704">
<area shape="rect" href="$machine_8h.html" title="machine.h" alt="" coords="641,453,721,480">
<area shape="rect" href="$eval_8h.html" title="eval.h" alt="" coords="1040,379,1096,405">
<area shape="rect" href="$misc_8h.html" title="misc.h" alt="" coords="429,677,488,704">
<area shape="rect" href="$zesto-structs_8h.html" title="zesto&#45;structs.h" alt="" coords="176,528,283,555">
