<area shape="rect" href="$sim_8h.html" title="sim.h" alt="" coords="713,80,767,107">
<area shape="rect" href="$zesto_2stats_8h.html" title="stats.h" alt="" coords="1024,304,1085,331">
<area shape="rect" href="$valcheck_8h.html" title="valcheck.h" alt="" coords="256,80,339,107">
<area shape="rect" href="$zesto-opts_8h.html" title="zesto&#45;opts.h" alt="" coords="172,229,265,256">
<area shape="rect" href="$zesto-core_8h.html" title="zesto&#45;core.h" alt="" coords="43,304,136,331">
<area shape="rect" href="$zesto-bpred_8h.html" title="zesto&#45;bpred.h" alt="" coords="616,379,715,405">
<area shape="rect" href="$zesto-cache_8h.html" title="zesto&#45;cache.h" alt="" coords="1504,453,1608,480">
<area shape="rect" href="$zesto-prefetch_8h.html" title="zesto&#45;prefetch.h" alt="" coords="1033,379,1148,405">
<area shape="rect" href="$zesto-uncore_8h.html" title="zesto&#45;uncore.h" alt="" coords="2016,304,2123,331">
<area shape="rect" href="$options_8h.html" title="options.h" alt="" coords="212,603,287,629">
<area shape="rect" href="$regs_8h.html" title="regs.h" alt="" coords="549,603,605,629">
<area shape="rect" href="$memory_8h.html" title="memory.h" alt="" coords="708,229,785,256">
<area shape="rect" href="$thread_8h.html" title="thread.h" alt="" coords="707,155,773,181">
<area shape="rect" href="$clock_8h.html" title="../kernel/clock.h" alt="" coords="797,155,912,181">
<area shape="rect" href="$host_8h.html" title="host.h" alt="" coords="1100,677,1156,704">
<area shape="rect" href="$machine_8h.html" title="machine.h" alt="" coords="892,453,972,480">
<area shape="rect" href="$eval_8h.html" title="eval.h" alt="" coords="1185,379,1241,405">
<area shape="rect" href="$misc_8h.html" title="misc.h" alt="" coords="776,677,835,704">
<area shape="rect" href="$zesto-structs_8h.html" title="zesto&#45;structs.h" alt="" coords="464,528,571,555">
<area shape="rect" href="$genericInterfaceVcs_8h.html" title="../simIris/components/impl/genericInterfaceVcs.h" alt="" coords="2636,379,2943,405">
<area shape="rect" href="$genericData_8h.html" title="../../../util/genericData.h" alt="" coords="3147,528,3304,555">
<area shape="rect" href="$highLevelPacket_8h.html" title="../../data_types/impl/highLevelPacket.h" alt="" coords="2107,453,2355,480">
<area shape="rect" href="$processor_8h.html" title="../interfaces/processor.h" alt="" coords="2379,453,2539,480">
<area shape="rect" href="$genericEvents_8h.html" title="genericEvents.h" alt="" coords="3379,528,3493,555">
<area shape="rect" href="$request_8h.html" title="../memctrl/request.h" alt="" coords="1683,379,1821,405">
<area shape="rect" href="$mc__constants_8h.html" title="../util/mc_constants.h" alt="" coords="1835,453,1981,480">
<area shape="rect" href="$irisEvent_8h.html" title="../../data_types/impl/irisEvent.h" alt="" coords="2491,677,2693,704">
<area shape="rect" href="$interface_8h.html" title="../interfaces/interface.h" alt="" coords="2549,528,2704,555">
<area shape="rect" href="$networkComponent_8h.html" title="networkComponent.h" alt="" coords="2445,603,2589,629">
<area shape="rect" href="$buffer_8h.html" title="buffer.h" alt="" coords="2871,603,2935,629">
<area shape="rect" href="$genericLink_8h.html" title="../impl/genericLink.h" alt="" coords="3248,453,3387,480">
<area shape="rect" href="$genericBuffer_8h.html" title="genericBuffer.h" alt="" coords="2864,453,2971,480">
<area shape="rect" href="$genericArbiter_8h.html" title="genericArbiter.h" alt="" coords="3041,677,3153,704">
