<area shape="rect" href="$classcore__fetch__STM__t.html#1a13aa718c8481dabf3f0ad3eeb29438" title="core_fetch_STM_t::reg_stats" alt="" coords="157,5,347,32">
<area shape="rect" href="$classcore__fetch__DPM__t.html#3120bbae6245c8f79968fd92b634077f" title="core_fetch_DPM_t::reg_stats" alt="" coords="156,56,348,83">
<area shape="rect" href="$classcore__decode__STM__t.html#643928aff7a2789ba2f1ea16913085b2" title="core_decode_STM_t::reg_stats" alt="" coords="151,107,353,133">
<area shape="rect" href="$classcore__decode__DPM__t.html#e381f13e08c18aa6a3e2c6830ddb9fe8" title="core_decode_DPM_t::reg_stats" alt="" coords="151,157,353,184">
<area shape="rect" href="$classcore__commit__STM__t.html#80dc96ec7454c0d193c053bfed57b016" title="core_commit_STM_t::reg_stats" alt="" coords="151,208,353,235">
<area shape="rect" href="$classcore__commit__DPM__t.html#c0dabf4754fda813064a450ee55584c5" title="core_commit_DPM_t::reg_stats" alt="" coords="149,259,355,285">
<area shape="rect" href="$classcore__alloc__STM__t.html#ed280d391020da18c3ed3df4369fd0da" title="core_alloc_STM_t::reg_stats" alt="" coords="159,309,345,336">
<area shape="rect" href="$classcore__alloc__DPM__t.html#b344b14b0b0c36c6645b919c8c19fb27" title="core_alloc_DPM_t::reg_stats" alt="" coords="157,360,347,387">
