<area shape="rect" href="$classcore__oracle__t.html#7d71b6dc91df7d7d00820e3aea46f576" title="core_oracle_t::reg_stats" alt="" coords="177,5,337,32">
<area shape="rect" href="$classcore__fetch__STM__t.html#1a13aa718c8481dabf3f0ad3eeb29438" title="core_fetch_STM_t::reg_stats" alt="" coords="163,56,352,83">
<area shape="rect" href="$classcore__fetch__DPM__t.html#3120bbae6245c8f79968fd92b634077f" title="core_fetch_DPM_t::reg_stats" alt="" coords="161,107,353,133">
<area shape="rect" href="$classcore__exec__STM__t.html#ec73191521d5ed4d4b303ff97baab636" title="core_exec_STM_t::reg_stats" alt="" coords="163,157,352,184">
<area shape="rect" href="$classcore__exec__DPM__t.html#a91990c6b68df8151ad572381551c204" title="core_exec_DPM_t::reg_stats" alt="" coords="163,208,352,235">
<area shape="rect" href="$classcore__decode__STM__t.html#643928aff7a2789ba2f1ea16913085b2" title="core_decode_STM_t::reg_stats" alt="" coords="156,259,359,285">
<area shape="rect" href="$classcore__decode__DPM__t.html#e381f13e08c18aa6a3e2c6830ddb9fe8" title="core_decode_DPM_t::reg_stats" alt="" coords="156,309,359,336">
<area shape="rect" href="$classcore__commit__STM__t.html#80dc96ec7454c0d193c053bfed57b016" title="core_commit_STM_t::reg_stats" alt="" coords="156,360,359,387">
<area shape="rect" href="$classcore__commit__DPM__t.html#c0dabf4754fda813064a450ee55584c5" title="core_commit_DPM_t::reg_stats" alt="" coords="155,411,360,437">
<area shape="rect" href="$classcore__alloc__STM__t.html#ed280d391020da18c3ed3df4369fd0da" title="core_alloc_STM_t::reg_stats" alt="" coords="164,461,351,488">
<area shape="rect" href="$classcore__alloc__DPM__t.html#b344b14b0b0c36c6645b919c8c19fb27" title="core_alloc_DPM_t::reg_stats" alt="" coords="163,512,352,539">
<area shape="rect" href="$classuncore__t.html#94e2a60a623b492a5fa2e3b306948ce6" title="uncore_t::uncore_reg_stats" alt="" coords="168,563,347,589">
