<area shape="rect" href="$machine_8h.html" title="machine.h" alt="" coords="1285,80,1365,107">
<area shape="rect" href="$zesto-bpred_8h.html" title="zesto&#45;bpred.h" alt="" coords="2003,379,2101,405">
<area shape="rect" href="$zesto-prefetch_8h.html" title="zesto&#45;prefetch.h" alt="" coords="1385,379,1500,405">
<area shape="rect" href="$zesto-memdep_8h.html" title="zesto&#45;memdep.h" alt="" coords="2112,229,2229,256">
<area shape="rect" href="$zesto-core_8h.html" title="zesto&#45;core.h" alt="" coords="1835,379,1928,405">
<area shape="rect" href="$request_8h.html" title="request.h" alt="" coords="2948,229,3023,256">
<area shape="rect" href="$mesh_8h.html" title="mesh.h" alt="" coords="273,453,337,480">
<area shape="rect" href="$sim-zesto_8cpp.html" title="sim&#45;zesto.cpp" alt="" coords="551,528,655,555">
<area shape="rect" href="$regs_8h.html" title="regs.h" alt="" coords="153,304,209,331">
<area shape="rect" href="$thread_8h.html" title="thread.h" alt="" coords="1069,379,1136,405">
<area shape="rect" href="$loader_8h.html" title="loader.h" alt="" coords="132,453,199,480">
<area shape="rect" href="$syscall_8h.html" title="syscall.h" alt="" coords="604,453,676,480">
<area shape="rect" href="$zesto_2stats_8h.html" title="stats.h" alt="" coords="1143,229,1204,256">
<area shape="rect" href="$memory_8h.html" title="memory.h" alt="" coords="347,304,424,331">
<area shape="rect" href="$eval_8h.html" title="eval.h" alt="" coords="1163,155,1219,181">
<area shape="rect" href="$elf_8h.html" title="elf.h" alt="" coords="1243,155,1288,181">
<area shape="rect" href="$libexo_8h.html" title="libexo.h" alt="" coords="1413,155,1480,181">
<area shape="rect" href="$range_8h.html" title="range.h" alt="" coords="1504,155,1568,181">
<area shape="rect" href="$symbol_8h.html" title="symbol.h" alt="" coords="1592,155,1667,181">
<area shape="rect" href="$genericTPGVcs_8h.html" title="genericTPGVcs.h" alt="" coords="619,379,741,405">
<area shape="rect" href="$mshr_8cc.html" title="mshr.cc" alt="" coords="463,453,529,480">
<area shape="rect" href="$mshr_8h.html" title="mshr.h" alt="" coords="728,304,787,331">
<area shape="rect" href="$NI_8h.html" title="NI.h" alt="" coords="549,379,595,405">
<area shape="rect" href="$request__handler_8h.html" title="request_handler.h" alt="" coords="3165,752,3288,779">
<area shape="rect" href="$manifold__simmc_8cc.html" title="manifold_simmc.cc" alt="" coords="3281,827,3415,853">
<area shape="rect" href="$genericFlatMc_8h.html" title="genericFlatMc.h" alt="" coords="505,304,620,331">
<area shape="rect" href="$zesto-uncore_8h.html" title="zesto&#45;uncore.h" alt="" coords="1704,379,1811,405">
<area shape="rect" href="$channel__handler_8h.html" title="channel_handler.h" alt="" coords="3164,677,3289,704">
<area shape="rect" href="$rank__handler_8h.html" title="rank_handler.h" alt="" coords="3125,603,3229,629">
<area shape="rect" href="$bank__handler_8h.html" title="bank_handler.h" alt="" coords="3040,528,3147,555">
<area shape="rect" href="$addr__map_8h.html" title="addr_map.h" alt="" coords="2963,603,3051,629">
<area shape="rect" href="$bus__handler_8h.html" title="bus_handler.h" alt="" coords="3327,453,3428,480">
<area shape="rect" href="$cmd__issuer_8h.html" title="cmd_issuer.h" alt="" coords="3328,379,3427,405">
<area shape="rect" href="$data__bus__handler_8h.html" title="data_bus_handler.h" alt="" coords="3249,304,3383,331">
<area shape="rect" href="$config_2zesto-cache_8cpp.html" title="zesto&#45;cache.cpp" alt="" coords="1316,453,1433,480">
<area shape="rect" href="$config_2zesto-llc_8cpp.html" title="zesto&#45;llc.cpp" alt="" coords="801,453,897,480">
<area shape="rect" href="$zesto-cache_8cpp.html" title="zesto&#45;cache.cpp" alt="" coords="921,453,1039,480">
<area shape="rect" href="$zesto-decode_8cpp.html" title="zesto&#45;decode.cpp" alt="" coords="1972,453,2095,480">
<area shape="rect" href="$zesto-exec_8cpp.html" title="zesto&#45;exec.cpp" alt="" coords="1601,453,1711,480">
<area shape="rect" href="$zesto-fetch_8cpp.html" title="zesto&#45;fetch.cpp" alt="" coords="1836,453,1948,480">
<area shape="rect" href="$zesto-llc_8cpp.html" title="zesto&#45;llc.cpp" alt="" coords="1063,453,1159,480">
<area shape="rect" href="$zesto-oracle_8cpp.html" title="zesto&#45;oracle.cpp" alt="" coords="1740,528,1857,555">
<area shape="rect" href="$zesto-prefetch_8cpp.html" title="zesto&#45;prefetch.cpp" alt="" coords="2449,453,2577,480">
<area shape="rect" href="$zesto-uncore_8cpp.html" title="zesto&#45;uncore.cpp" alt="" coords="1457,453,1577,480">
<area shape="rect" href="$zesto-alloc_8cpp.html" title="zesto&#45;alloc.cpp" alt="" coords="1183,453,1292,480">
<area shape="rect" href="$zesto-commit_8cpp.html" title="zesto&#45;commit.cpp" alt="" coords="2300,453,2425,480">
<area shape="rect" href="$zesto-bpred_8cpp.html" title="zesto&#45;bpred.cpp" alt="" coords="2703,453,2817,480">
<area shape="rect" href="$zesto-memdep_8cpp.html" title="zesto&#45;memdep.cpp" alt="" coords="2892,453,3023,480">
<area shape="rect" href="$zesto-core_8cpp.html" title="zesto&#45;core.cpp" alt="" coords="2169,453,2276,480">
