<area shape="rect" href="$sim_8h.html" title="sim.h" alt="" coords="1144,80,1197,107">
<area shape="rect" href="$thread_8h.html" title="thread.h" alt="" coords="983,155,1049,181">
<area shape="rect" href="$zesto-core_8h.html" title="zesto&#45;core.h" alt="" coords="5,304,99,331">
<area shape="rect" href="$zesto-opts_8h.html" title="zesto&#45;opts.h" alt="" coords="224,229,317,256">
<area shape="rect" href="$zesto-oracle_8h.html" title="zesto&#45;oracle.h" alt="" coords="1272,80,1376,107">
<area shape="rect" href="$zesto-cache_8h.html" title="zesto&#45;cache.h" alt="" coords="1779,155,1883,181">
<area shape="rect" href="$zesto-fetch_8h.html" title="zesto&#45;fetch.h" alt="" coords="1400,80,1496,107">
<area shape="rect" href="$zesto-decode_8h.html" title="zesto&#45;decode.h" alt="" coords="1520,80,1629,107">
<area shape="rect" href="$zesto-alloc_8h.html" title="zesto&#45;alloc.h" alt="" coords="1653,80,1749,107">
<area shape="rect" href="$zesto-exec_8h.html" title="zesto&#45;exec.h" alt="" coords="1773,80,1869,107">
<area shape="rect" href="$zesto-commit_8h.html" title="zesto&#45;commit.h" alt="" coords="1893,80,2005,107">
<area shape="rect" href="$zesto-bpred_8h.html" title="zesto&#45;bpred.h" alt="" coords="376,379,475,405">
<area shape="rect" href="$options_8h.html" title="options.h" alt="" coords="163,603,237,629">
<area shape="rect" href="$zesto_2stats_8h.html" title="stats.h" alt="" coords="1099,304,1160,331">
<area shape="rect" href="$regs_8h.html" title="regs.h" alt="" coords="819,603,875,629">
<area shape="rect" href="$memory_8h.html" title="memory.h" alt="" coords="977,229,1055,256">
<area shape="rect" href="$clock_8h.html" title="../kernel/clock.h" alt="" coords="1640,155,1755,181">
<area shape="rect" href="$host_8h.html" title="host.h" alt="" coords="1132,677,1188,704">
<area shape="rect" href="$machine_8h.html" title="machine.h" alt="" coords="828,453,908,480">
<area shape="rect" href="$eval_8h.html" title="eval.h" alt="" coords="1104,379,1160,405">
<area shape="rect" href="$misc_8h.html" title="misc.h" alt="" coords="816,677,875,704">
<area shape="rect" href="$zesto-structs_8h.html" title="zesto&#45;structs.h" alt="" coords="325,528,432,555">
