<area shape="rect" href="$thread_8h.html" title="thread.h" alt="" coords="508,155,575,181">
<area shape="rect" href="$options_8h.html" title="options.h" alt="" coords="199,603,273,629">
<area shape="rect" href="$zesto_2stats_8h.html" title="stats.h" alt="" coords="911,304,972,331">
<area shape="rect" href="$zesto-core_8h.html" title="zesto&#45;core.h" alt="" coords="365,80,459,107">
<area shape="rect" href="$zesto-opts_8h.html" title="zesto&#45;opts.h" alt="" coords="195,229,288,256">
<area shape="rect" href="$zesto-cache_8h.html" title="zesto&#45;cache.h" alt="" coords="1367,453,1471,480">
<area shape="rect" href="$zesto-prefetch_8h.html" title="zesto&#45;prefetch.h" alt="" coords="1071,379,1185,405">
<area shape="rect" href="$zesto-uncore_8h.html" title="zesto&#45;uncore.h" alt="" coords="1852,229,1959,256">
<area shape="rect" href="$sim_8h.html" title="sim.h" alt="" coords="651,80,704,107">
<area shape="rect" href="$machine_8h.html" title="machine.h" alt="" coords="1088,453,1168,480">
<area shape="rect" href="$regs_8h.html" title="regs.h" alt="" coords="729,603,785,629">
<area shape="rect" href="$memory_8h.html" title="memory.h" alt="" coords="539,229,616,256">
<area shape="rect" href="$host_8h.html" title="host.h" alt="" coords="696,677,752,704">
<area shape="rect" href="$misc_8h.html" title="misc.h" alt="" coords="895,677,953,704">
<area shape="rect" href="$zesto-structs_8h.html" title="zesto&#45;structs.h" alt="" coords="729,528,836,555">
<area shape="rect" href="$eval_8h.html" title="eval.h" alt="" coords="780,379,836,405">
<area shape="rect" href="$genericInterfaceVcs_8h.html" title="../simIris/components/impl/genericInterfaceVcs.h" alt="" coords="2387,304,2693,331">
<area shape="rect" href="$genericData_8h.html" title="../../../util/genericData.h" alt="" coords="1993,453,2151,480">
<area shape="rect" href="$highLevelPacket_8h.html" title="../../data_types/impl/highLevelPacket.h" alt="" coords="2977,453,3225,480">
<area shape="rect" href="$processor_8h.html" title="../interfaces/processor.h" alt="" coords="2847,379,3007,405">
<area shape="rect" href="$genericEvents_8h.html" title="genericEvents.h" alt="" coords="2225,453,2340,480">
<area shape="rect" href="$request_8h.html" title="../memctrl/request.h" alt="" coords="1584,379,1723,405">
<area shape="rect" href="$mc__constants_8h.html" title="../util/mc_constants.h" alt="" coords="1671,453,1817,480">
<area shape="rect" href="$irisEvent_8h.html" title="../../data_types/impl/irisEvent.h" alt="" coords="2572,603,2775,629">
<area shape="rect" href="$interface_8h.html" title="../interfaces/interface.h" alt="" coords="2596,453,2751,480">
<area shape="rect" href="$networkComponent_8h.html" title="networkComponent.h" alt="" coords="2657,528,2801,555">
<area shape="rect" href="$buffer_8h.html" title="buffer.h" alt="" coords="2485,528,2549,555">
<area shape="rect" href="$genericLink_8h.html" title="../impl/genericLink.h" alt="" coords="2100,379,2239,405">
<area shape="rect" href="$genericBuffer_8h.html" title="genericBuffer.h" alt="" coords="2615,379,2721,405">
<area shape="rect" href="$genericArbiter_8h.html" title="genericArbiter.h" alt="" coords="3300,603,3412,629">
<area shape="rect" href="$simIrisComponentHeader_8h.html" title="../../../util/simIrisComponentHeader.h" alt="" coords="2461,677,2696,704">
<area shape="rect" href="$simulator_8h.html" title="../kernel/simulator.h" alt="" coords="2771,752,2907,779">
<area shape="rect" href="$lowLevelPacket_8h.html" title="lowLevelPacket.h" alt="" coords="3052,603,3175,629">
<area shape="rect" href="$clock_8h.html" title="../kernel/clock.h" alt="" coords="780,155,895,181">
