<area shape="rect" href="$classcore__decode__STM__t.html#625638f540db40ab858ef2831acbee93" title="core_decode_STM_t::check_flush" alt="" coords="175,5,393,32">
<area shape="rect" href="$classcore__decode__STM__t.html#3698253fd5299f38caf182024bb7de28" title="core_decode_STM_t::step" alt="" coords="444,44,617,71">
<area shape="rect" href="$classcore__decode__DPM__t.html#0530ed274d5a254a4ea9fc8756cf926f" title="core_decode_DPM_t::check_flush" alt="" coords="175,107,393,133">
<area shape="rect" href="$classcore__decode__DPM__t.html#49fb30b42b4e7d1a058534397eea92fb" title="core_decode_DPM_t::step" alt="" coords="443,120,619,147">
<area shape="rect" href="$classcore__fetch__STM__t.html#9366aef38f6639d3999c4efb2f2fb8b4" title="core_fetch_STM_t::step" alt="" coords="204,208,364,235">
<area shape="rect" href="$classcore__fetch__DPM__t.html#ea30ffd48743742fc279699c80c0a848" title="core_fetch_DPM_t::step" alt="" coords="203,259,365,285">
<area shape="rect" href="$classcore__commit__STM__t.html#528f84be030a7ec19bf27ac995a64497" title="core_commit_STM_t::step" alt="" coords="196,309,372,336">
<area shape="rect" href="$classcore__commit__DPM__t.html#b3b35af5a3e6aa82d61761a07da5642a" title="core_commit_DPM_t::step" alt="" coords="196,360,372,387">
<area shape="rect" href="$classcore__alloc__STM__t.html#0794c26dd9ccc796bb10554ef4b05dea" title="core_alloc_STM_t::step" alt="" coords="204,411,364,437">
<area shape="rect" href="$classcore__alloc__DPM__t.html#eb90b17b1594783ca05b39f860e75305" title="core_alloc_DPM_t::step" alt="" coords="204,461,364,488">
