<area shape="rect" href="$sim_8h.html" title="sim.h" alt="" coords="893,80,947,107">
<area shape="rect" href="$zesto_2stats_8h.html" title="stats.h" alt="" coords="1056,304,1117,331">
<area shape="rect" href="$valcheck_8h.html" title="valcheck.h" alt="" coords="1072,80,1155,107">
<area shape="rect" href="$zesto-core_8h.html" title="zesto&#45;core.h" alt="" coords="504,304,597,331">
<area shape="rect" href="$zesto-bpred_8h.html" title="zesto&#45;bpred.h" alt="" coords="331,379,429,405">
<area shape="rect" href="$options_8h.html" title="options.h" alt="" coords="1307,603,1381,629">
<area shape="rect" href="$regs_8h.html" title="regs.h" alt="" coords="381,603,437,629">
<area shape="rect" href="$memory_8h.html" title="memory.h" alt="" coords="647,229,724,256">
<area shape="rect" href="$thread_8h.html" title="thread.h" alt="" coords="524,155,591,181">
<area shape="rect" href="$clock_8h.html" title="../kernel/clock.h" alt="" coords="753,155,868,181">
<area shape="rect" href="$host_8h.html" title="host.h" alt="" coords="1039,677,1095,704">
<area shape="rect" href="$machine_8h.html" title="machine.h" alt="" coords="568,453,648,480">
<area shape="rect" href="$eval_8h.html" title="eval.h" alt="" coords="1095,379,1151,405">
<area shape="rect" href="$misc_8h.html" title="misc.h" alt="" coords="315,677,373,704">
<area shape="rect" href="$zesto-structs_8h.html" title="zesto&#45;structs.h" alt="" coords="739,528,845,555">
